Archive member included to satisfy reference by file (symbol)

C:/ST/STM32CubeIDE_1.14.0/STM32CubeIDE/plugins/com.st.stm32cube.ide.mcu.externaltools.gnu-tools-for-stm32.11.3.rel1.win32_1.1.100.202309141235/tools/bin/../lib/gcc/arm-none-eabi/11.3.1/../../../../arm-none-eabi/lib/thumb/v7e-m+fp/hard\libc_nano.a(libc_a-exit.o)
                              C:/ST/STM32CubeIDE_1.14.0/STM32CubeIDE/plugins/com.st.stm32cube.ide.mcu.externaltools.gnu-tools-for-stm32.11.3.rel1.win32_1.1.100.202309141235/tools/bin/../lib/gcc/arm-none-eabi/11.3.1/../../../../arm-none-eabi/lib/thumb/v7e-m+fp/hard/crt0.o (exit)
C:/ST/STM32CubeIDE_1.14.0/STM32CubeIDE/plugins/com.st.stm32cube.ide.mcu.externaltools.gnu-tools-for-stm32.11.3.rel1.win32_1.1.100.202309141235/tools/bin/../lib/gcc/arm-none-eabi/11.3.1/../../../../arm-none-eabi/lib/thumb/v7e-m+fp/hard\libc_nano.a(libc_a-findfp.o)
                              C:/ST/STM32CubeIDE_1.14.0/STM32CubeIDE/plugins/com.st.stm32cube.ide.mcu.externaltools.gnu-tools-for-stm32.11.3.rel1.win32_1.1.100.202309141235/tools/bin/../lib/gcc/arm-none-eabi/11.3.1/../../../../arm-none-eabi/lib/thumb/v7e-m+fp/hard\libc_nano.a(libc_a-exit.o) (__stdio_exit_handler)
C:/ST/STM32CubeIDE_1.14.0/STM32CubeIDE/plugins/com.st.stm32cube.ide.mcu.externaltools.gnu-tools-for-stm32.11.3.rel1.win32_1.1.100.202309141235/tools/bin/../lib/gcc/arm-none-eabi/11.3.1/../../../../arm-none-eabi/lib/thumb/v7e-m+fp/hard\libc_nano.a(libc_a-fwalk.o)
                              C:/ST/STM32CubeIDE_1.14.0/STM32CubeIDE/plugins/com.st.stm32cube.ide.mcu.externaltools.gnu-tools-for-stm32.11.3.rel1.win32_1.1.100.202309141235/tools/bin/../lib/gcc/arm-none-eabi/11.3.1/../../../../arm-none-eabi/lib/thumb/v7e-m+fp/hard\libc_nano.a(libc_a-findfp.o) (_fwalk_sglue)
C:/ST/STM32CubeIDE_1.14.0/STM32CubeIDE/plugins/com.st.stm32cube.ide.mcu.externaltools.gnu-tools-for-stm32.11.3.rel1.win32_1.1.100.202309141235/tools/bin/../lib/gcc/arm-none-eabi/11.3.1/../../../../arm-none-eabi/lib/thumb/v7e-m+fp/hard\libc_nano.a(libc_a-stdio.o)
                              C:/ST/STM32CubeIDE_1.14.0/STM32CubeIDE/plugins/com.st.stm32cube.ide.mcu.externaltools.gnu-tools-for-stm32.11.3.rel1.win32_1.1.100.202309141235/tools/bin/../lib/gcc/arm-none-eabi/11.3.1/../../../../arm-none-eabi/lib/thumb/v7e-m+fp/hard\libc_nano.a(libc_a-findfp.o) (__sread)
C:/ST/STM32CubeIDE_1.14.0/STM32CubeIDE/plugins/com.st.stm32cube.ide.mcu.externaltools.gnu-tools-for-stm32.11.3.rel1.win32_1.1.100.202309141235/tools/bin/../lib/gcc/arm-none-eabi/11.3.1/../../../../arm-none-eabi/lib/thumb/v7e-m+fp/hard\libc_nano.a(libc_a-memset.o)
                              C:/ST/STM32CubeIDE_1.14.0/STM32CubeIDE/plugins/com.st.stm32cube.ide.mcu.externaltools.gnu-tools-for-stm32.11.3.rel1.win32_1.1.100.202309141235/tools/bin/../lib/gcc/arm-none-eabi/11.3.1/../../../../arm-none-eabi/lib/thumb/v7e-m+fp/hard/crt0.o (memset)
C:/ST/STM32CubeIDE_1.14.0/STM32CubeIDE/plugins/com.st.stm32cube.ide.mcu.externaltools.gnu-tools-for-stm32.11.3.rel1.win32_1.1.100.202309141235/tools/bin/../lib/gcc/arm-none-eabi/11.3.1/../../../../arm-none-eabi/lib/thumb/v7e-m+fp/hard\libc_nano.a(libc_a-closer.o)
                              C:/ST/STM32CubeIDE_1.14.0/STM32CubeIDE/plugins/com.st.stm32cube.ide.mcu.externaltools.gnu-tools-for-stm32.11.3.rel1.win32_1.1.100.202309141235/tools/bin/../lib/gcc/arm-none-eabi/11.3.1/../../../../arm-none-eabi/lib/thumb/v7e-m+fp/hard\libc_nano.a(libc_a-stdio.o) (_close_r)
C:/ST/STM32CubeIDE_1.14.0/STM32CubeIDE/plugins/com.st.stm32cube.ide.mcu.externaltools.gnu-tools-for-stm32.11.3.rel1.win32_1.1.100.202309141235/tools/bin/../lib/gcc/arm-none-eabi/11.3.1/../../../../arm-none-eabi/lib/thumb/v7e-m+fp/hard\libc_nano.a(libc_a-reent.o)
                              C:/ST/STM32CubeIDE_1.14.0/STM32CubeIDE/plugins/com.st.stm32cube.ide.mcu.externaltools.gnu-tools-for-stm32.11.3.rel1.win32_1.1.100.202309141235/tools/bin/../lib/gcc/arm-none-eabi/11.3.1/../../../../arm-none-eabi/lib/thumb/v7e-m+fp/hard\libc_nano.a(libc_a-closer.o) (errno)
C:/ST/STM32CubeIDE_1.14.0/STM32CubeIDE/plugins/com.st.stm32cube.ide.mcu.externaltools.gnu-tools-for-stm32.11.3.rel1.win32_1.1.100.202309141235/tools/bin/../lib/gcc/arm-none-eabi/11.3.1/../../../../arm-none-eabi/lib/thumb/v7e-m+fp/hard\libc_nano.a(libc_a-impure.o)
                              C:/ST/STM32CubeIDE_1.14.0/STM32CubeIDE/plugins/com.st.stm32cube.ide.mcu.externaltools.gnu-tools-for-stm32.11.3.rel1.win32_1.1.100.202309141235/tools/bin/../lib/gcc/arm-none-eabi/11.3.1/../../../../arm-none-eabi/lib/thumb/v7e-m+fp/hard\libc_nano.a(libc_a-reent.o) (_impure_ptr)
C:/ST/STM32CubeIDE_1.14.0/STM32CubeIDE/plugins/com.st.stm32cube.ide.mcu.externaltools.gnu-tools-for-stm32.11.3.rel1.win32_1.1.100.202309141235/tools/bin/../lib/gcc/arm-none-eabi/11.3.1/../../../../arm-none-eabi/lib/thumb/v7e-m+fp/hard\libc_nano.a(libc_a-lseekr.o)
[...]
Memory Configuration

Name             Origin             Length             Attributes
RAM              0x0000000020000000 0x0000000000008000 xrw
FLASH            0x0000000008000000 0x0000000000020000 xr
*default*        0x0000000000000000 0xffffffffffffffff

Linker script and memory map

LOAD C:/ST/STM32CubeIDE_1.14.0/STM32CubeIDE/plugins/com.st.stm32cube.ide.mcu.externaltools.gnu-tools-for-stm32.11.3.rel1.win32_1.1.100.202309141235/tools/bin/../lib/gcc/arm-none-eabi/11.3.1/thumb/v7e-m+fp/hard/crti.o
LOAD C:/ST/STM32CubeIDE_1.14.0/STM32CubeIDE/plugins/com.st.stm32cube.ide.mcu.externaltools.gnu-tools-for-stm32.11.3.rel1.win32_1.1.100.202309141235/tools/bin/../lib/gcc/arm-none-eabi/11.3.1/thumb/v7e-m+fp/hard/crtbegin.o
LOAD C:/ST/STM32CubeIDE_1.14.0/STM32CubeIDE/plugins/com.st.stm32cube.ide.mcu.externaltools.gnu-tools-for-stm32.11.3.rel1.win32_1.1.100.202309141235/tools/bin/../lib/gcc/arm-none-eabi/11.3.1/../../../../arm-none-eabi/lib/thumb/v7e-m+fp/hard/crt0.o
LOAD ./Core/Src/can_usb.o
LOAD ./Core/Src/cobs.o
LOAD ./Core/Src/led.o
LOAD ./Core/Src/main.o
LOAD ./Core/Src/stm32f3xx_hal_msp.o
LOAD ./Core/Src/stm32f3xx_it.o
LOAD ./Core/Src/syscalls.o
LOAD ./Core/Src/sysmem.o
LOAD ./Core/Src/system_stm32f3xx.o
LOAD ./Core/Src/usbcan_main.o
LOAD ./Core/Src/user_if.o
LOAD ./Core/Startup/startup_stm32f302cbtx.o
LOAD ./Drivers/STM32F3xx_HAL_Driver/Src/stm32f3xx_hal.o
LOAD ./Drivers/STM32F3xx_HAL_Driver/Src/stm32f3xx_hal_can.o
LOAD ./Drivers/STM32F3xx_HAL_Driver/Src/stm32f3xx_hal_cortex.o
LOAD ./Drivers/STM32F3xx_HAL_Driver/Src/stm32f3xx_hal_dma.o
LOAD ./Drivers/STM32F3xx_HAL_Driver/Src/stm32f3xx_hal_exti.o
LOAD ./Drivers/STM32F3xx_HAL_Driver/Src/stm32f3xx_hal_flash.o
LOAD ./Drivers/STM32F3xx_HAL_Driver/Src/stm32f3xx_hal_flash_ex.o
LOAD ./Drivers/STM32F3xx_HAL_Driver/Src/stm32f3xx_hal_gpio.o
LOAD ./Drivers/STM32F3xx_HAL_Driver/Src/stm32f3xx_hal_i2c.o
LOAD ./Drivers/STM32F3xx_HAL_Driver/Src/stm32f3xx_hal_i2c_ex.o
LOAD ./Drivers/STM32F3xx_HAL_Driver/Src/stm32f3xx_hal_pcd.o
LOAD ./Drivers/STM32F3xx_HAL_Driver/Src/stm32f3xx_hal_pcd_ex.o
LOAD ./Drivers/STM32F3xx_HAL_Driver/Src/stm32f3xx_hal_pwr.o
LOAD ./Drivers/STM32F3xx_HAL_Driver/Src/stm32f3xx_hal_pwr_ex.o
LOAD ./Drivers/STM32F3xx_HAL_Driver/Src/stm32f3xx_hal_rcc.o
LOAD ./Drivers/STM32F3xx_HAL_Driver/Src/stm32f3xx_hal_rcc_ex.o
LOAD ./Drivers/STM32F3xx_HAL_Driver/Src/stm32f3xx_hal_tim.o
LOAD ./Drivers/STM32F3xx_HAL_Driver/Src/stm32f3xx_hal_tim_ex.o
LOAD ./Drivers/STM32F3xx_HAL_Driver/Src/stm32f3xx_ll_usb.o
LOAD ./Middlewares/ST/STM32_USB_Device_Library/Class/CDC/Src/usbd_cdc.o
LOAD ./Middlewares/ST/STM32_USB_Device_Library/Core/Src/usbd_core.o
LOAD ./Middlewares/ST/STM32_USB_Device_Library/Core/Src/usbd_ctlreq.o
LOAD ./Middlewares/ST/STM32_USB_Device_Library/Core/Src/usbd_ioreq.o
LOAD ./USB_DEVICE/App/usb_device.o
LOAD ./USB_DEVICE/App/usbd_cdc_if.o
LOAD ./USB_DEVICE/App/usbd_desc.o
LOAD ./USB_DEVICE/Target/usbd_conf.o
START GROUP
LOAD C:/ST/STM32CubeIDE_1.14.0/STM32CubeIDE/plugins/com.st.stm32cube.ide.mcu.externaltools.gnu-tools-for-stm32.11.3.rel1.win32_1.1.100.202309141235/tools/bin/../lib/gcc/arm-none-eabi/11.3.1/../../../../arm-none-eabi/lib/thumb/v7e-m+fp/hard\libstdc++_nano.a
LOAD C:/ST/STM32CubeIDE_1.14.0/STM32CubeIDE/plugins/com.st.stm32cube.ide.mcu.externaltools.gnu-tools-for-stm32.11.3.rel1.win32_1.1.100.202309141235/tools/bin/../lib/gcc/arm-none-eabi/11.3.1/../../../../arm-none-eabi/lib/thumb/v7e-m+fp/hard\libsupc++_nano.a
END GROUP
LOAD C:/ST/STM32CubeIDE_1.14.0/STM32CubeIDE/plugins/com.st.stm32cube.ide.mcu.externaltools.gnu-tools-for-stm32.11.3.rel1.win32_1.1.100.202309141235/tools/bin/../lib/gcc/arm-none-eabi/11.3.1/../../../../arm-none-eabi/lib/thumb/v7e-m+fp/hard\libstdc++_nano.a
LOAD C:/ST/STM32CubeIDE_1.14.0/STM32CubeIDE/plugins/com.st.stm32cube.ide.mcu.externaltools.gnu-tools-for-stm32.11.3.rel1.win32_1.1.100.202309141235/tools/bin/../lib/gcc/arm-none-eabi/11.3.1/../../../../arm-none-eabi/lib/thumb/v7e-m+fp/hard\libm.a
LOAD C:/ST/STM32CubeIDE_1.14.0/STM32CubeIDE/plugins/com.st.stm32cube.ide.mcu.externaltools.gnu-tools-for-stm32.11.3.rel1.win32_1.1.100.202309141235/tools/bin/../lib/gcc/arm-none-eabi/11.3.1/../../../../arm-none-eabi/lib/thumb/v7e-m+fp/hard\libc_nano.a
START GROUP
LOAD C:/ST/STM32CubeIDE_1.14.0/STM32CubeIDE/plugins/com.st.stm32cube.ide.mcu.externaltools.gnu-tools-for-stm32.11.3.rel1.win32_1.1.100.202309141235/tools/bin/../lib/gcc/arm-none-eabi/11.3.1/thumb/v7e-m+fp/hard\libgcc.a
LOAD C:/ST/STM32CubeIDE_1.14.0/STM32CubeIDE/plugins/com.st.stm32cube.ide.mcu.externaltools.gnu-tools-for-stm32.11.3.rel1.win32_1.1.100.202309141235/tools/bin/../lib/gcc/arm-none-eabi/11.3.1/../../../../arm-none-eabi/lib/thumb/v7e-m+fp/hard\libc_nano.a
END GROUP
START GROUP
LOAD C:/ST/STM32CubeIDE_1.14.0/STM32CubeIDE/plugins/com.st.stm32cube.ide.mcu.externaltools.gnu-tools-for-stm32.11.3.rel1.win32_1.1.100.202309141235/tools/bin/../lib/gcc/arm-none-eabi/11.3.1/thumb/v7e-m+fp/hard\libgcc.a
LOAD C:/ST/STM32CubeIDE_1.14.0/STM32CubeIDE/plugins/com.st.stm32cube.ide.mcu.externaltools.gnu-tools-for-stm32.11.3.rel1.win32_1.1.100.202309141235/tools/bin/../lib/gcc/arm-none-eabi/11.3.1/../../../../arm-none-eabi/lib/thumb/v7e-m+fp/hard\libc_nano.a
LOAD C:/ST/STM32CubeIDE_1.14.0/STM32CubeIDE/plugins/com.st.stm32cube.ide.mcu.externaltools.gnu-tools-for-stm32.11.3.rel1.win32_1.1.100.202309141235/tools/bin/../lib/gcc/arm-none-eabi/11.3.1/../../../../arm-none-eabi/lib/thumb/v7e-m+fp/hard\libnosys.a
END GROUP
START GROUP
LOAD C:/ST/STM32CubeIDE_1.14.0/STM32CubeIDE/plugins/com.st.stm32cube.ide.mcu.externaltools.gnu-tools-for-stm32.11.3.rel1.win32_1.1.100.202309141235/tools/bin/../lib/gcc/arm-none-eabi/11.3.1/thumb/v7e-m+fp/hard\libgcc.a
LOAD C:/ST/STM32CubeIDE_1.14.0/STM32CubeIDE/plugins/com.st.stm32cube.ide.mcu.externaltools.gnu-tools-for-stm32.11.3.rel1.win32_1.1.100.202309141235/tools/bin/../lib/gcc/arm-none-eabi/11.3.1/../../../../arm-none-eabi/lib/thumb/v7e-m+fp/hard\libc_nano.a
LOAD C:/ST/STM32CubeIDE_1.14.0/STM32CubeIDE/plugins/com.st.stm32cube.ide.mcu.externaltools.gnu-tools-for-stm32.11.3.rel1.win32_1.1.100.202309141235/tools/bin/../lib/gcc/arm-none-eabi/11.3.1/../../../../arm-none-eabi/lib/thumb/v7e-m+fp/hard\libnosys.a
END GROUP
LOAD C:/ST/STM32CubeIDE_1.14.0/STM32CubeIDE/plugins/com.st.stm32cube.ide.mcu.externaltools.gnu-tools-for-stm32.11.3.rel1.win32_1.1.100.202309141235/tools/bin/../lib/gcc/arm-none-eabi/11.3.1/thumb/v7e-m+fp/hard/crtend.o
LOAD C:/ST/STM32CubeIDE_1.14.0/STM32CubeIDE/plugins/com.st.stm32cube.ide.mcu.externaltools.gnu-tools-for-stm32.11.3.rel1.win32_1.1.100.202309141235/tools/bin/../lib/gcc/arm-none-eabi/11.3.1/thumb/v7e-m+fp/hard/crtn.o
                0x0000000020008000                _estack = (ORIGIN (RAM) + LENGTH (RAM))
                0x0000000000000200                _Min_Heap_Size = 0x200
                0x0000000000000400                _Min_Stack_Size = 0x400

.isr_vector     0x0000000008000000      0x188
                0x0000000008000000                . = ALIGN (0x4)
 *(.isr_vector)
 .isr_vector    0x0000000008000000      0x188 ./Core/Startup/startup_stm32f302cbtx.o
                0x0000000008000000                g_pfnVectors
                0x0000000008000188                . = ALIGN (0x4)

.text           0x0000000008000188     0x9a30
                0x0000000008000188                . = ALIGN (0x4)
 *(.text)
 .text          0x0000000008000188       0x40 C:/ST/STM32CubeIDE_1.14.0/STM32CubeIDE/plugins/com.st.stm32cube.ide.mcu.externaltools.gnu-tools-for-stm32.11.3.rel1.win32_1.1.100.202309141235/tools/bin/../lib/gcc/arm-none-eabi/11.3.1/thumb/v7e-m+fp/hard/crtbegin.o
 *(.text*)
 .text._ZN6Buffer9setBufferEPh
                0x00000000080001c8       0x7e ./Core/Src/can_usb.o
                0x00000000080001c8                Buffer::setBuffer(unsigned char*)
 .text._ZN6BufferC2Ev
                0x0000000008000246       0x3a ./Core/Src/can_usb.o
                0x0000000008000246                Buffer::Buffer()
                0x0000000008000246                Buffer::Buffer()
 .text.usb_process
                0x0000000008000280       0x40 ./Core/Src/can_usb.o
                0x0000000008000280                usb_process
 .text.can_process
                0x00000000080002c0       0xe6 ./Core/Src/can_usb.o
                0x00000000080002c0                can_process
 *fill*         0x00000000080003a6        0x2 
 .text._Z10usb_to_canPhh
                0x00000000080003a8       0xf4 ./Core/Src/can_usb.o
                0x00000000080003a8                usb_to_can(unsigned char*, unsigned char)
 .text._Z41__static_initialization_and_destruction_0ii
                0x000000000800049c       0x2c ./Core/Src/can_usb.o
 .text._GLOBAL__sub_I_buffer
                0x00000000080004c8       0x10 ./Core/Src/can_usb.o
 .text.cobs_encode
                0x00000000080004d8       0x7c ./Core/Src/cobs.o
                0x00000000080004d8                cobs_encode
 .text.led_on   0x0000000008000554       0x58 ./Core/Src/led.o
                0x0000000008000554                led_on
 .text.led_process
                0x00000000080005ac       0x70 ./Core/Src/led.o
                0x00000000080005ac                led_process
 .text.main     0x000000000800061c       0x94 ./Core/Src/main.o
                0x000000000800061c                main
 .text.SystemClock_Config
                0x00000000080006b0       0xb6 ./Core/Src/main.o
                0x00000000080006b0                SystemClock_Config
 *fill*         0x0000000008000766        0x2 
 .text.MX_CAN_Init
                0x0000000008000768       0x6c ./Core/Src/main.o
 .text.MX_GPIO_Init
                0x00000000080007d4       0xf0 ./Core/Src/main.o
 .text.Error_Handler
                0x00000000080008c4       0x18 ./Core/Src/main.o
                0x00000000080008c4                Error_Handler
 .text.HAL_MspInit
                0x00000000080008dc       0x48 ./Core/Src/stm32f3xx_hal_msp.o
                0x00000000080008dc                HAL_MspInit
 .text.HAL_CAN_MspInit
                0x0000000008000924       0x98 ./Core/Src/stm32f3xx_hal_msp.o
                0x0000000008000924                HAL_CAN_MspInit
 .text.NMI_Handler
                0x00000000080009bc        0x6 ./Core/Src/stm32f3xx_it.o
                0x00000000080009bc                NMI_Handler
 .text.HardFault_Handler
                0x00000000080009c2        0x6 ./Core/Src/stm32f3xx_it.o
                0x00000000080009c2                HardFault_Handler
 .text.MemManage_Handler
                0x00000000080009c8        0x6 ./Core/Src/stm32f3xx_it.o
                0x00000000080009c8                MemManage_Handler
 .text.BusFault_Handler
                0x00000000080009ce        0x6 ./Core/Src/stm32f3xx_it.o
                0x00000000080009ce                BusFault_Handler
 .text.UsageFault_Handler
                0x00000000080009d4        0x6 ./Core/Src/stm32f3xx_it.o
                0x00000000080009d4                UsageFault_Handler
 .text.SVC_Handler
                0x00000000080009da        0xe ./Core/Src/stm32f3xx_it.o
                0x00000000080009da                SVC_Handler
 .text.DebugMon_Handler
                0x00000000080009e8        0xe ./Core/Src/stm32f3xx_it.o
                0x00000000080009e8                DebugMon_Handler
 .text.PendSV_Handler
                0x00000000080009f6        0xe ./Core/Src/stm32f3xx_it.o
                0x00000000080009f6                PendSV_Handler
 .text.SysTick_Handler
                0x0000000008000a04        0xc ./Core/Src/stm32f3xx_it.o
                0x0000000008000a04                SysTick_Handler
 .text.EXTI1_IRQHandler
                0x0000000008000a10        0xe ./Core/Src/stm32f3xx_it.o
                0x0000000008000a10                EXTI1_IRQHandler
 *fill*         0x0000000008000a1e        0x2 
 .text.USB_LP_CAN_RX0_IRQHandler
                0x0000000008000a20       0x14 ./Core/Src/stm32f3xx_it.o
                0x0000000008000a20                USB_LP_CAN_RX0_IRQHandler
 .text.USB_LP_IRQHandler
                0x0000000008000a34       0x14 ./Core/Src/stm32f3xx_it.o
                0x0000000008000a34                USB_LP_IRQHandler
 .text.SystemInit
                0x0000000008000a48       0x24 ./Core/Src/system_stm32f3xx.o
                0x0000000008000a48                SystemInit
 .text._ZN6Buffer6resendER19__CAN_HandleTypeDef
                0x0000000008000a6c      0x196 ./Core/Src/usbcan_main.o
                0x0000000008000a6c                Buffer::resend(__CAN_HandleTypeDef&)
 *fill*         0x0000000008000c02        0x2 
 .text.main_cpp
                0x0000000008000c04       0xd0 ./Core/Src/usbcan_main.o
                0x0000000008000c04                main_cpp
 .text.HAL_CAN_RxFifo0MsgPendingCallback
                0x0000000008000cd4       0x38 ./Core/Src/user_if.o
                0x0000000008000cd4                HAL_CAN_RxFifo0MsgPendingCallback
 .text.HAL_GPIO_EXTI_Callback
                0x0000000008000d0c       0x48 ./Core/Src/user_if.o
                0x0000000008000d0c                HAL_GPIO_EXTI_Callback
 .text.Reset_Handler
                0x0000000008000d54       0x50 ./Core/Startup/startup_stm32f302cbtx.o
                0x0000000008000d54                Reset_Handler
 .text.Default_Handler
                0x0000000008000da4        0x2 ./Core/Startup/startup_stm32f302cbtx.o
                0x0000000008000da4                RTC_Alarm_IRQHandler
                0x0000000008000da4                TIM1_CC_IRQHandler
                0x0000000008000da4                USB_HP_IRQHandler
                0x0000000008000da4                PVD_IRQHandler
                0x0000000008000da4                TAMP_STAMP_IRQHandler
                0x0000000008000da4                EXTI3_IRQHandler
                0x0000000008000da4                USB_HP_CAN_TX_IRQHandler
                0x0000000008000da4                EXTI0_IRQHandler
                0x0000000008000da4                I2C2_EV_IRQHandler
                0x0000000008000da4                FPU_IRQHandler
                0x0000000008000da4                TIM1_UP_TIM16_IRQHandler
                0x0000000008000da4                ADC1_2_IRQHandler
                0x0000000008000da4                SPI1_IRQHandler
                0x0000000008000da4                CAN_SCE_IRQHandler
                0x0000000008000da4                TIM6_DAC_IRQHandler
                0x0000000008000da4                DMA2_Channel2_IRQHandler
                0x0000000008000da4                DMA1_Channel4_IRQHandler
                0x0000000008000da4                USART3_IRQHandler
                0x0000000008000da4                DMA1_Channel7_IRQHandler
                0x0000000008000da4                UART5_IRQHandler
                0x0000000008000da4                TIM4_IRQHandler
                0x0000000008000da4                CAN_RX1_IRQHandler
                0x0000000008000da4                DMA2_Channel1_IRQHandler
                0x0000000008000da4                I2C1_EV_IRQHandler
                0x0000000008000da4                DMA1_Channel6_IRQHandler
                0x0000000008000da4                UART4_IRQHandler
                0x0000000008000da4                DMA2_Channel4_IRQHandler
                0x0000000008000da4                TIM3_IRQHandler
                0x0000000008000da4                RCC_IRQHandler
                0x0000000008000da4                DMA1_Channel1_IRQHandler
                0x0000000008000da4                Default_Handler
                0x0000000008000da4                USBWakeUp_RMP_IRQHandler
                0x0000000008000da4                EXTI15_10_IRQHandler
                0x0000000008000da4                EXTI9_5_IRQHandler
                0x0000000008000da4                RTC_WKUP_IRQHandler
                0x0000000008000da4                SPI2_IRQHandler
                0x0000000008000da4                DMA2_Channel5_IRQHandler
                0x0000000008000da4                DMA1_Channel5_IRQHandler
                0x0000000008000da4                EXTI4_IRQHandler
                0x0000000008000da4                COMP1_2_IRQHandler
                0x0000000008000da4                TIM1_TRG_COM_TIM17_IRQHandler
                0x0000000008000da4                DMA1_Channel3_IRQHandler
                0x0000000008000da4                WWDG_IRQHandler
                0x0000000008000da4                TIM2_IRQHandler
                0x0000000008000da4                COMP4_6_IRQHandler
                0x0000000008000da4                USART2_IRQHandler
                0x0000000008000da4                I2C2_ER_IRQHandler
                0x0000000008000da4                DMA1_Channel2_IRQHandler
                0x0000000008000da4                FLASH_IRQHandler
                0x0000000008000da4                USART1_IRQHandler
                0x0000000008000da4                SPI3_IRQHandler
                0x0000000008000da4                I2C1_ER_IRQHandler
                0x0000000008000da4                USBWakeUp_IRQHandler
                0x0000000008000da4                DMA2_Channel3_IRQHandler
                0x0000000008000da4                EXTI2_TSC_IRQHandler
                0x0000000008000da4                TIM1_BRK_TIM15_IRQHandler
 *fill*         0x0000000008000da6        0x2 
 .text.HAL_Init
                0x0000000008000da8       0x2c ./Drivers/STM32F3xx_HAL_Driver/Src/stm32f3xx_hal.o
                0x0000000008000da8                HAL_Init
 .text.HAL_InitTick
                0x0000000008000dd4       0x60 ./Drivers/STM32F3xx_HAL_Driver/Src/stm32f3xx_hal.o
                0x0000000008000dd4                HAL_InitTick
 .text.HAL_IncTick
                0x0000000008000e34       0x28 ./Drivers/STM32F3xx_HAL_Driver/Src/stm32f3xx_hal.o
                0x0000000008000e34                HAL_IncTick
 .text.HAL_GetTick
                0x0000000008000e5c       0x18 ./Drivers/STM32F3xx_HAL_Driver/Src/stm32f3xx_hal.o
                0x0000000008000e5c                HAL_GetTick
 .text.HAL_CAN_Init
                0x0000000008000e74      0x1f6 ./Drivers/STM32F3xx_HAL_Driver/Src/stm32f3xx_hal_can.o
                0x0000000008000e74                HAL_CAN_Init
 .text.HAL_CAN_ConfigFilter
                0x000000000800106a      0x194 ./Drivers/STM32F3xx_HAL_Driver/Src/stm32f3xx_hal_can.o
                0x000000000800106a                HAL_CAN_ConfigFilter
 .text.HAL_CAN_Start
                0x00000000080011fe       0x88 ./Drivers/STM32F3xx_HAL_Driver/Src/stm32f3xx_hal_can.o
                0x00000000080011fe                HAL_CAN_Start
 .text.HAL_CAN_AddTxMessage
                0x0000000008001286      0x1a0 ./Drivers/STM32F3xx_HAL_Driver/Src/stm32f3xx_hal_can.o
                0x0000000008001286                HAL_CAN_AddTxMessage
 .text.HAL_CAN_GetTxMailboxesFreeLevel
                0x0000000008001426       0x6a ./Drivers/STM32F3xx_HAL_Driver/Src/stm32f3xx_hal_can.o
                0x0000000008001426                HAL_CAN_GetTxMailboxesFreeLevel
 .text.HAL_CAN_GetRxMessage
                0x0000000008001490      0x244 ./Drivers/STM32F3xx_HAL_Driver/Src/stm32f3xx_hal_can.o
                0x0000000008001490                HAL_CAN_GetRxMessage
 .text.HAL_CAN_ActivateNotification
                0x00000000080016d4       0x4c ./Drivers/STM32F3xx_HAL_Driver/Src/stm32f3xx_hal_can.o
                0x00000000080016d4                HAL_CAN_ActivateNotification
 .text.HAL_CAN_IRQHandler
                0x0000000008001720      0x36e ./Drivers/STM32F3xx_HAL_Driver/Src/stm32f3xx_hal_can.o
                0x0000000008001720                HAL_CAN_IRQHandler
 .text.HAL_CAN_TxMailbox0CompleteCallback
                0x0000000008001a8e       0x14 ./Drivers/STM32F3xx_HAL_Driver/Src/stm32f3xx_hal_can.o
                0x0000000008001a8e                HAL_CAN_TxMailbox0CompleteCallback
 .text.HAL_CAN_TxMailbox1CompleteCallback
                0x0000000008001aa2       0x14 ./Drivers/STM32F3xx_HAL_Driver/Src/stm32f3xx_hal_can.o
                0x0000000008001aa2                HAL_CAN_TxMailbox1CompleteCallback
 .text.HAL_CAN_TxMailbox2CompleteCallback
                0x0000000008001ab6       0x14 ./Drivers/STM32F3xx_HAL_Driver/Src/stm32f3xx_hal_can.o
                0x0000000008001ab6                HAL_CAN_TxMailbox2CompleteCallback
 .text.HAL_CAN_TxMailbox0AbortCallback
                0x0000000008001aca       0x14 ./Drivers/STM32F3xx_HAL_Driver/Src/stm32f3xx_hal_can.o
                0x0000000008001aca                HAL_CAN_TxMailbox0AbortCallback
 .text.HAL_CAN_TxMailbox1AbortCallback
                0x0000000008001ade       0x14 ./Drivers/STM32F3xx_HAL_Driver/Src/stm32f3xx_hal_can.o
                0x0000000008001ade                HAL_CAN_TxMailbox1AbortCallback
 .text.HAL_CAN_TxMailbox2AbortCallback
                0x0000000008001af2       0x14 ./Drivers/STM32F3xx_HAL_Driver/Src/stm32f3xx_hal_can.o
                0x0000000008001af2                HAL_CAN_TxMailbox2AbortCallback
 .text.HAL_CAN_RxFifo0FullCallback
                0x0000000008001b06       0x14 ./Drivers/STM32F3xx_HAL_Driver/Src/stm32f3xx_hal_can.o
                0x0000000008001b06                HAL_CAN_RxFifo0FullCallback
 .text.HAL_CAN_RxFifo1MsgPendingCallback
                0x0000000008001b1a       0x14 ./Drivers/STM32F3xx_HAL_Driver/Src/stm32f3xx_hal_can.o
                0x0000000008001b1a                HAL_CAN_RxFifo1MsgPendingCallback
 .text.HAL_CAN_RxFifo1FullCallback
                0x0000000008001b2e       0x14 ./Drivers/STM32F3xx_HAL_Driver/Src/stm32f3xx_hal_can.o
                0x0000000008001b2e                HAL_CAN_RxFifo1FullCallback
 .text.HAL_CAN_SleepCallback
                0x0000000008001b42       0x14 ./Drivers/STM32F3xx_HAL_Driver/Src/stm32f3xx_hal_can.o
                0x0000000008001b42                HAL_CAN_SleepCallback
 .text.HAL_CAN_WakeUpFromRxMsgCallback
                0x0000000008001b56       0x14 ./Drivers/STM32F3xx_HAL_Driver/Src/stm32f3xx_hal_can.o
                0x0000000008001b56                HAL_CAN_WakeUpFromRxMsgCallback
 .text.HAL_CAN_ErrorCallback
                0x0000000008001b6a       0x14 ./Drivers/STM32F3xx_HAL_Driver/Src/stm32f3xx_hal_can.o
                0x0000000008001b6a                HAL_CAN_ErrorCallback
 *fill*         0x0000000008001b7e        0x2 
 .text.__NVIC_SetPriorityGrouping
                0x0000000008001b80       0x48 ./Drivers/STM32F3xx_HAL_Driver/Src/stm32f3xx_hal_cortex.o
 .text.__NVIC_GetPriorityGrouping
                0x0000000008001bc8       0x1c ./Drivers/STM32F3xx_HAL_Driver/Src/stm32f3xx_hal_cortex.o
 .text.__NVIC_EnableIRQ
                0x0000000008001be4       0x3c ./Drivers/STM32F3xx_HAL_Driver/Src/stm32f3xx_hal_cortex.o
 .text.__NVIC_SetPriority
                0x0000000008001c20       0x54 ./Drivers/STM32F3xx_HAL_Driver/Src/stm32f3xx_hal_cortex.o
 .text.NVIC_EncodePriority
                0x0000000008001c74       0x66 ./Drivers/STM32F3xx_HAL_Driver/Src/stm32f3xx_hal_cortex.o
 *fill*         0x0000000008001cda        0x2 
 .text.SysTick_Config
                0x0000000008001cdc       0x44 ./Drivers/STM32F3xx_HAL_Driver/Src/stm32f3xx_hal_cortex.o
 .text.HAL_NVIC_SetPriorityGrouping
                0x0000000008001d20       0x16 ./Drivers/STM32F3xx_HAL_Driver/Src/stm32f3xx_hal_cortex.o
                0x0000000008001d20                HAL_NVIC_SetPriorityGrouping
 .text.HAL_NVIC_SetPriority
                0x0000000008001d36       0x38 ./Drivers/STM32F3xx_HAL_Driver/Src/stm32f3xx_hal_cortex.o
                0x0000000008001d36                HAL_NVIC_SetPriority
 .text.HAL_NVIC_EnableIRQ
                0x0000000008001d6e       0x1c ./Drivers/STM32F3xx_HAL_Driver/Src/stm32f3xx_hal_cortex.o
                0x0000000008001d6e                HAL_NVIC_EnableIRQ
 .text.HAL_SYSTICK_Config
                0x0000000008001d8a       0x18 ./Drivers/STM32F3xx_HAL_Driver/Src/stm32f3xx_hal_cortex.o
                0x0000000008001d8a                HAL_SYSTICK_Config
 *fill*         0x0000000008001da2        0x2 
 .text.HAL_GPIO_Init
                0x0000000008001da4      0x2f4 ./Drivers/STM32F3xx_HAL_Driver/Src/stm32f3xx_hal_gpio.o
                0x0000000008001da4                HAL_GPIO_Init
 .text.HAL_GPIO_ReadPin
                0x0000000008002098       0x30 ./Drivers/STM32F3xx_HAL_Driver/Src/stm32f3xx_hal_gpio.o
                0x0000000008002098                HAL_GPIO_ReadPin
 .text.HAL_GPIO_WritePin
                0x00000000080020c8       0x30 ./Drivers/STM32F3xx_HAL_Driver/Src/stm32f3xx_hal_gpio.o
                0x00000000080020c8                HAL_GPIO_WritePin
 .text.HAL_GPIO_EXTI_IRQHandler
                0x00000000080020f8       0x30 ./Drivers/STM32F3xx_HAL_Driver/Src/stm32f3xx_hal_gpio.o
                0x00000000080020f8                HAL_GPIO_EXTI_IRQHandler
 .text.HAL_PCD_Init
                0x0000000008002128      0x1a4 ./Drivers/STM32F3xx_HAL_Driver/Src/stm32f3xx_hal_pcd.o
                0x0000000008002128                HAL_PCD_Init
 .text.HAL_PCD_Start
                0x00000000080022cc       0x4c ./Drivers/STM32F3xx_HAL_Driver/Src/stm32f3xx_hal_pcd.o
                0x00000000080022cc                HAL_PCD_Start
 .text.HAL_PCD_IRQHandler
                0x0000000008002318      0x1a8 ./Drivers/STM32F3xx_HAL_Driver/Src/stm32f3xx_hal_pcd.o
                0x0000000008002318                HAL_PCD_IRQHandler
 .text.HAL_PCD_SetAddress
                0x00000000080024c0       0x4a ./Drivers/STM32F3xx_HAL_Driver/Src/stm32f3xx_hal_pcd.o
                0x00000000080024c0                HAL_PCD_SetAddress
 .text.HAL_PCD_EP_Open
                0x000000000800250a       0xba ./Drivers/STM32F3xx_HAL_Driver/Src/stm32f3xx_hal_pcd.o
                0x000000000800250a                HAL_PCD_EP_Open
 .text.HAL_PCD_EP_Close
                0x00000000080025c4       0x90 ./Drivers/STM32F3xx_HAL_Driver/Src/stm32f3xx_hal_pcd.o
                0x00000000080025c4                HAL_PCD_EP_Close
 .text.HAL_PCD_EP_Receive
                0x0000000008002654       0x62 ./Drivers/STM32F3xx_HAL_Driver/Src/stm32f3xx_hal_pcd.o
                0x0000000008002654                HAL_PCD_EP_Receive
 .text.HAL_PCD_EP_GetRxCount
                0x00000000080026b6       0x30 ./Drivers/STM32F3xx_HAL_Driver/Src/stm32f3xx_hal_pcd.o
                0x00000000080026b6                HAL_PCD_EP_GetRxCount
 .text.HAL_PCD_EP_Transmit
                0x00000000080026e6       0x6e ./Drivers/STM32F3xx_HAL_Driver/Src/stm32f3xx_hal_pcd.o
                0x00000000080026e6                HAL_PCD_EP_Transmit
 .text.HAL_PCD_EP_SetStall
                0x0000000008002754       0xa4 ./Drivers/STM32F3xx_HAL_Driver/Src/stm32f3xx_hal_pcd.o
                0x0000000008002754                HAL_PCD_EP_SetStall
 .text.HAL_PCD_EP_ClrStall
                0x00000000080027f8       0xa8 ./Drivers/STM32F3xx_HAL_Driver/Src/stm32f3xx_hal_pcd.o
                0x00000000080027f8                HAL_PCD_EP_ClrStall
 .text.PCD_EP_ISR_Handler
                0x00000000080028a0      0x7a6 ./Drivers/STM32F3xx_HAL_Driver/Src/stm32f3xx_hal_pcd.o
 .text.HAL_PCD_EP_DB_Receive
                0x0000000008003046      0x21a ./Drivers/STM32F3xx_HAL_Driver/Src/stm32f3xx_hal_pcd.o
 .text.HAL_PCD_EP_DB_Transmit
                0x0000000008003260      0x7f4 ./Drivers/STM32F3xx_HAL_Driver/Src/stm32f3xx_hal_pcd.o
 .text.HAL_PCDEx_PMAConfig
                0x0000000008003a54       0x86 ./Drivers/STM32F3xx_HAL_Driver/Src/stm32f3xx_hal_pcd_ex.o
                0x0000000008003a54                HAL_PCDEx_PMAConfig
 *fill*         0x0000000008003ada        0x2 
 .text.HAL_RCC_OscConfig
                0x0000000008003adc     0x107c ./Drivers/STM32F3xx_HAL_Driver/Src/stm32f3xx_hal_rcc.o
                0x0000000008003adc                HAL_RCC_OscConfig
 .text.HAL_RCC_ClockConfig
                0x0000000008004b58      0x2f8 ./Drivers/STM32F3xx_HAL_Driver/Src/stm32f3xx_hal_rcc.o
                0x0000000008004b58                HAL_RCC_ClockConfig
 .text.HAL_RCC_GetSysClockFreq
                0x0000000008004e50       0xd4 ./Drivers/STM32F3xx_HAL_Driver/Src/stm32f3xx_hal_rcc.o
                0x0000000008004e50                HAL_RCC_GetSysClockFreq
 .text.HAL_RCCEx_PeriphCLKConfig
                0x0000000008004f24      0x324 ./Drivers/STM32F3xx_HAL_Driver/Src/stm32f3xx_hal_rcc_ex.o
                0x0000000008004f24                HAL_RCCEx_PeriphCLKConfig
 .text.USB_EnableGlobalInt
                0x0000000008005248       0x2e ./Drivers/STM32F3xx_HAL_Driver/Src/stm32f3xx_ll_usb.o
                0x0000000008005248                USB_EnableGlobalInt
 .text.USB_DisableGlobalInt
                0x0000000008005276       0x36 ./Drivers/STM32F3xx_HAL_Driver/Src/stm32f3xx_ll_usb.o
                0x0000000008005276                USB_DisableGlobalInt
 .text.USB_DevInit
                0x00000000080052ac       0x42 ./Drivers/STM32F3xx_HAL_Driver/Src/stm32f3xx_ll_usb.o
                0x00000000080052ac                USB_DevInit
 *fill*         0x00000000080052ee        0x2 
 .text.USB_ActivateEndpoint
                0x00000000080052f0      0x788 ./Drivers/STM32F3xx_HAL_Driver/Src/stm32f3xx_ll_usb.o
                0x00000000080052f0                USB_ActivateEndpoint
 .text.USB_DeactivateEndpoint
                0x0000000008005a78      0x3da ./Drivers/STM32F3xx_HAL_Driver/Src/stm32f3xx_ll_usb.o
                0x0000000008005a78                USB_DeactivateEndpoint
 .text.USB_EPStartXfer
                0x0000000008005e52     0x1762 ./Drivers/STM32F3xx_HAL_Driver/Src/stm32f3xx_ll_usb.o
                0x0000000008005e52                USB_EPStartXfer
 .text.USB_EPSetStall
                0x00000000080075b4       0xa2 ./Drivers/STM32F3xx_HAL_Driver/Src/stm32f3xx_ll_usb.o
                0x00000000080075b4                USB_EPSetStall
 .text.USB_EPClearStall
                0x0000000008007656      0x15c ./Drivers/STM32F3xx_HAL_Driver/Src/stm32f3xx_ll_usb.o
                0x0000000008007656                USB_EPClearStall
 .text.USB_SetDevAddress
                0x00000000080077b2       0x28 ./Drivers/STM32F3xx_HAL_Driver/Src/stm32f3xx_ll_usb.o
                0x00000000080077b2                USB_SetDevAddress
 .text.USB_DevConnect
                0x00000000080077da       0x16 ./Drivers/STM32F3xx_HAL_Driver/Src/stm32f3xx_ll_usb.o
                0x00000000080077da                USB_DevConnect
 .text.USB_ReadInterrupts
                0x00000000080077f0       0x20 ./Drivers/STM32F3xx_HAL_Driver/Src/stm32f3xx_ll_usb.o
                0x00000000080077f0                USB_ReadInterrupts
 .text.USB_WritePMA
                0x0000000008007810       0x8c ./Drivers/STM32F3xx_HAL_Driver/Src/stm32f3xx_ll_usb.o
                0x0000000008007810                USB_WritePMA
 .text.USB_ReadPMA
                0x000000000800789c       0xa0 ./Drivers/STM32F3xx_HAL_Driver/Src/stm32f3xx_ll_usb.o
                0x000000000800789c                USB_ReadPMA
 .text.USBD_CDC_Init
                0x000000000800793c       0xf4 ./Middlewares/ST/STM32_USB_Device_Library/Class/CDC/Src/usbd_cdc.o
 .text.USBD_CDC_DeInit
                0x0000000008007a30       0x6e ./Middlewares/ST/STM32_USB_Device_Library/Class/CDC/Src/usbd_cdc.o
 .text.USBD_CDC_Setup
                0x0000000008007a9e      0x146 ./Middlewares/ST/STM32_USB_Device_Library/Class/CDC/Src/usbd_cdc.o
 .text.USBD_CDC_DataIn
                0x0000000008007be4       0xa6 ./Middlewares/ST/STM32_USB_Device_Library/Class/CDC/Src/usbd_cdc.o
 .text.USBD_CDC_DataOut
                0x0000000008007c8a       0x56 ./Middlewares/ST/STM32_USB_Device_Library/Class/CDC/Src/usbd_cdc.o
 .text.USBD_CDC_EP0_RxReady
                0x0000000008007ce0       0x50 ./Middlewares/ST/STM32_USB_Device_Library/Class/CDC/Src/usbd_cdc.o
 .text.USBD_CDC_GetFSCfgDesc
                0x0000000008007d30       0x20 ./Middlewares/ST/STM32_USB_Device_Library/Class/CDC/Src/usbd_cdc.o
 .text.USBD_CDC_GetHSCfgDesc
                0x0000000008007d50       0x20 ./Middlewares/ST/STM32_USB_Device_Library/Class/CDC/Src/usbd_cdc.o
 .text.USBD_CDC_GetOtherSpeedCfgDesc
                0x0000000008007d70       0x20 ./Middlewares/ST/STM32_USB_Device_Library/Class/CDC/Src/usbd_cdc.o
 .text.USBD_CDC_GetDeviceQualifierDescriptor
                0x0000000008007d90       0x20 ./Middlewares/ST/STM32_USB_Device_Library/Class/CDC/Src/usbd_cdc.o
                0x0000000008007d90                USBD_CDC_GetDeviceQualifierDescriptor
 .text.USBD_CDC_RegisterInterface
                0x0000000008007db0       0x2e ./Middlewares/ST/STM32_USB_Device_Library/Class/CDC/Src/usbd_cdc.o
                0x0000000008007db0                USBD_CDC_RegisterInterface
 .text.USBD_CDC_SetTxBuffer
                0x0000000008007dde       0x34 ./Middlewares/ST/STM32_USB_Device_Library/Class/CDC/Src/usbd_cdc.o
                0x0000000008007dde                USBD_CDC_SetTxBuffer
 .text.USBD_CDC_SetRxBuffer
                0x0000000008007e12       0x28 ./Middlewares/ST/STM32_USB_Device_Library/Class/CDC/Src/usbd_cdc.o
                0x0000000008007e12                USBD_CDC_SetRxBuffer
 .text.USBD_CDC_TransmitPacket
                0x0000000008007e3a       0x5e ./Middlewares/ST/STM32_USB_Device_Library/Class/CDC/Src/usbd_cdc.o
                0x0000000008007e3a                USBD_CDC_TransmitPacket
 .text.USBD_CDC_ReceivePacket
                0x0000000008007e98       0x54 ./Middlewares/ST/STM32_USB_Device_Library/Class/CDC/Src/usbd_cdc.o
                0x0000000008007e98                USBD_CDC_ReceivePacket
 .text.USBD_Init
                0x0000000008007eec       0x56 ./Middlewares/ST/STM32_USB_Device_Library/Core/Src/usbd_core.o
                0x0000000008007eec                USBD_Init
 .text.USBD_RegisterClass
                0x0000000008007f42       0x34 ./Middlewares/ST/STM32_USB_Device_Library/Core/Src/usbd_core.o
                0x0000000008007f42                USBD_RegisterClass
 .text.USBD_Start
                0x0000000008007f76       0x18 ./Middlewares/ST/STM32_USB_Device_Library/Core/Src/usbd_core.o
                0x0000000008007f76                USBD_Start
 .text.USBD_RunTestMode
                0x0000000008007f8e       0x16 ./Middlewares/ST/STM32_USB_Device_Library/Core/Src/usbd_core.o
                0x0000000008007f8e                USBD_RunTestMode
 .text.USBD_SetClassConfig
                0x0000000008007fa4       0x3e ./Middlewares/ST/STM32_USB_Device_Library/Core/Src/usbd_core.o
                0x0000000008007fa4                USBD_SetClassConfig
 .text.USBD_ClrClassConfig
                0x0000000008007fe2       0x26 ./Middlewares/ST/STM32_USB_Device_Library/Core/Src/usbd_core.o
                0x0000000008007fe2                USBD_ClrClassConfig
 .text.USBD_LL_SetupStage
                0x0000000008008008       0x9a ./Middlewares/ST/STM32_USB_Device_Library/Core/Src/usbd_core.o
                0x0000000008008008                USBD_LL_SetupStage
 .text.USBD_LL_DataOutStage
                0x00000000080080a2       0xe2 ./Middlewares/ST/STM32_USB_Device_Library/Core/Src/usbd_core.o
                0x00000000080080a2                USBD_LL_DataOutStage
 .text.USBD_LL_DataInStage
                0x0000000008008184      0x14a ./Middlewares/ST/STM32_USB_Device_Library/Core/Src/usbd_core.o
                0x0000000008008184                USBD_LL_DataInStage
 .text.USBD_LL_Reset
                0x00000000080082ce       0x82 ./Middlewares/ST/STM32_USB_Device_Library/Core/Src/usbd_core.o
                0x00000000080082ce                USBD_LL_Reset
 .text.USBD_LL_SetSpeed
                0x0000000008008350       0x20 ./Middlewares/ST/STM32_USB_Device_Library/Core/Src/usbd_core.o
                0x0000000008008350                USBD_LL_SetSpeed
 .text.USBD_LL_Suspend
                0x0000000008008370       0x2a ./Middlewares/ST/STM32_USB_Device_Library/Core/Src/usbd_core.o
                0x0000000008008370                USBD_LL_Suspend
 .text.USBD_LL_Resume
                0x000000000800839a       0x2c ./Middlewares/ST/STM32_USB_Device_Library/Core/Src/usbd_core.o
                0x000000000800839a                USBD_LL_Resume
 .text.USBD_LL_SOF
                0x00000000080083c6       0x34 ./Middlewares/ST/STM32_USB_Device_Library/Core/Src/usbd_core.o
                0x00000000080083c6                USBD_LL_SOF
 *fill*         0x00000000080083fa        0x2 
 .text.USBD_StdDevReq
                0x00000000080083fc       0xd4 ./Middlewares/ST/STM32_USB_Device_Library/Core/Src/usbd_ctlreq.o
                0x00000000080083fc                USBD_StdDevReq
 .text.USBD_StdItfReq
                0x00000000080084d0       0x90 ./Middlewares/ST/STM32_USB_Device_Library/Core/Src/usbd_ctlreq.o
                0x00000000080084d0                USBD_StdItfReq
 .text.USBD_StdEPReq
                0x0000000008008560      0x2c6 ./Middlewares/ST/STM32_USB_Device_Library/Core/Src/usbd_ctlreq.o
                0x0000000008008560                USBD_StdEPReq
 *fill*         0x0000000008008826        0x2 
 .text.USBD_GetDescriptor
                0x0000000008008828      0x2d0 ./Middlewares/ST/STM32_USB_Device_Library/Core/Src/usbd_ctlreq.o
 .text.USBD_SetAddress
                0x0000000008008af8       0x86 ./Middlewares/ST/STM32_USB_Device_Library/Core/Src/usbd_ctlreq.o
 *fill*         0x0000000008008b7e        0x2 
 .text.USBD_SetConfig
                0x0000000008008b80      0x11c ./Middlewares/ST/STM32_USB_Device_Library/Core/Src/usbd_ctlreq.o
 .text.USBD_GetConfig
                0x0000000008008c9c       0x6a ./Middlewares/ST/STM32_USB_Device_Library/Core/Src/usbd_ctlreq.o
 .text.USBD_GetStatus
                0x0000000008008d06       0x66 ./Middlewares/ST/STM32_USB_Device_Library/Core/Src/usbd_ctlreq.o
 .text.USBD_SetFeature
                0x0000000008008d6c       0x28 ./Middlewares/ST/STM32_USB_Device_Library/Core/Src/usbd_ctlreq.o
 .text.USBD_ClrFeature
                0x0000000008008d94       0x42 ./Middlewares/ST/STM32_USB_Device_Library/Core/Src/usbd_ctlreq.o
 .text.USBD_ParseSetupRequest
                0x0000000008008dd6       0x7a ./Middlewares/ST/STM32_USB_Device_Library/Core/Src/usbd_ctlreq.o
                0x0000000008008dd6                USBD_ParseSetupRequest
 .text.USBD_CtlError
                0x0000000008008e50       0x22 ./Middlewares/ST/STM32_USB_Device_Library/Core/Src/usbd_ctlreq.o
                0x0000000008008e50                USBD_CtlError
 .text.USBD_GetString
                0x0000000008008e72       0x84 ./Middlewares/ST/STM32_USB_Device_Library/Core/Src/usbd_ctlreq.o
                0x0000000008008e72                USBD_GetString
 .text.USBD_GetLen
                0x0000000008008ef6       0x30 ./Middlewares/ST/STM32_USB_Device_Library/Core/Src/usbd_ctlreq.o
 .text.USBD_CtlSendData
                0x0000000008008f26       0x38 ./Middlewares/ST/STM32_USB_Device_Library/Core/Src/usbd_ioreq.o
                0x0000000008008f26                USBD_CtlSendData
 .text.USBD_CtlContinueSendData
                0x0000000008008f5e       0x24 ./Middlewares/ST/STM32_USB_Device_Library/Core/Src/usbd_ioreq.o
                0x0000000008008f5e                USBD_CtlContinueSendData
 .text.USBD_CtlPrepareRx
                0x0000000008008f82       0x3c ./Middlewares/ST/STM32_USB_Device_Library/Core/Src/usbd_ioreq.o
                0x0000000008008f82                USBD_CtlPrepareRx
 .text.USBD_CtlContinueRx
                0x0000000008008fbe       0x24 ./Middlewares/ST/STM32_USB_Device_Library/Core/Src/usbd_ioreq.o
                0x0000000008008fbe                USBD_CtlContinueRx
 .text.USBD_CtlSendStatus
                0x0000000008008fe2       0x26 ./Middlewares/ST/STM32_USB_Device_Library/Core/Src/usbd_ioreq.o
                0x0000000008008fe2                USBD_CtlSendStatus
 .text.USBD_CtlReceiveStatus
                0x0000000008009008       0x26 ./Middlewares/ST/STM32_USB_Device_Library/Core/Src/usbd_ioreq.o
                0x0000000008009008                USBD_CtlReceiveStatus
 *fill*         0x000000000800902e        0x2 
 .text.MX_USB_DEVICE_Init
                0x0000000008009030       0x60 ./USB_DEVICE/App/usb_device.o
                0x0000000008009030                MX_USB_DEVICE_Init
 .text.CDC_Init_FS
                0x0000000008009090       0x28 ./USB_DEVICE/App/usbd_cdc_if.o
 .text.CDC_DeInit_FS
                0x00000000080090b8       0x10 ./USB_DEVICE/App/usbd_cdc_if.o
 .text.CDC_Control_FS
                0x00000000080090c8      0x170 ./USB_DEVICE/App/usbd_cdc_if.o
 .text.CDC_Receive_FS
                0x0000000008009238       0xe8 ./USB_DEVICE/App/usbd_cdc_if.o
 .text.CDC_Transmit_FS
                0x0000000008009320       0x4c ./USB_DEVICE/App/usbd_cdc_if.o
                0x0000000008009320                CDC_Transmit_FS
 .text.USBD_FS_DeviceDescriptor
                0x000000000800936c       0x24 ./USB_DEVICE/App/usbd_desc.o
                0x000000000800936c                USBD_FS_DeviceDescriptor
 .text.USBD_FS_LangIDStrDescriptor
                0x0000000008009390       0x24 ./USB_DEVICE/App/usbd_desc.o
                0x0000000008009390                USBD_FS_LangIDStrDescriptor
 .text.USBD_FS_ProductStrDescriptor
                0x00000000080093b4       0x3c ./USB_DEVICE/App/usbd_desc.o
                0x00000000080093b4                USBD_FS_ProductStrDescriptor
 .text.USBD_FS_ManufacturerStrDescriptor
                0x00000000080093f0       0x28 ./USB_DEVICE/App/usbd_desc.o
                0x00000000080093f0                USBD_FS_ManufacturerStrDescriptor
 .text.USBD_FS_SerialStrDescriptor
                0x0000000008009418       0x24 ./USB_DEVICE/App/usbd_desc.o
                0x0000000008009418                USBD_FS_SerialStrDescriptor
 .text.USBD_FS_ConfigStrDescriptor
                0x000000000800943c       0x3c ./USB_DEVICE/App/usbd_desc.o
                0x000000000800943c                USBD_FS_ConfigStrDescriptor
 .text.USBD_FS_InterfaceStrDescriptor
                0x0000000008009478       0x3c ./USB_DEVICE/App/usbd_desc.o
                0x0000000008009478                USBD_FS_InterfaceStrDescriptor
 .text.Get_SerialNum
                0x00000000080094b4       0x58 ./USB_DEVICE/App/usbd_desc.o
 .text.IntToUnicode
                0x000000000800950c       0x7e ./USB_DEVICE/App/usbd_desc.o
 *fill*         0x000000000800958a        0x2 
 .text.HAL_PCD_MspInit
                0x000000000800958c       0xa8 ./USB_DEVICE/Target/usbd_conf.o
                0x000000000800958c                HAL_PCD_MspInit
 .text.HAL_PCD_SetupStageCallback
                0x0000000008009634       0x24 ./USB_DEVICE/Target/usbd_conf.o
                0x0000000008009634                HAL_PCD_SetupStageCallback
 .text.HAL_PCD_DataOutStageCallback
                0x0000000008009658       0x36 ./USB_DEVICE/Target/usbd_conf.o
                0x0000000008009658                HAL_PCD_DataOutStageCallback
 .text.HAL_PCD_DataInStageCallback
                0x000000000800968e       0x34 ./USB_DEVICE/Target/usbd_conf.o
                0x000000000800968e                HAL_PCD_DataInStageCallback
 .text.HAL_PCD_SOFCallback
                0x00000000080096c2       0x1c ./USB_DEVICE/Target/usbd_conf.o
                0x00000000080096c2                HAL_PCD_SOFCallback
 .text.HAL_PCD_ResetCallback
                0x00000000080096de       0x3c ./USB_DEVICE/Target/usbd_conf.o
                0x00000000080096de                HAL_PCD_ResetCallback
 *fill*         0x000000000800971a        0x2 
 .text.HAL_PCD_SuspendCallback
                0x000000000800971c       0x34 ./USB_DEVICE/Target/usbd_conf.o
                0x000000000800971c                HAL_PCD_SuspendCallback
 .text.HAL_PCD_ResumeCallback
                0x0000000008009750       0x1c ./USB_DEVICE/Target/usbd_conf.o
                0x0000000008009750                HAL_PCD_ResumeCallback
 .text.USBD_LL_Init
                0x000000000800976c       0xb4 ./USB_DEVICE/Target/usbd_conf.o
                0x000000000800976c                USBD_LL_Init
 .text.USBD_LL_Start
                0x0000000008009820       0x36 ./USB_DEVICE/Target/usbd_conf.o
                0x0000000008009820                USBD_LL_Start
 .text.USBD_LL_OpenEP
                0x0000000008009856       0x4c ./USB_DEVICE/Target/usbd_conf.o
                0x0000000008009856                USBD_LL_OpenEP
 .text.USBD_LL_CloseEP
                0x00000000080098a2       0x3e ./USB_DEVICE/Target/usbd_conf.o
                0x00000000080098a2                USBD_LL_CloseEP
 .text.USBD_LL_StallEP
                0x00000000080098e0       0x3e ./USB_DEVICE/Target/usbd_conf.o
                0x00000000080098e0                USBD_LL_StallEP
 .text.USBD_LL_ClearStallEP
                0x000000000800991e       0x3e ./USB_DEVICE/Target/usbd_conf.o
                0x000000000800991e                USBD_LL_ClearStallEP
 .text.USBD_LL_IsStallEP
                0x000000000800995c       0x5a ./USB_DEVICE/Target/usbd_conf.o
                0x000000000800995c                USBD_LL_IsStallEP
 .text.USBD_LL_SetUSBAddress
                0x00000000080099b6       0x3e ./USB_DEVICE/Target/usbd_conf.o
                0x00000000080099b6                USBD_LL_SetUSBAddress
 .text.USBD_LL_Transmit
                0x00000000080099f4       0x46 ./USB_DEVICE/Target/usbd_conf.o
                0x00000000080099f4                USBD_LL_Transmit
 .text.USBD_LL_PrepareReceive
                0x0000000008009a3a       0x46 ./USB_DEVICE/Target/usbd_conf.o
                0x0000000008009a3a                USBD_LL_PrepareReceive
 .text.USBD_LL_GetRxDataSize
                0x0000000008009a80       0x26 ./USB_DEVICE/Target/usbd_conf.o
                0x0000000008009a80                USBD_LL_GetRxDataSize
 *fill*         0x0000000008009aa6        0x2 
 .text.USBD_static_malloc
                0x0000000008009aa8       0x1c ./USB_DEVICE/Target/usbd_conf.o
                0x0000000008009aa8                USBD_static_malloc
 .text.USBD_static_free
                0x0000000008009ac4       0x14 ./USB_DEVICE/Target/usbd_conf.o
                0x0000000008009ac4                USBD_static_free
 .text.HAL_PCDEx_SetConnectionState
                0x0000000008009ad8       0x18 ./USB_DEVICE/Target/usbd_conf.o
                0x0000000008009ad8                HAL_PCDEx_SetConnectionState
 .text.USBD_Get_USB_Status
                0x0000000008009af0       0x58 ./USB_DEVICE/Target/usbd_conf.o
 .text.memset   0x0000000008009b48       0x10 C:/ST/STM32CubeIDE_1.14.0/STM32CubeIDE/plugins/com.st.stm32cube.ide.mcu.externaltools.gnu-tools-for-stm32.11.3.rel1.win32_1.1.100.202309141235/tools/bin/../lib/gcc/arm-none-eabi/11.3.1/../../../../arm-none-eabi/lib/thumb/v7e-m+fp/hard\libc_nano.a(libc_a-memset.o)
                0x0000000008009b48                memset
 .text.__libc_init_array
                0x0000000008009b58       0x48 C:/ST/STM32CubeIDE_1.14.0/STM32CubeIDE/plugins/com.st.stm32cube.ide.mcu.externaltools.gnu-tools-for-stm32.11.3.rel1.win32_1.1.100.202309141235/tools/bin/../lib/gcc/arm-none-eabi/11.3.1/../../../../arm-none-eabi/lib/thumb/v7e-m+fp/hard\libc_nano.a(libc_a-init.o)
                0x0000000008009b58                __libc_init_array
 *(.glue_7)
 .glue_7        0x0000000008009ba0        0x0 linker stubs
 *(.glue_7t)
 .glue_7t       0x0000000008009ba0        0x0 linker stubs
 *(.eh_frame)
 .eh_frame      0x0000000008009ba0        0x0 C:/ST/STM32CubeIDE_1.14.0/STM32CubeIDE/plugins/com.st.stm32cube.ide.mcu.externaltools.gnu-tools-for-stm32.11.3.rel1.win32_1.1.100.202309141235/tools/bin/../lib/gcc/arm-none-eabi/11.3.1/thumb/v7e-m+fp/hard/crtbegin.o
 *(.init)
 .init          0x0000000008009ba0        0x4 C:/ST/STM32CubeIDE_1.14.0/STM32CubeIDE/plugins/com.st.stm32cube.ide.mcu.externaltools.gnu-tools-for-stm32.11.3.rel1.win32_1.1.100.202309141235/tools/bin/../lib/gcc/arm-none-eabi/11.3.1/thumb/v7e-m+fp/hard/crti.o
                0x0000000008009ba0                _init
 .init          0x0000000008009ba4        0x8 C:/ST/STM32CubeIDE_1.14.0/STM32CubeIDE/plugins/com.st.stm32cube.ide.mcu.externaltools.gnu-tools-for-stm32.11.3.rel1.win32_1.1.100.202309141235/tools/bin/../lib/gcc/arm-none-eabi/11.3.1/thumb/v7e-m+fp/hard/crtn.o
 *(.fini)
 .fini          0x0000000008009bac        0x4 C:/ST/STM32CubeIDE_1.14.0/STM32CubeIDE/plugins/com.st.stm32cube.ide.mcu.externaltools.gnu-tools-for-stm32.11.3.rel1.win32_1.1.100.202309141235/tools/bin/../lib/gcc/arm-none-eabi/11.3.1/thumb/v7e-m+fp/hard/crti.o
                0x0000000008009bac                _fini
 .fini          0x0000000008009bb0        0x8 C:/ST/STM32CubeIDE_1.14.0/STM32CubeIDE/plugins/com.st.stm32cube.ide.mcu.externaltools.gnu-tools-for-stm32.11.3.rel1.win32_1.1.100.202309141235/tools/bin/../lib/gcc/arm-none-eabi/11.3.1/thumb/v7e-m+fp/hard/crtn.o
                0x0000000008009bb8                . = ALIGN (0x4)
                0x0000000008009bb8                _etext = .

.vfp11_veneer   0x0000000008009bb8        0x0
 .vfp11_veneer  0x0000000008009bb8        0x0 linker stubs

.v4_bx          0x0000000008009bb8        0x0
 .v4_bx         0x0000000008009bb8        0x0 linker stubs

.iplt           0x0000000008009bb8        0x0
 .iplt          0x0000000008009bb8        0x0 C:/ST/STM32CubeIDE_1.14.0/STM32CubeIDE/plugins/com.st.stm32cube.ide.mcu.externaltools.gnu-tools-for-stm32.11.3.rel1.win32_1.1.100.202309141235/tools/bin/../lib/gcc/arm-none-eabi/11.3.1/thumb/v7e-m+fp/hard/crtbegin.o

.rodata         0x0000000008009bb8       0x68
                0x0000000008009bb8                . = ALIGN (0x4)
 *(.rodata)
 .rodata        0x0000000008009bb8       0x36 ./USB_DEVICE/App/usbd_desc.o
 *(.rodata*)
 *fill*         0x0000000008009bee        0x2 
 .rodata.AHBPrescTable
                0x0000000008009bf0       0x10 ./Core/Src/system_stm32f3xx.o
                0x0000000008009bf0                AHBPrescTable
 .rodata.aPLLMULFactorTable
                0x0000000008009c00       0x10 ./Drivers/STM32F3xx_HAL_Driver/Src/stm32f3xx_hal_rcc.o
 .rodata.aPredivFactorTable
                0x0000000008009c10       0x10 ./Drivers/STM32F3xx_HAL_Driver/Src/stm32f3xx_hal_rcc.o
                0x0000000008009c20                . = ALIGN (0x4)

.rel.dyn        0x0000000008009c20        0x0
 .rel.iplt      0x0000000008009c20        0x0 C:/ST/STM32CubeIDE_1.14.0/STM32CubeIDE/plugins/com.st.stm32cube.ide.mcu.externaltools.gnu-tools-for-stm32.11.3.rel1.win32_1.1.100.202309141235/tools/bin/../lib/gcc/arm-none-eabi/11.3.1/thumb/v7e-m+fp/hard/crtbegin.o

.ARM.extab      0x0000000008009c20        0x0
                0x0000000008009c20                . = ALIGN (0x4)
 *(.ARM.extab* .gnu.linkonce.armextab.*)
                0x0000000008009c20                . = ALIGN (0x4)

.ARM            0x0000000008009c20        0x0
                0x0000000008009c20                . = ALIGN (0x4)
                0x0000000008009c20                __exidx_start = .
 *(.ARM.exidx*)
                0x0000000008009c20                __exidx_end = .
                0x0000000008009c20                . = ALIGN (0x4)

.preinit_array  0x0000000008009c20        0x0
                0x0000000008009c20                . = ALIGN (0x4)
                0x0000000008009c20                PROVIDE (__preinit_array_start = .)
 *(.preinit_array*)
                0x0000000008009c20                PROVIDE (__preinit_array_end = .)
                0x0000000008009c20                . = ALIGN (0x4)

.init_array     0x0000000008009c20        0x8
                0x0000000008009c20                . = ALIGN (0x4)
                0x0000000008009c20                PROVIDE (__init_array_start = .)
 *(SORT_BY_NAME(.init_array.*))
 *(.init_array*)
 .init_array    0x0000000008009c20        0x4 C:/ST/STM32CubeIDE_1.14.0/STM32CubeIDE/plugins/com.st.stm32cube.ide.mcu.externaltools.gnu-tools-for-stm32.11.3.rel1.win32_1.1.100.202309141235/tools/bin/../lib/gcc/arm-none-eabi/11.3.1/thumb/v7e-m+fp/hard/crtbegin.o
 .init_array    0x0000000008009c24        0x4 ./Core/Src/can_usb.o
                0x0000000008009c28                PROVIDE (__init_array_end = .)
                0x0000000008009c28                . = ALIGN (0x4)

.fini_array     0x0000000008009c28        0x4
                0x0000000008009c28                . = ALIGN (0x4)
                [!provide]                        PROVIDE (__fini_array_start = .)
 *(SORT_BY_NAME(.fini_array.*))
 *(.fini_array*)
 .fini_array    0x0000000008009c28        0x4 C:/ST/STM32CubeIDE_1.14.0/STM32CubeIDE/plugins/com.st.stm32cube.ide.mcu.externaltools.gnu-tools-for-stm32.11.3.rel1.win32_1.1.100.202309141235/tools/bin/../lib/gcc/arm-none-eabi/11.3.1/thumb/v7e-m+fp/hard/crtbegin.o
                [!provide]                        PROVIDE (__fini_array_end = .)
                0x0000000008009c2c                . = ALIGN (0x4)
                0x0000000008009c2c                _sidata = LOADADDR (.data)

.data           0x0000000020000000      0x1cc load address 0x0000000008009c2c
                0x0000000020000000                . = ALIGN (0x4)
                0x0000000020000000                _sdata = .
 *(.data)
 *(.data*)
 .data._ZZ11usb_processE18HelloSLCAN_encoded
                0x0000000020000000        0xd ./Core/Src/can_usb.o
 *fill*         0x000000002000000d        0x3 
 .data.led_list
                0x0000000020000010       0x30 ./Core/Src/led.o
                0x0000000020000010                led_list
 .data.SystemCoreClock
                0x0000000020000040        0x4 ./Core/Src/system_stm32f3xx.o
                0x0000000020000040                SystemCoreClock
 .data.HelloSLCAN_encoded.1
                0x0000000020000044        0x4 ./Core/Src/user_if.o
 .data.HelloSLCAN_encoded.0
                0x0000000020000048        0x4 ./Core/Src/user_if.o
 .data.uwTickPrio
                0x000000002000004c        0x4 ./Drivers/STM32F3xx_HAL_Driver/Src/stm32f3xx_hal.o
                0x000000002000004c                uwTickPrio
 .data.uwTickFreq
                0x0000000020000050        0x1 ./Drivers/STM32F3xx_HAL_Driver/Src/stm32f3xx_hal.o
                0x0000000020000050                uwTickFreq
 *fill*         0x0000000020000051        0x3 
 .data.USBD_CDC_DeviceQualifierDesc
                0x0000000020000054        0xa ./Middlewares/ST/STM32_USB_Device_Library/Class/CDC/Src/usbd_cdc.o
 *fill*         0x000000002000005e        0x2 
 .data.USBD_CDC
                0x0000000020000060       0x38 ./Middlewares/ST/STM32_USB_Device_Library/Class/CDC/Src/usbd_cdc.o
                0x0000000020000060                USBD_CDC
 .data.USBD_CDC_CfgHSDesc
                0x0000000020000098       0x43 ./Middlewares/ST/STM32_USB_Device_Library/Class/CDC/Src/usbd_cdc.o
                0x0000000020000098                USBD_CDC_CfgHSDesc
 *fill*         0x00000000200000db        0x1 
 .data.USBD_CDC_CfgFSDesc
                0x00000000200000dc       0x43 ./Middlewares/ST/STM32_USB_Device_Library/Class/CDC/Src/usbd_cdc.o
                0x00000000200000dc                USBD_CDC_CfgFSDesc
 *fill*         0x000000002000011f        0x1 
 .data.USBD_CDC_OtherSpeedCfgDesc
                0x0000000020000120       0x43 ./Middlewares/ST/STM32_USB_Device_Library/Class/CDC/Src/usbd_cdc.o
                0x0000000020000120                USBD_CDC_OtherSpeedCfgDesc
 .data.zero_count
                0x0000000020000163        0x1 ./USB_DEVICE/App/usbd_cdc_if.o
                0x0000000020000163                zero_count
 .data.linecoding
                0x0000000020000164        0x8 ./USB_DEVICE/App/usbd_cdc_if.o
                0x0000000020000164                linecoding
 .data.USBD_Interface_fops_FS
                0x000000002000016c       0x10 ./USB_DEVICE/App/usbd_cdc_if.o
                0x000000002000016c                USBD_Interface_fops_FS
 .data.FS_Desc  0x000000002000017c       0x1c ./USB_DEVICE/App/usbd_desc.o
                0x000000002000017c                FS_Desc
 .data.USBD_FS_DeviceDesc
                0x0000000020000198       0x12 ./USB_DEVICE/App/usbd_desc.o
                0x0000000020000198                USBD_FS_DeviceDesc
 *fill*         0x00000000200001aa        0x2 
 .data.USBD_LangIDDesc
                0x00000000200001ac        0x4 ./USB_DEVICE/App/usbd_desc.o
                0x00000000200001ac                USBD_LangIDDesc
 .data.USBD_StringSerial
                0x00000000200001b0       0x1a ./USB_DEVICE/App/usbd_desc.o
                0x00000000200001b0                USBD_StringSerial
 *(.RamFunc)
 *(.RamFunc*)
                0x00000000200001cc                . = ALIGN (0x4)
 *fill*         0x00000000200001ca        0x2 
                0x00000000200001cc                _edata = .

.igot.plt       0x00000000200001cc        0x0 load address 0x0000000008009df8
 .igot.plt      0x00000000200001cc        0x0 C:/ST/STM32CubeIDE_1.14.0/STM32CubeIDE/plugins/com.st.stm32cube.ide.mcu.externaltools.gnu-tools-for-stm32.11.3.rel1.win32_1.1.100.202309141235/tools/bin/../lib/gcc/arm-none-eabi/11.3.1/thumb/v7e-m+fp/hard/crtbegin.o
                0x00000000200001cc                . = ALIGN (0x4)

.bss            0x00000000200001cc     0x12d4 load address 0x0000000008009df8
                0x00000000200001cc                _sbss = .
                0x00000000200001cc                __bss_start__ = _sbss
 *(.bss)
 .bss           0x00000000200001cc       0x1c C:/ST/STM32CubeIDE_1.14.0/STM32CubeIDE/plugins/com.st.stm32cube.ide.mcu.externaltools.gnu-tools-for-stm32.11.3.rel1.win32_1.1.100.202309141235/tools/bin/../lib/gcc/arm-none-eabi/11.3.1/thumb/v7e-m+fp/hard/crtbegin.o
 *(.bss*)
 .bss.buffer    0x00000000200001e8       0x58 ./Core/Src/can_usb.o
                0x00000000200001e8                buffer
 .bss.TxHeader  0x0000000020000240       0x18 ./Core/Src/can_usb.o
                0x0000000020000240                TxHeader
 .bss.TxMailbox
                0x0000000020000258        0x4 ./Core/Src/can_usb.o
                0x0000000020000258                TxMailbox
 .bss.hcan      0x000000002000025c       0x28 ./Core/Src/main.o
                0x000000002000025c                hcan
 .bss.uwTick    0x0000000020000284        0x4 ./Drivers/STM32F3xx_HAL_Driver/Src/stm32f3xx_hal.o
                0x0000000020000284                uwTick
 .bss.cfgidx.0  0x0000000020000288        0x1 ./Middlewares/ST/STM32_USB_Device_Library/Core/Src/usbd_ctlreq.o
 *fill*         0x0000000020000289        0x3 
 .bss.hUsbDeviceFS
                0x000000002000028c      0x2c4 ./USB_DEVICE/App/usb_device.o
                0x000000002000028c                hUsbDeviceFS
 .bss.DecodedData
                0x0000000020000550       0x40 ./USB_DEVICE/App/usbd_cdc_if.o
                0x0000000020000550                DecodedData
 .bss.data_index
                0x0000000020000590        0x1 ./USB_DEVICE/App/usbd_cdc_if.o
                0x0000000020000590                data_index
 .bss.is_first  0x0000000020000591        0x1 ./USB_DEVICE/App/usbd_cdc_if.o
                0x0000000020000591                is_first
 *fill*         0x0000000020000592        0x2 
 .bss.UserRxBufferFS
                0x0000000020000594      0x400 ./USB_DEVICE/App/usbd_cdc_if.o
                0x0000000020000594                UserRxBufferFS
 .bss.UserTxBufferFS
                0x0000000020000994      0x400 ./USB_DEVICE/App/usbd_cdc_if.o
                0x0000000020000994                UserTxBufferFS
 .bss.USBD_StrDesc
                0x0000000020000d94      0x200 ./USB_DEVICE/App/usbd_desc.o
                0x0000000020000d94                USBD_StrDesc
 .bss.hpcd_USB_FS
                0x0000000020000f94      0x2ec ./USB_DEVICE/Target/usbd_conf.o
                0x0000000020000f94                hpcd_USB_FS
 .bss.mem.0     0x0000000020001280      0x220 ./USB_DEVICE/Target/usbd_conf.o
 *(COMMON)
                0x00000000200014a0                . = ALIGN (0x4)
                0x00000000200014a0                _ebss = .
                0x00000000200014a0                __bss_end__ = _ebss

._user_heap_stack
                0x00000000200014a0      0x600 load address 0x0000000008009df8
                0x00000000200014a0                . = ALIGN (0x8)
                [!provide]                        PROVIDE (end = .)
                0x00000000200014a0                PROVIDE (_end = .)
                0x00000000200016a0                . = (. + _Min_Heap_Size)
 *fill*         0x00000000200014a0      0x200 
                0x0000000020001aa0                . = (. + _Min_Stack_Size)
 *fill*         0x00000000200016a0      0x400 
                0x0000000020001aa0                . = ALIGN (0x8)

/DISCARD/
 libc.a(*)
 libm.a(*)
 libgcc.a(*)

.ARM.attributes
                0x0000000000000000       0x30
 *(.ARM.attributes)
 .ARM.attributes
                0x0000000000000000       0x1e C:/ST/STM32CubeIDE_1.14.0/STM32CubeIDE/plugins/com.st.stm32cube.ide.mcu.externaltools.gnu-tools-for-stm32.11.3.rel1.win32_1.1.100.202309141235/tools/bin/../lib/gcc/arm-none-eabi/11.3.1/thumb/v7e-m+fp/hard/crti.o
 .ARM.attributes
                0x000000000000001e       0x34 C:/ST/STM32CubeIDE_1.14.0/STM32CubeIDE/plugins/com.st.stm32cube.ide.mcu.externaltools.gnu-tools-for-stm32.11.3.rel1.win32_1.1.100.202309141235/tools/bin/../lib/gcc/arm-none-eabi/11.3.1/thumb/v7e-m+fp/hard/crtbegin.o
 .ARM.attributes
                0x0000000000000052       0x34 ./Core/Src/can_usb.o
 .ARM.attributes
                0x0000000000000086       0x34 ./Core/Src/cobs.o
 .ARM.attributes
                0x00000000000000ba       0x34 ./Core/Src/led.o
 .ARM.attributes
                0x00000000000000ee       0x34 ./Core/Src/main.o
 .ARM.attributes
                0x0000000000000122       0x34 ./Core/Src/stm32f3xx_hal_msp.o
 .ARM.attributes
                0x0000000000000156       0x34 ./Core/Src/stm32f3xx_it.o
 .ARM.attributes
                0x000000000000018a       0x34 ./Core/Src/system_stm32f3xx.o
 .ARM.attributes
                0x00000000000001be       0x34 ./Core/Src/usbcan_main.o
 .ARM.attributes
                0x00000000000001f2       0x34 ./Core/Src/user_if.o
 .ARM.attributes
                0x0000000000000226       0x21 ./Core/Startup/startup_stm32f302cbtx.o
 .ARM.attributes
                0x0000000000000247       0x34 ./Drivers/STM32F3xx_HAL_Driver/Src/stm32f3xx_hal.o
 .ARM.attributes
                0x000000000000027b       0x34 ./Drivers/STM32F3xx_HAL_Driver/Src/stm32f3xx_hal_can.o
 .ARM.attributes
                0x00000000000002af       0x34 ./Drivers/STM32F3xx_HAL_Driver/Src/stm32f3xx_hal_cortex.o
 .ARM.attributes
                0x00000000000002e3       0x34 ./Drivers/STM32F3xx_HAL_Driver/Src/stm32f3xx_hal_gpio.o
 .ARM.attributes
                0x0000000000000317       0x34 ./Drivers/STM32F3xx_HAL_Driver/Src/stm32f3xx_hal_pcd.o
 .ARM.attributes
                0x000000000000034b       0x34 ./Drivers/STM32F3xx_HAL_Driver/Src/stm32f3xx_hal_pcd_ex.o
 .ARM.attributes
                0x000000000000037f       0x34 ./Drivers/STM32F3xx_HAL_Driver/Src/stm32f3xx_hal_rcc.o
 .ARM.attributes
                0x00000000000003b3       0x34 ./Drivers/STM32F3xx_HAL_Driver/Src/stm32f3xx_hal_rcc_ex.o
 .ARM.attributes
                0x00000000000003e7       0x34 ./Drivers/STM32F3xx_HAL_Driver/Src/stm32f3xx_ll_usb.o
 .ARM.attributes
                0x000000000000041b       0x34 ./Middlewares/ST/STM32_USB_Device_Library/Class/CDC/Src/usbd_cdc.o
 .ARM.attributes
                0x000000000000044f       0x34 ./Middlewares/ST/STM32_USB_Device_Library/Core/Src/usbd_core.o
 .ARM.attributes
                0x0000000000000483       0x34 ./Middlewares/ST/STM32_USB_Device_Library/Core/Src/usbd_ctlreq.o
 .ARM.attributes
                0x00000000000004b7       0x34 ./Middlewares/ST/STM32_USB_Device_Library/Core/Src/usbd_ioreq.o
 .ARM.attributes
                0x00000000000004eb       0x34 ./USB_DEVICE/App/usb_device.o
 .ARM.attributes
                0x000000000000051f       0x34 ./USB_DEVICE/App/usbd_cdc_if.o
 .ARM.attributes
                0x0000000000000553       0x34 ./USB_DEVICE/App/usbd_desc.o
 .ARM.attributes
                0x0000000000000587       0x34 ./USB_DEVICE/Target/usbd_conf.o
 .ARM.attributes
                0x00000000000005bb       0x34 C:/ST/STM32CubeIDE_1.14.0/STM32CubeIDE/plugins/com.st.stm32cube.ide.mcu.externaltools.gnu-tools-for-stm32.11.3.rel1.win32_1.1.100.202309141235/tools/bin/../lib/gcc/arm-none-eabi/11.3.1/../../../../arm-none-eabi/lib/thumb/v7e-m+fp/hard\libc_nano.a(libc_a-memset.o)
 .ARM.attributes
                0x00000000000005ef       0x34 C:/ST/STM32CubeIDE_1.14.0/STM32CubeIDE/plugins/com.st.stm32cube.ide.mcu.externaltools.gnu-tools-for-stm32.11.3.rel1.win32_1.1.100.202309141235/tools/bin/../lib/gcc/arm-none-eabi/11.3.1/../../../../arm-none-eabi/lib/thumb/v7e-m+fp/hard\libc_nano.a(libc_a-init.o)
 .ARM.attributes
                0x0000000000000623       0x1e C:/ST/STM32CubeIDE_1.14.0/STM32CubeIDE/plugins/com.st.stm32cube.ide.mcu.externaltools.gnu-tools-for-stm32.11.3.rel1.win32_1.1.100.202309141235/tools/bin/../lib/gcc/arm-none-eabi/11.3.1/thumb/v7e-m+fp/hard/crtn.o
OUTPUT(usbcan_fw_plus1.elf elf32-littlearm)
LOAD linker stubs
LOAD C:/ST/STM32CubeIDE_1.14.0/STM32CubeIDE/plugins/com.st.stm32cube.ide.mcu.externaltools.gnu-tools-for-stm32.11.3.rel1.win32_1.1.100.202309141235/tools/bin/../lib/gcc/arm-none-eabi/11.3.1/../../../../arm-none-eabi/lib/thumb/v7e-m+fp/hard\libc.a
LOAD C:/ST/STM32CubeIDE_1.14.0/STM32CubeIDE/plugins/com.st.stm32cube.ide.mcu.externaltools.gnu-tools-for-stm32.11.3.rel1.win32_1.1.100.202309141235/tools/bin/../lib/gcc/arm-none-eabi/11.3.1/../../../../arm-none-eabi/lib/thumb/v7e-m+fp/hard\libm.a
LOAD C:/ST/STM32CubeIDE_1.14.0/STM32CubeIDE/plugins/com.st.stm32cube.ide.mcu.externaltools.gnu-tools-for-stm32.11.3.rel1.win32_1.1.100.202309141235/tools/bin/../lib/gcc/arm-none-eabi/11.3.1/thumb/v7e-m+fp/hard\libgcc.a

.comment        0x0000000000000000       0x43
 .comment       0x0000000000000000       0x43 C:/ST/STM32CubeIDE_1.14.0/STM32CubeIDE/plugins/com.st.stm32cube.ide.mcu.externaltools.gnu-tools-for-stm32.11.3.rel1.win32_1.1.100.202309141235/tools/bin/../lib/gcc/arm-none-eabi/11.3.1/thumb/v7e-m+fp/hard/crtbegin.o
                                         0x44 (size before relaxing)
 .comment       0x0000000000000043       0x44 ./Core/Src/can_usb.o
 .comment       0x0000000000000043       0x44 ./Core/Src/cobs.o
 .comment       0x0000000000000043       0x44 ./Core/Src/led.o
 .comment       0x0000000000000043       0x44 ./Core/Src/main.o
 .comment       0x0000000000000043       0x44 ./Core/Src/stm32f3xx_hal_msp.o
 .comment       0x0000000000000043       0x44 ./Core/Src/stm32f3xx_it.o
 .comment       0x0000000000000043       0x44 ./Core/Src/system_stm32f3xx.o
 .comment       0x0000000000000043       0x44 ./Core/Src/usbcan_main.o
 .comment       0x0000000000000043       0x44 ./Core/Src/user_if.o
 .comment       0x0000000000000043       0x44 ./Drivers/STM32F3xx_HAL_Driver/Src/stm32f3xx_hal.o
 .comment       0x0000000000000043       0x44 ./Drivers/STM32F3xx_HAL_Driver/Src/stm32f3xx_hal_can.o
 .comment       0x0000000000000043       0x44 ./Drivers/STM32F3xx_HAL_Driver/Src/stm32f3xx_hal_cortex.o
 .comment       0x0000000000000043       0x44 ./Drivers/STM32F3xx_HAL_Driver/Src/stm32f3xx_hal_gpio.o
 .comment       0x0000000000000043       0x44 ./Drivers/STM32F3xx_HAL_Driver/Src/stm32f3xx_hal_pcd.o
 .comment       0x0000000000000043       0x44 ./Drivers/STM32F3xx_HAL_Driver/Src/stm32f3xx_hal_pcd_ex.o
 .comment       0x0000000000000043       0x44 ./Drivers/STM32F3xx_HAL_Driver/Src/stm32f3xx_hal_rcc.o
 .comment       0x0000000000000043       0x44 ./Drivers/STM32F3xx_HAL_Driver/Src/stm32f3xx_hal_rcc_ex.o
 .comment       0x0000000000000043       0x44 ./Drivers/STM32F3xx_HAL_Driver/Src/stm32f3xx_ll_usb.o
 .comment       0x0000000000000043       0x44 ./Middlewares/ST/STM32_USB_Device_Library/Class/CDC/Src/usbd_cdc.o
 .comment       0x0000000000000043       0x44 ./Middlewares/ST/STM32_USB_Device_Library/Core/Src/usbd_core.o
 .comment       0x0000000000000043       0x44 ./Middlewares/ST/STM32_USB_Device_Library/Core/Src/usbd_ctlreq.o
 .comment       0x0000000000000043       0x44 ./Middlewares/ST/STM32_USB_Device_Library/Core/Src/usbd_ioreq.o
 .comment       0x0000000000000043       0x44 ./USB_DEVICE/App/usb_device.o
 .comment       0x0000000000000043       0x44 ./USB_DEVICE/App/usbd_cdc_if.o
 .comment       0x0000000000000043       0x44 ./USB_DEVICE/App/usbd_desc.o
 .comment       0x0000000000000043       0x44 ./USB_DEVICE/Target/usbd_conf.o

.debug_info     0x0000000000000000    0x122a9
 .debug_info    0x0000000000000000     0x10df ./Core/Src/can_usb.o
 .debug_info    0x00000000000010df      0x15c ./Core/Src/cobs.o
 .debug_info    0x000000000000123b      0x285 ./Core/Src/led.o
 .debug_info    0x00000000000014c0      0xd89 ./Core/Src/main.o
 .debug_info    0x0000000000002249      0x906 ./Core/Src/stm32f3xx_hal_msp.o
 .debug_info    0x0000000000002b4f      0x9e8 ./Core/Src/stm32f3xx_it.o
 .debug_info    0x0000000000003537      0x407 ./Core/Src/system_stm32f3xx.o
 .debug_info    0x000000000000393e     0x1216 ./Core/Src/usbcan_main.o
 .debug_info    0x0000000000004b54      0x771 ./Core/Src/user_if.o
 .debug_info    0x00000000000052c5       0x23 ./Core/Startup/startup_stm32f302cbtx.o
 .debug_info    0x00000000000052e8      0x7a4 ./Drivers/STM32F3xx_HAL_Driver/Src/stm32f3xx_hal.o
 .debug_info    0x0000000000005a8c      0xf1e ./Drivers/STM32F3xx_HAL_Driver/Src/stm32f3xx_hal_can.o
 .debug_info    0x00000000000069aa      0xc7f ./Drivers/STM32F3xx_HAL_Driver/Src/stm32f3xx_hal_cortex.o
 .debug_info    0x0000000000007629      0x5fe ./Drivers/STM32F3xx_HAL_Driver/Src/stm32f3xx_hal_gpio.o
 .debug_info    0x0000000000007c27     0x162f ./Drivers/STM32F3xx_HAL_Driver/Src/stm32f3xx_hal_pcd.o
 .debug_info    0x0000000000009256      0x6a9 ./Drivers/STM32F3xx_HAL_Driver/Src/stm32f3xx_hal_pcd_ex.o
 .debug_info    0x00000000000098ff     0x14f1 ./Drivers/STM32F3xx_HAL_Driver/Src/stm32f3xx_hal_rcc.o
 .debug_info    0x000000000000adf0      0x5bf ./Drivers/STM32F3xx_HAL_Driver/Src/stm32f3xx_hal_rcc_ex.o
 .debug_info    0x000000000000b3af     0x15c8 ./Drivers/STM32F3xx_HAL_Driver/Src/stm32f3xx_ll_usb.o
 .debug_info    0x000000000000c977     0x1028 ./Middlewares/ST/STM32_USB_Device_Library/Class/CDC/Src/usbd_cdc.o
 .debug_info    0x000000000000d99f      0xa52 ./Middlewares/ST/STM32_USB_Device_Library/Core/Src/usbd_core.o
 .debug_info    0x000000000000e3f1      0x91c ./Middlewares/ST/STM32_USB_Device_Library/Core/Src/usbd_ctlreq.o
 .debug_info    0x000000000000ed0d      0x6a0 ./Middlewares/ST/STM32_USB_Device_Library/Core/Src/usbd_ioreq.o
 .debug_info    0x000000000000f3ad      0x63d ./USB_DEVICE/App/usb_device.o
 .debug_info    0x000000000000f9ea      0x9bf ./USB_DEVICE/App/usbd_cdc_if.o
 .debug_info    0x00000000000103a9      0x44a ./USB_DEVICE/App/usbd_desc.o
 .debug_info    0x00000000000107f3     0x1ab6 ./USB_DEVICE/Target/usbd_conf.o

.debug_abbrev   0x0000000000000000     0x3af7
 .debug_abbrev  0x0000000000000000      0x3ba ./Core/Src/can_usb.o
 .debug_abbrev  0x00000000000003ba       0xc0 ./Core/Src/cobs.o
 .debug_abbrev  0x000000000000047a      0x1c1 ./Core/Src/led.o
 .debug_abbrev  0x000000000000063b      0x2ea ./Core/Src/main.o
 .debug_abbrev  0x0000000000000925      0x1df ./Core/Src/stm32f3xx_hal_msp.o
 .debug_abbrev  0x0000000000000b04      0x1ca ./Core/Src/stm32f3xx_it.o
 .debug_abbrev  0x0000000000000cce      0x11a ./Core/Src/system_stm32f3xx.o
 .debug_abbrev  0x0000000000000de8      0x335 ./Core/Src/usbcan_main.o
 .debug_abbrev  0x000000000000111d      0x227 ./Core/Src/user_if.o
 .debug_abbrev  0x0000000000001344       0x12 ./Core/Startup/startup_stm32f302cbtx.o
 .debug_abbrev  0x0000000000001356      0x215 ./Drivers/STM32F3xx_HAL_Driver/Src/stm32f3xx_hal.o
 .debug_abbrev  0x000000000000156b      0x22f ./Drivers/STM32F3xx_HAL_Driver/Src/stm32f3xx_hal_can.o
 .debug_abbrev  0x000000000000179a      0x329 ./Drivers/STM32F3xx_HAL_Driver/Src/stm32f3xx_hal_cortex.o
 .debug_abbrev  0x0000000000001ac3      0x1ca ./Drivers/STM32F3xx_HAL_Driver/Src/stm32f3xx_hal_gpio.o
 .debug_abbrev  0x0000000000001c8d      0x2d2 ./Drivers/STM32F3xx_HAL_Driver/Src/stm32f3xx_hal_pcd.o
 .debug_abbrev  0x0000000000001f5f      0x189 ./Drivers/STM32F3xx_HAL_Driver/Src/stm32f3xx_hal_pcd_ex.o
 .debug_abbrev  0x00000000000020e8      0x300 ./Drivers/STM32F3xx_HAL_Driver/Src/stm32f3xx_hal_rcc.o
 .debug_abbrev  0x00000000000023e8      0x232 ./Drivers/STM32F3xx_HAL_Driver/Src/stm32f3xx_hal_rcc_ex.o
 .debug_abbrev  0x000000000000261a      0x23f ./Drivers/STM32F3xx_HAL_Driver/Src/stm32f3xx_ll_usb.o
 .debug_abbrev  0x0000000000002859      0x2d3 ./Middlewares/ST/STM32_USB_Device_Library/Class/CDC/Src/usbd_cdc.o
 .debug_abbrev  0x0000000000002b2c      0x24a ./Middlewares/ST/STM32_USB_Device_Library/Core/Src/usbd_core.o
 .debug_abbrev  0x0000000000002d76      0x26b ./Middlewares/ST/STM32_USB_Device_Library/Core/Src/usbd_ctlreq.o
 .debug_abbrev  0x0000000000002fe1      0x192 ./Middlewares/ST/STM32_USB_Device_Library/Core/Src/usbd_ioreq.o
 .debug_abbrev  0x0000000000003173      0x18d ./USB_DEVICE/App/usb_device.o
 .debug_abbrev  0x0000000000003300      0x2da ./USB_DEVICE/App/usbd_cdc_if.o
 .debug_abbrev  0x00000000000035da      0x1ff ./USB_DEVICE/App/usbd_desc.o
 .debug_abbrev  0x00000000000037d9      0x31e ./USB_DEVICE/Target/usbd_conf.o

.debug_aranges  0x0000000000000000      0xc98
 .debug_aranges
                0x0000000000000000       0x50 ./Core/Src/can_usb.o
 .debug_aranges
                0x0000000000000050       0x28 ./Core/Src/cobs.o
 .debug_aranges
                0x0000000000000078       0x28 ./Core/Src/led.o
 .debug_aranges
                0x00000000000000a0       0x40 ./Core/Src/main.o
 .debug_aranges
                0x00000000000000e0       0x30 ./Core/Src/stm32f3xx_hal_msp.o
 .debug_aranges
                0x0000000000000110       0x78 ./Core/Src/stm32f3xx_it.o
 .debug_aranges
                0x0000000000000188       0x28 ./Core/Src/system_stm32f3xx.o
 .debug_aranges
                0x00000000000001b0       0x28 ./Core/Src/usbcan_main.o
 .debug_aranges
                0x00000000000001d8       0x28 ./Core/Src/user_if.o
 .debug_aranges
                0x0000000000000200       0x28 ./Core/Startup/startup_stm32f302cbtx.o
 .debug_aranges
                0x0000000000000228       0xe0 ./Drivers/STM32F3xx_HAL_Driver/Src/stm32f3xx_hal.o
 .debug_aranges
                0x0000000000000308      0x138 ./Drivers/STM32F3xx_HAL_Driver/Src/stm32f3xx_hal_can.o
 .debug_aranges
                0x0000000000000440      0x118 ./Drivers/STM32F3xx_HAL_Driver/Src/stm32f3xx_hal_cortex.o
 .debug_aranges
                0x0000000000000558       0x58 ./Drivers/STM32F3xx_HAL_Driver/Src/stm32f3xx_hal_gpio.o
 .debug_aranges
                0x00000000000005b0      0x140 ./Drivers/STM32F3xx_HAL_Driver/Src/stm32f3xx_hal_pcd.o
 .debug_aranges
                0x00000000000006f0       0x38 ./Drivers/STM32F3xx_HAL_Driver/Src/stm32f3xx_hal_pcd_ex.o
 .debug_aranges
                0x0000000000000728       0x88 ./Drivers/STM32F3xx_HAL_Driver/Src/stm32f3xx_hal_rcc.o
 .debug_aranges
                0x00000000000007b0       0x38 ./Drivers/STM32F3xx_HAL_Driver/Src/stm32f3xx_hal_rcc_ex.o
 .debug_aranges
                0x00000000000007e8       0xb8 ./Drivers/STM32F3xx_HAL_Driver/Src/stm32f3xx_ll_usb.o
 .debug_aranges
                0x00000000000008a0       0x90 ./Middlewares/ST/STM32_USB_Device_Library/Class/CDC/Src/usbd_cdc.o
 .debug_aranges
                0x0000000000000930       0xb8 ./Middlewares/ST/STM32_USB_Device_Library/Core/Src/usbd_core.o
 .debug_aranges
                0x00000000000009e8       0x88 ./Middlewares/ST/STM32_USB_Device_Library/Core/Src/usbd_ctlreq.o
 .debug_aranges
                0x0000000000000a70       0x50 ./Middlewares/ST/STM32_USB_Device_Library/Core/Src/usbd_ioreq.o
 .debug_aranges
                0x0000000000000ac0       0x20 ./USB_DEVICE/App/usb_device.o
 .debug_aranges
                0x0000000000000ae0       0x40 ./USB_DEVICE/App/usbd_cdc_if.o
 .debug_aranges
                0x0000000000000b20       0x60 ./USB_DEVICE/App/usbd_desc.o
 .debug_aranges
                0x0000000000000b80      0x118 ./USB_DEVICE/Target/usbd_conf.o

.debug_rnglists
                0x0000000000000000      0x92c
 .debug_rnglists
                0x0000000000000000       0x39 ./Core/Src/can_usb.o
 .debug_rnglists
                0x0000000000000039       0x19 ./Core/Src/cobs.o
 .debug_rnglists
                0x0000000000000052       0x19 ./Core/Src/led.o
 .debug_rnglists
                0x000000000000006b       0x2e ./Core/Src/main.o
 .debug_rnglists
                0x0000000000000099       0x20 ./Core/Src/stm32f3xx_hal_msp.o
 .debug_rnglists
                0x00000000000000b9       0x55 ./Core/Src/stm32f3xx_it.o
 .debug_rnglists
                0x000000000000010e       0x1a ./Core/Src/system_stm32f3xx.o
 .debug_rnglists
                0x0000000000000128       0x1b ./Core/Src/usbcan_main.o
 .debug_rnglists
                0x0000000000000143       0x19 ./Core/Src/user_if.o
 .debug_rnglists
                0x000000000000015c       0x19 ./Core/Startup/startup_stm32f302cbtx.o
 .debug_rnglists
                0x0000000000000175       0xa3 ./Drivers/STM32F3xx_HAL_Driver/Src/stm32f3xx_hal.o
 .debug_rnglists
                0x0000000000000218       0xee ./Drivers/STM32F3xx_HAL_Driver/Src/stm32f3xx_hal_can.o
 .debug_rnglists
                0x0000000000000306       0xce ./Drivers/STM32F3xx_HAL_Driver/Src/stm32f3xx_hal_cortex.o
 .debug_rnglists
                0x00000000000003d4       0x3f ./Drivers/STM32F3xx_HAL_Driver/Src/stm32f3xx_hal_gpio.o
 .debug_rnglists
                0x0000000000000413       0xf4 ./Drivers/STM32F3xx_HAL_Driver/Src/stm32f3xx_hal_pcd.o
 .debug_rnglists
                0x0000000000000507       0x26 ./Drivers/STM32F3xx_HAL_Driver/Src/stm32f3xx_hal_pcd_ex.o
 .debug_rnglists
                0x000000000000052d       0x66 ./Drivers/STM32F3xx_HAL_Driver/Src/stm32f3xx_hal_rcc.o
 .debug_rnglists
                0x0000000000000593       0x28 ./Drivers/STM32F3xx_HAL_Driver/Src/stm32f3xx_hal_rcc_ex.o
 .debug_rnglists
                0x00000000000005bb       0x8d ./Drivers/STM32F3xx_HAL_Driver/Src/stm32f3xx_ll_usb.o
 .debug_rnglists
                0x0000000000000648       0x6a ./Middlewares/ST/STM32_USB_Device_Library/Class/CDC/Src/usbd_cdc.o
 .debug_rnglists
                0x00000000000006b2       0x89 ./Middlewares/ST/STM32_USB_Device_Library/Core/Src/usbd_core.o
 .debug_rnglists
                0x000000000000073b       0x68 ./Middlewares/ST/STM32_USB_Device_Library/Core/Src/usbd_ctlreq.o
 .debug_rnglists
                0x00000000000007a3       0x37 ./Middlewares/ST/STM32_USB_Device_Library/Core/Src/usbd_ioreq.o
 .debug_rnglists
                0x00000000000007da       0x13 ./USB_DEVICE/App/usb_device.o
 .debug_rnglists
                0x00000000000007ed       0x2d ./USB_DEVICE/App/usbd_cdc_if.o
 .debug_rnglists
                0x000000000000081a       0x43 ./USB_DEVICE/App/usbd_desc.o
 .debug_rnglists
                0x000000000000085d       0xcf ./USB_DEVICE/Target/usbd_conf.o

.debug_macro    0x0000000000000000    0x219ac
 .debug_macro   0x0000000000000000      0x3f1 ./Core/Src/can_usb.o
 .debug_macro   0x00000000000003f1      0xb80 ./Core/Src/can_usb.o
 .debug_macro   0x0000000000000f71      0x157 ./Core/Src/can_usb.o
 .debug_macro   0x00000000000010c8       0x2e ./Core/Src/can_usb.o
 .debug_macro   0x00000000000010f6       0x28 ./Core/Src/can_usb.o
 .debug_macro   0x000000000000111e       0x1c ./Core/Src/can_usb.o
 .debug_macro   0x000000000000113a       0x22 ./Core/Src/can_usb.o
 .debug_macro   0x000000000000115c       0x8e ./Core/Src/can_usb.o
 .debug_macro   0x00000000000011ea       0x51 ./Core/Src/can_usb.o
 .debug_macro   0x000000000000123b      0x103 ./Core/Src/can_usb.o
 .debug_macro   0x000000000000133e       0x6a ./Core/Src/can_usb.o
 .debug_macro   0x00000000000013a8      0x1df ./Core/Src/can_usb.o
 .debug_macro   0x0000000000001587       0x1c ./Core/Src/can_usb.o
 .debug_macro   0x00000000000015a3       0x22 ./Core/Src/can_usb.o
 .debug_macro   0x00000000000015c5       0xd9 ./Core/Src/can_usb.o
 .debug_macro   0x000000000000169e     0x102d ./Core/Src/can_usb.o
 .debug_macro   0x00000000000026cb      0x11f ./Core/Src/can_usb.o
 .debug_macro   0x00000000000027ea    0x11851 ./Core/Src/can_usb.o
 .debug_macro   0x000000000001403b       0x6d ./Core/Src/can_usb.o
 .debug_macro   0x00000000000140a8     0x3558 ./Core/Src/can_usb.o
 .debug_macro   0x0000000000017600      0x17b ./Core/Src/can_usb.o
 .debug_macro   0x000000000001777b       0x55 ./Core/Src/can_usb.o
 .debug_macro   0x00000000000177d0      0x961 ./Core/Src/can_usb.o
 .debug_macro   0x0000000000018131      0x4df ./Core/Src/can_usb.o
 .debug_macro   0x0000000000018610      0x1b5 ./Core/Src/can_usb.o
 .debug_macro   0x00000000000187c5      0x173 ./Core/Src/can_usb.o
 .debug_macro   0x0000000000018938      0x1dc ./Core/Src/can_usb.o
 .debug_macro   0x0000000000018b14      0x1bc ./Core/Src/can_usb.o
 .debug_macro   0x0000000000018cd0       0x30 ./Core/Src/can_usb.o
 .debug_macro   0x0000000000018d00       0x3c ./Core/Src/can_usb.o
 .debug_macro   0x0000000000018d3c      0x235 ./Core/Src/can_usb.o
 .debug_macro   0x0000000000018f71      0x408 ./Core/Src/can_usb.o
 .debug_macro   0x0000000000019379       0xc5 ./Core/Src/can_usb.o
 .debug_macro   0x000000000001943e      0x21d ./Core/Src/can_usb.o
 .debug_macro   0x000000000001965b      0x22c ./Core/Src/can_usb.o
 .debug_macro   0x0000000000019887       0x5b ./Core/Src/can_usb.o
 .debug_macro   0x00000000000198e2       0xa5 ./Core/Src/can_usb.o
 .debug_macro   0x0000000000019987       0x73 ./Core/Src/can_usb.o
 .debug_macro   0x00000000000199fa      0x242 ./Core/Src/can_usb.o
 .debug_macro   0x0000000000019c3c       0x81 ./Core/Src/can_usb.o
 .debug_macro   0x0000000000019cbd       0xd3 ./Core/Src/can_usb.o
 .debug_macro   0x0000000000019d90      0x213 ./Core/Src/can_usb.o
 .debug_macro   0x0000000000019fa3       0x52 ./Core/Src/can_usb.o
 .debug_macro   0x0000000000019ff5       0x61 ./Core/Src/can_usb.o
 .debug_macro   0x000000000001a056       0x2a ./Core/Src/can_usb.o
 .debug_macro   0x000000000001a080       0x43 ./Core/Src/can_usb.o
 .debug_macro   0x000000000001a0c3       0x34 ./Core/Src/can_usb.o
 .debug_macro   0x000000000001a0f7       0x16 ./Core/Src/can_usb.o
 .debug_macro   0x000000000001a10d       0x35 ./Core/Src/can_usb.o
 .debug_macro   0x000000000001a142      0x38c ./Core/Src/can_usb.o
 .debug_macro   0x000000000001a4ce       0x10 ./Core/Src/can_usb.o
 .debug_macro   0x000000000001a4de       0x16 ./Core/Src/can_usb.o
 .debug_macro   0x000000000001a4f4       0x43 ./Core/Src/can_usb.o
 .debug_macro   0x000000000001a537       0x34 ./Core/Src/can_usb.o
 .debug_macro   0x000000000001a56b       0x10 ./Core/Src/can_usb.o
 .debug_macro   0x000000000001a57b       0x58 ./Core/Src/can_usb.o
 .debug_macro   0x000000000001a5d3       0x8e ./Core/Src/can_usb.o
 .debug_macro   0x000000000001a661       0x16 ./Core/Src/can_usb.o
 .debug_macro   0x000000000001a677      0x177 ./Core/Src/can_usb.o
 .debug_macro   0x000000000001a7ee       0x16 ./Core/Src/can_usb.o
 .debug_macro   0x000000000001a804       0x16 ./Core/Src/can_usb.o
 .debug_macro   0x000000000001a81a      0x139 ./Core/Src/can_usb.o
 .debug_macro   0x000000000001a953      0x1b2 ./Core/Src/can_usb.o
 .debug_macro   0x000000000001ab05       0x10 ./Core/Src/can_usb.o
 .debug_macro   0x000000000001ab15      0x3ed ./Core/Src/can_usb.o
 .debug_macro   0x000000000001af02       0x10 ./Core/Src/can_usb.o
 .debug_macro   0x000000000001af12       0x16 ./Core/Src/can_usb.o
 .debug_macro   0x000000000001af28       0x16 ./Core/Src/can_usb.o
 .debug_macro   0x000000000001af3e       0x29 ./Core/Src/can_usb.o
 .debug_macro   0x000000000001af67       0x1c ./Core/Src/can_usb.o
 .debug_macro   0x000000000001af83       0xde ./Core/Src/can_usb.o
 .debug_macro   0x000000000001b061       0x16 ./Core/Src/can_usb.o
 .debug_macro   0x000000000001b077       0x20 ./Core/Src/can_usb.o
 .debug_macro   0x000000000001b097       0x59 ./Core/Src/can_usb.o
 .debug_macro   0x000000000001b0f0      0x1c8 ./Core/Src/can_usb.o
 .debug_macro   0x000000000001b2b8       0x8f ./Core/Src/can_usb.o
 .debug_macro   0x000000000001b347       0x10 ./Core/Src/can_usb.o
 .debug_macro   0x000000000001b357       0x67 ./Core/Src/cobs.o
 .debug_macro   0x000000000001b3be      0xaa8 ./Core/Src/cobs.o
 .debug_macro   0x000000000001be66      0x1fc ./Core/Src/led.o
 .debug_macro   0x000000000001c062     0x102d ./Core/Src/led.o
 .debug_macro   0x000000000001d08f      0x174 ./Core/Src/led.o
 .debug_macro   0x000000000001d203      0x35a ./Core/Src/main.o
 .debug_macro   0x000000000001d55d       0x34 ./Core/Src/main.o
 .debug_macro   0x000000000001d591       0x35 ./Core/Src/main.o
 .debug_macro   0x000000000001d5c6      0x369 ./Core/Src/main.o
 .debug_macro   0x000000000001d92f       0x43 ./Core/Src/main.o
 .debug_macro   0x000000000001d972       0x1c ./Core/Src/main.o
 .debug_macro   0x000000000001d98e      0x147 ./Core/Src/main.o
 .debug_macro   0x000000000001dad5      0x1ec ./Core/Src/stm32f3xx_hal_msp.o
 .debug_macro   0x000000000001dcc1      0x1f6 ./Core/Src/stm32f3xx_it.o
 .debug_macro   0x000000000001deb7      0x1dd ./Core/Src/system_stm32f3xx.o
 .debug_macro   0x000000000001e094      0x3fb ./Core/Src/usbcan_main.o
 .debug_macro   0x000000000001e48f      0x39a ./Core/Src/user_if.o
 .debug_macro   0x000000000001e829      0x201 ./Drivers/STM32F3xx_HAL_Driver/Src/stm32f3xx_hal.o
 .debug_macro   0x000000000001ea2a      0x1e5 ./Drivers/STM32F3xx_HAL_Driver/Src/stm32f3xx_hal_can.o
 .debug_macro   0x000000000001ec0f      0x1dd ./Drivers/STM32F3xx_HAL_Driver/Src/stm32f3xx_hal_cortex.o
 .debug_macro   0x000000000001edec      0x1e4 ./Drivers/STM32F3xx_HAL_Driver/Src/stm32f3xx_hal_gpio.o
 .debug_macro   0x000000000001efd0      0x1e9 ./Drivers/STM32F3xx_HAL_Driver/Src/stm32f3xx_hal_pcd.o
 .debug_macro   0x000000000001f1b9      0x1dd ./Drivers/STM32F3xx_HAL_Driver/Src/stm32f3xx_hal_pcd_ex.o
 .debug_macro   0x000000000001f396      0x201 ./Drivers/STM32F3xx_HAL_Driver/Src/stm32f3xx_hal_rcc.o
 .debug_macro   0x000000000001f597      0x1dd ./Drivers/STM32F3xx_HAL_Driver/Src/stm32f3xx_hal_rcc_ex.o
 .debug_macro   0x000000000001f774      0x1dd ./Drivers/STM32F3xx_HAL_Driver/Src/stm32f3xx_ll_usb.o
 .debug_macro   0x000000000001f951      0x37b ./Middlewares/ST/STM32_USB_Device_Library/Class/CDC/Src/usbd_cdc.o
 .debug_macro   0x000000000001fccc       0x97 ./Middlewares/ST/STM32_USB_Device_Library/Class/CDC/Src/usbd_cdc.o
 .debug_macro   0x000000000001fd63       0xfd ./Middlewares/ST/STM32_USB_Device_Library/Class/CDC/Src/usbd_cdc.o
 .debug_macro   0x000000000001fe60       0x4f ./Middlewares/ST/STM32_USB_Device_Library/Class/CDC/Src/usbd_cdc.o
 .debug_macro   0x000000000001feaf      0x362 ./Middlewares/ST/STM32_USB_Device_Library/Core/Src/usbd_core.o
 .debug_macro   0x0000000000020211      0x1ce ./Middlewares/ST/STM32_USB_Device_Library/Core/Src/usbd_core.o
 .debug_macro   0x00000000000203df      0x36c ./Middlewares/ST/STM32_USB_Device_Library/Core/Src/usbd_ctlreq.o
 .debug_macro   0x000000000002074b      0x368 ./Middlewares/ST/STM32_USB_Device_Library/Core/Src/usbd_ioreq.o
 .debug_macro   0x0000000000020ab3      0x39b ./USB_DEVICE/App/usb_device.o
 .debug_macro   0x0000000000020e4e       0x58 ./USB_DEVICE/App/usb_device.o
 .debug_macro   0x0000000000020ea6       0x22 ./USB_DEVICE/App/usb_device.o
 .debug_macro   0x0000000000020ec8       0x16 ./USB_DEVICE/App/usb_device.o
 .debug_macro   0x0000000000020ede      0x394 ./USB_DEVICE/App/usbd_cdc_if.o
 .debug_macro   0x0000000000021272      0x39f ./USB_DEVICE/App/usbd_desc.o
 .debug_macro   0x0000000000021611       0x1c ./USB_DEVICE/App/usbd_desc.o
 .debug_macro   0x000000000002162d      0x37f ./USB_DEVICE/Target/usbd_conf.o

.debug_line     0x0000000000000000    0x13e27
 .debug_line    0x0000000000000000      0xf63 ./Core/Src/can_usb.o
 .debug_line    0x0000000000000f63      0x4be ./Core/Src/cobs.o
 .debug_line    0x0000000000001421      0x7af ./Core/Src/led.o
 .debug_line    0x0000000000001bd0      0xad8 ./Core/Src/main.o
 .debug_line    0x00000000000026a8      0x7c5 ./Core/Src/stm32f3xx_hal_msp.o
 .debug_line    0x0000000000002e6d      0x87e ./Core/Src/stm32f3xx_it.o
 .debug_line    0x00000000000036eb      0x7ea ./Core/Src/system_stm32f3xx.o
 .debug_line    0x0000000000003ed5      0xe86 ./Core/Src/usbcan_main.o
 .debug_line    0x0000000000004d5b      0xa58 ./Core/Src/user_if.o
 .debug_line    0x00000000000057b3       0x7a ./Core/Startup/startup_stm32f302cbtx.o
 .debug_line    0x000000000000582d      0xa1f ./Drivers/STM32F3xx_HAL_Driver/Src/stm32f3xx_hal.o
 .debug_line    0x000000000000624c     0x11c4 ./Drivers/STM32F3xx_HAL_Driver/Src/stm32f3xx_hal_can.o
 .debug_line    0x0000000000007410      0xce4 ./Drivers/STM32F3xx_HAL_Driver/Src/stm32f3xx_hal_cortex.o
 .debug_line    0x00000000000080f4      0xb7e ./Drivers/STM32F3xx_HAL_Driver/Src/stm32f3xx_hal_gpio.o
 .debug_line    0x0000000000008c72     0x1363 ./Drivers/STM32F3xx_HAL_Driver/Src/stm32f3xx_hal_pcd.o
 .debug_line    0x0000000000009fd5      0x7ed ./Drivers/STM32F3xx_HAL_Driver/Src/stm32f3xx_hal_pcd_ex.o
 .debug_line    0x000000000000a7c2     0x13f9 ./Drivers/STM32F3xx_HAL_Driver/Src/stm32f3xx_hal_rcc.o
 .debug_line    0x000000000000bbbb      0xcea ./Drivers/STM32F3xx_HAL_Driver/Src/stm32f3xx_hal_rcc_ex.o
 .debug_line    0x000000000000c8a5     0x1018 ./Drivers/STM32F3xx_HAL_Driver/Src/stm32f3xx_ll_usb.o
 .debug_line    0x000000000000d8bd      0xd77 ./Middlewares/ST/STM32_USB_Device_Library/Class/CDC/Src/usbd_cdc.o
 .debug_line    0x000000000000e634      0xdf3 ./Middlewares/ST/STM32_USB_Device_Library/Core/Src/usbd_core.o
 .debug_line    0x000000000000f427     0x1030 ./Middlewares/ST/STM32_USB_Device_Library/Core/Src/usbd_ctlreq.o
 .debug_line    0x0000000000010457      0xa89 ./Middlewares/ST/STM32_USB_Device_Library/Core/Src/usbd_ioreq.o
 .debug_line    0x0000000000010ee0      0xa49 ./USB_DEVICE/App/usb_device.o
 .debug_line    0x0000000000011929      0xba8 ./USB_DEVICE/App/usbd_cdc_if.o
 .debug_line    0x00000000000124d1      0xb12 ./USB_DEVICE/App/usbd_desc.o
 .debug_line    0x0000000000012fe3      0xe44 ./USB_DEVICE/Target/usbd_conf.o

.debug_str      0x0000000000000000    0xa881c
 .debug_str     0x0000000000000000    0xa51bf ./Core/Src/can_usb.o
                                      0xa5ab4 (size before relaxing)
 .debug_str     0x00000000000a51bf      0x216 ./Core/Src/cobs.o
                                       0x3d2b (size before relaxing)
 .debug_str     0x00000000000a53d5       0xf1 ./Core/Src/led.o
                                      0x9ef7e (size before relaxing)
 .debug_str     0x00000000000a54c6      0x8e3 ./Core/Src/main.o
                                      0xa3c91 (size before relaxing)
 .debug_str     0x00000000000a5da9       0x5e ./Core/Src/stm32f3xx_hal_msp.o
                                      0x9f65e (size before relaxing)
 .debug_str     0x00000000000a5e07      0x406 ./Core/Src/stm32f3xx_it.o
                                      0x9f569 (size before relaxing)
 .debug_str     0x00000000000a620d       0xdf ./Core/Src/system_stm32f3xx.o
                                      0x9ee74 (size before relaxing)
 .debug_str     0x00000000000a62ec      0x33a ./Core/Src/usbcan_main.o
                                      0xa5c8a (size before relaxing)
 .debug_str     0x00000000000a6626       0x7e ./Core/Src/user_if.o
                                      0xa3850 (size before relaxing)
 .debug_str     0x00000000000a66a4       0x34 ./Core/Startup/startup_stm32f302cbtx.o
                                         0x72 (size before relaxing)
 .debug_str     0x00000000000a66d8      0x327 ./Drivers/STM32F3xx_HAL_Driver/Src/stm32f3xx_hal.o
                                      0x9f64b (size before relaxing)
 .debug_str     0x00000000000a69ff      0x3b3 ./Drivers/STM32F3xx_HAL_Driver/Src/stm32f3xx_hal_can.o
                                      0x9f5fb (size before relaxing)
 .debug_str     0x00000000000a6db2      0x33e ./Drivers/STM32F3xx_HAL_Driver/Src/stm32f3xx_hal_cortex.o
                                      0x9f69d (size before relaxing)
 .debug_str     0x00000000000a70f0       0xe6 ./Drivers/STM32F3xx_HAL_Driver/Src/stm32f3xx_hal_gpio.o
                                      0x9efea (size before relaxing)
 .debug_str     0x00000000000a71d6      0x528 ./Drivers/STM32F3xx_HAL_Driver/Src/stm32f3xx_hal_pcd.o
                                      0x9f689 (size before relaxing)
 .debug_str     0x00000000000a76fe      0x170 ./Drivers/STM32F3xx_HAL_Driver/Src/stm32f3xx_hal_pcd_ex.o
                                      0x9f263 (size before relaxing)
 .debug_str     0x00000000000a786e      0x2b3 ./Drivers/STM32F3xx_HAL_Driver/Src/stm32f3xx_hal_rcc.o
                                      0x9f314 (size before relaxing)
 .debug_str     0x00000000000a7b21       0xbe ./Drivers/STM32F3xx_HAL_Driver/Src/stm32f3xx_hal_rcc_ex.o
                                      0x9f0b1 (size before relaxing)
 .debug_str     0x00000000000a7bdf       0xd8 ./Drivers/STM32F3xx_HAL_Driver/Src/stm32f3xx_ll_usb.o
                                      0x9f1de (size before relaxing)
 .debug_str     0x00000000000a7cb7      0x31d ./Middlewares/ST/STM32_USB_Device_Library/Class/CDC/Src/usbd_cdc.o
                                      0xa3e21 (size before relaxing)
 .debug_str     0x00000000000a7fd4      0x288 ./Middlewares/ST/STM32_USB_Device_Library/Core/Src/usbd_core.o
                                      0xa3768 (size before relaxing)
 .debug_str     0x00000000000a825c      0x120 ./Middlewares/ST/STM32_USB_Device_Library/Core/Src/usbd_ctlreq.o
                                      0xa3682 (size before relaxing)
 .debug_str     0x00000000000a837c       0x51 ./Middlewares/ST/STM32_USB_Device_Library/Core/Src/usbd_ioreq.o
                                      0xa35af (size before relaxing)
 .debug_str     0x00000000000a83cd       0xb9 ./USB_DEVICE/App/usb_device.o
                                      0xa393a (size before relaxing)
 .debug_str     0x00000000000a8486       0xdb ./USB_DEVICE/App/usbd_cdc_if.o
                                      0xa3a50 (size before relaxing)
 .debug_str     0x00000000000a8561      0x248 ./USB_DEVICE/App/usbd_desc.o
                                      0xa34db (size before relaxing)
 .debug_str     0x00000000000a87a9       0x73 ./USB_DEVICE/Target/usbd_conf.o
                                      0xa4568 (size before relaxing)

.debug_frame    0x0000000000000000     0x2ff4
 .debug_frame   0x0000000000000000      0x108 ./Core/Src/can_usb.o
 .debug_frame   0x0000000000000108       0x60 ./Core/Src/cobs.o
 .debug_frame   0x0000000000000168       0x5c ./Core/Src/led.o
 .debug_frame   0x00000000000001c4       0xb4 ./Core/Src/main.o
 .debug_frame   0x0000000000000278       0x80 ./Core/Src/stm32f3xx_hal_msp.o
 .debug_frame   0x00000000000002f8      0x158 ./Core/Src/stm32f3xx_it.o
 .debug_frame   0x0000000000000450       0x58 ./Core/Src/system_stm32f3xx.o
 .debug_frame   0x00000000000004a8       0x54 ./Core/Src/usbcan_main.o
 .debug_frame   0x00000000000004fc       0x58 ./Core/Src/user_if.o