../Core/Inc/buffer.hpp:19:13:void Buffer::setBuffer(uint8_t*)	24	static
../Core/Inc/buffer.hpp:9:7:Buffer::Buffer()	16	static
../Core/Src/can_usb.cpp:17:6:void usb_process(uint8_t*, uint8_t)	16	static
../Core/Src/can_usb.cpp:49:6:void can_process(const CAN_RxHeaderTypeDef*, uint8_t*)	32	static
../Core/Src/can_usb.cpp:113:6:void usb_to_can(uint8_t*, uint8_t)	16	static
../Core/Src/can_usb.cpp:159:1:void __static_initialization_and_destruction_0(int, int)	16	static
../Core/Src/can_usb.cpp:159:1:cpp)	8	static
