Archive member included to satisfy reference by file (symbol)

C:/ST/STM32CubeIDE_1.14.0/STM32CubeIDE/plugins/com.st.stm32cube.ide.mcu.externaltools.gnu-tools-for-stm32.11.3.rel1.win32_1.1.100.202309141235/tools/bin/../lib/gcc/arm-none-eabi/11.3.1/../../../../arm-none-eabi/lib/thumb/v7e-m+fp/hard\libc_nano.a(libc_a-exit.o)
                              C:/ST/STM32CubeIDE_1.14.0/STM32CubeIDE/plugins/com.st.stm32cube.ide.mcu.externaltools.gnu-tools-for-stm32.11.3.rel1.win32_1.1.100.202309141235/tools/bin/../lib/gcc/arm-none-eabi/11.3.1/../../../../arm-none-eabi/lib/thumb/v7e-m+fp/hard/crt0.o (exit)
C:/ST/STM32CubeIDE_1.14.0/STM32CubeIDE/plugins/com.st.stm32cube.ide.mcu.externaltools.gnu-tools-for-stm32.11.3.rel1.win32_1.1.100.202309141235/tools/bin/../lib/gcc/arm-none-eabi/11.3.1/../../../../arm-none-eabi/lib/thumb/v7e-m+fp/hard\libc_nano.a(libc_a-findfp.o)
                              C:/ST/STM32CubeIDE_1.14.0/STM32CubeIDE/plugins/com.st.stm32cube.ide.mcu.externaltools.gnu-tools-for-stm32.11.3.rel1.win32_1.1.100.202309141235/tools/bin/../lib/gcc/arm-none-eabi/11.3.1/../../../../arm-none-eabi/lib/thumb/v7e-m+fp/hard\libc_nano.a(libc_a-exit.o) (__stdio_exit_handler)
C:/ST/STM32CubeIDE_1.14.0/STM32CubeIDE/plugins/com.st.stm32cube.ide.mcu.externaltools.gnu-tools-for-stm32.11.3.rel1.win32_1.1.100.202309141235/tools/bin/../lib/gcc/arm-none-eabi/11.3.1/../../../../arm-none-eabi/lib/thumb/v7e-m+fp/hard\libc_nano.a(libc_a-fwalk.o)
                              C:/ST/STM32CubeIDE_1.14.0/STM32CubeIDE/plugins/com.st.stm32cube.ide.mcu.externaltools.gnu-tools-for-stm32.11.3.rel1.win32_1.1.100.202309141235/tools/bin/../lib/gcc/arm-none-eabi/11.3.1/../../../../arm-none-eabi/lib/thumb/v7e-m+fp/hard\libc_nano.a(libc_a-findfp.o) (_fwalk_sglue)
C:/ST/STM32CubeIDE_1.14.0/STM32CubeIDE/plugins/com.st.stm32cube.ide.mcu.externaltools.gnu-tools-for-stm32.11.3.rel1.win32_1.1.100.202309141235/tools/bin/../lib/gcc/arm-none-eabi/11.3.1/../../../../arm-none-eabi/lib/thumb/v7e-m+fp/hard\libc_nano.a(libc_a-stdio.o)
                              C:/ST/STM32CubeIDE_1.14.0/STM32CubeIDE/plugins/com.st.stm32cube.ide.mcu.externaltools.gnu-tools-for-stm32.11.3.rel1.win32_1.1.100.202309141235/tools/bin/../lib/gcc/arm-none-eabi/11.3.1/../../../../arm-none-eabi/lib/thumb/v7e-m+fp/hard\libc_nano.a(libc_a-findfp.o) (__sread)
C:/ST/STM32CubeIDE_1.14.0/STM32CubeIDE/plugins/com.st.stm32cube.ide.mcu.externaltools.gnu-tools-for-stm32.11.3.rel1.win32_1.1.100.202309141235/tools/bin/../lib/gcc/arm-none-eabi/11.3.1/../../../../arm-none-eabi/lib/thumb/v7e-m+fp/hard\libc_nano.a(libc_a-memset.o)
                              C:/ST/STM32CubeIDE_1.14.0/STM32CubeIDE/plugins/com.st.stm32cube.ide.mcu.externaltools.gnu-tools-for-stm32.11.3.rel1.win32_1.1.100.202309141235/tools/bin/../lib/gcc/arm-none-eabi/11.3.1/../../../../arm-none-eabi/lib/thumb/v7e-m+fp/hard/crt0.o (memset)
C:/ST/STM32CubeIDE_1.14.0/STM32CubeIDE/plugins/com.st.stm32cube.ide.mcu.externaltools.gnu-tools-for-stm32.11.3.rel1.win32_1.1.100.202309141235/tools/bin/../lib/gcc/arm-none-eabi/11.3.1/../../../../arm-none-eabi/lib/thumb/v7e-m+fp/hard\libc_nano.a(libc_a-closer.o)
                              C:/ST/STM32CubeIDE_1.14.0/STM32CubeIDE/plugins/com.st.stm32cube.ide.mcu.externaltools.gnu-tools-for-stm32.11.3.rel1.win32_1.1.100.202309141235/tools/bin/../lib/gcc/arm-none-eabi/11.3.1/../../../../arm-none-eabi/lib/thumb/v7e-m+fp/hard\libc_nano.a(libc_a-stdio.o) (_close_r)
C:/ST/STM32CubeIDE_1.14.0/STM32CubeIDE/plugins/com.st.stm32cube.ide.mcu.externaltools.gnu-tools-for-stm32.11.3.rel1.win32_1.1.100.202309141235/tools/bin/../lib/gcc/arm-none-eabi/11.3.1/../../../../arm-none-eabi/lib/thumb/v7e-m+fp/hard\libc_nano.a(libc_a-reent.o)
                              C:/ST/STM32CubeIDE_1.14.0/STM32CubeIDE/plugins/com.st.stm32cube.ide.mcu.externaltools.gnu-tools-for-stm32.11.3.rel1.win32_1.1.100.202309141235/tools/bin/../lib/gcc/arm-none-eabi/11.3.1/../../../../arm-none-eabi/lib/thumb/v7e-m+fp/hard\libc_nano.a(libc_a-closer.o) (errno)
C:/ST/STM32CubeIDE_1.14.0/STM32CubeIDE/plugins/com.st.stm32cube.ide.mcu.externaltools.gnu-tools-for-stm32.11.3.rel1.win32_1.1.100.202309141235/tools/bin/../lib/gcc/arm-none-eabi/11.3.1/../../../../arm-none-eabi/lib/thumb/v7e-m+fp/hard\libc_nano.a(libc_a-impure.o)
                              C:/ST/STM32CubeIDE_1.14.0/STM32CubeIDE/plugins/com.st.stm32cube.ide.mcu.externaltools.gnu-tools-for-stm32.11.3.rel1.win32_1.1.100.202309141235/tools/bin/../lib/gcc/arm-none-eabi/11.3.1/../../../../arm-none-eabi/lib/thumb/v7e-m+fp/hard\libc_nano.a(libc_a-reent.o) (_impure_ptr)
C:/ST/STM32CubeIDE_1.14.0/STM32CubeIDE/plugins/com.st.stm32cube.ide.mcu.externaltools.gnu-tools-for-stm32.11.3.rel1.win32_1.1.100.202309141235/tools/bin/../lib/gcc/arm-none-eabi/11.3.1/../../../../arm-none-eabi/lib/thumb/v7e-m+fp/hard\libc_nano.a(libc_a-lseekr.o)
[...]
Memory Configuration

Name             Origin             Length             Attributes
RAM              0x0000000020000000 0x0000000000008000 xrw
FLASH            0x0000000008000000 0x0000000000020000 xr
*default*        0x0000000000000000 0xffffffffffffffff

Linker script and memory map

LOAD C:/ST/STM32CubeIDE_1.14.0/STM32CubeIDE/plugins/com.st.stm32cube.ide.mcu.externaltools.gnu-tools-for-stm32.11.3.rel1.win32_1.1.100.202309141235/tools/bin/../lib/gcc/arm-none-eabi/11.3.1/thumb/v7e-m+fp/hard/crti.o
LOAD C:/ST/STM32CubeIDE_1.14.0/STM32CubeIDE/plugins/com.st.stm32cube.ide.mcu.externaltools.gnu-tools-for-stm32.11.3.rel1.win32_1.1.100.202309141235/tools/bin/../lib/gcc/arm-none-eabi/11.3.1/thumb/v7e-m+fp/hard/crtbegin.o
LOAD C:/ST/STM32CubeIDE_1.14.0/STM32CubeIDE/plugins/com.st.stm32cube.ide.mcu.externaltools.gnu-tools-for-stm32.11.3.rel1.win32_1.1.100.202309141235/tools/bin/../lib/gcc/arm-none-eabi/11.3.1/../../../../arm-none-eabi/lib/thumb/v7e-m+fp/hard/crt0.o
LOAD ./Core/Src/can_usb.o
LOAD ./Core/Src/cobs.o
LOAD ./Core/Src/led.o
LOAD ./Core/Src/main.o
LOAD ./Core/Src/stm32f3xx_hal_msp.o
LOAD ./Core/Src/stm32f3xx_it.o
LOAD ./Core/Src/syscalls.o
LOAD ./Core/Src/sysmem.o
LOAD ./Core/Src/system_stm32f3xx.o
LOAD ./Core/Src/usbcan_main.o
LOAD ./Core/Src/user_if.o
LOAD ./Core/Startup/startup_stm32f302cbtx.o
LOAD ./Drivers/STM32F3xx_HAL_Driver/Src/stm32f3xx_hal.o
LOAD ./Drivers/STM32F3xx_HAL_Driver/Src/stm32f3xx_hal_can.o
LOAD ./Drivers/STM32F3xx_HAL_Driver/Src/stm32f3xx_hal_cortex.o
LOAD ./Drivers/STM32F3xx_HAL_Driver/Src/stm32f3xx_hal_dma.o
LOAD ./Drivers/STM32F3xx_HAL_Driver/Src/stm32f3xx_hal_exti.o
LOAD ./Drivers/STM32F3xx_HAL_Driver/Src/stm32f3xx_hal_flash.o
LOAD ./Drivers/STM32F3xx_HAL_Driver/Src/stm32f3xx_hal_flash_ex.o
LOAD ./Drivers/STM32F3xx_HAL_Driver/Src/stm32f3xx_hal_gpio.o
LOAD ./Drivers/STM32F3xx_HAL_Driver/Src/stm32f3xx_hal_i2c.o
LOAD ./Drivers/STM32F3xx_HAL_Driver/Src/stm32f3xx_hal_i2c_ex.o
LOAD ./Drivers/STM32F3xx_HAL_Driver/Src/stm32f3xx_hal_pcd.o
LOAD ./Drivers/STM32F3xx_HAL_Driver/Src/stm32f3xx_hal_pcd_ex.o
LOAD ./Drivers/STM32F3xx_HAL_Driver/Src/stm32f3xx_hal_pwr.o
LOAD ./Drivers/STM32F3xx_HAL_Driver/Src/stm32f3xx_hal_pwr_ex.o
LOAD ./Drivers/STM32F3xx_HAL_Driver/Src/stm32f3xx_hal_rcc.o
LOAD ./Drivers/STM32F3xx_HAL_Driver/Src/stm32f3xx_hal_rcc_ex.o
LOAD ./Drivers/STM32F3xx_HAL_Driver/Src/stm32f3xx_hal_tim.o
LOAD ./Drivers/STM32F3xx_HAL_Driver/Src/stm32f3xx_hal_tim_ex.o
LOAD ./Drivers/STM32F3xx_HAL_Driver/Src/stm32f3xx_ll_usb.o
LOAD ./Middlewares/ST/STM32_USB_Device_Library/Class/CDC/Src/usbd_cdc.o
LOAD ./Middlewares/ST/STM32_USB_Device_Library/Core/Src/usbd_core.o
LOAD ./Middlewares/ST/STM32_USB_Device_Library/Core/Src/usbd_ctlreq.o
LOAD ./Middlewares/ST/STM32_USB_Device_Library/Core/Src/usbd_ioreq.o
LOAD ./USB_DEVICE/App/usb_device.o
LOAD ./USB_DEVICE/App/usbd_cdc_if.o
LOAD ./USB_DEVICE/App/usbd_desc.o
LOAD ./USB_DEVICE/Target/usbd_conf.o
START GROUP
LOAD C:/ST/STM32CubeIDE_1.14.0/STM32CubeIDE/plugins/com.st.stm32cube.ide.mcu.externaltools.gnu-tools-for-stm32.11.3.rel1.win32_1.1.100.202309141235/tools/bin/../lib/gcc/arm-none-eabi/11.3.1/../../../../arm-none-eabi/lib/thumb/v7e-m+fp/hard\libstdc++_nano.a
LOAD C:/ST/STM32CubeIDE_1.14.0/STM32CubeIDE/plugins/com.st.stm32cube.ide.mcu.externaltools.gnu-tools-for-stm32.11.3.rel1.win32_1.1.100.202309141235/tools/bin/../lib/gcc/arm-none-eabi/11.3.1/../../../../arm-none-eabi/lib/thumb/v7e-m+fp/hard\libsupc++_nano.a
END GROUP
LOAD C:/ST/STM32CubeIDE_1.14.0/STM32CubeIDE/plugins/com.st.stm32cube.ide.mcu.externaltools.gnu-tools-for-stm32.11.3.rel1.win32_1.1.100.202309141235/tools/bin/../lib/gcc/arm-none-eabi/11.3.1/../../../../arm-none-eabi/lib/thumb/v7e-m+fp/hard\libstdc++_nano.a
LOAD C:/ST/STM32CubeIDE_1.14.0/STM32CubeIDE/plugins/com.st.stm32cube.ide.mcu.externaltools.gnu-tools-for-stm32.11.3.rel1.win32_1.1.100.202309141235/tools/bin/../lib/gcc/arm-none-eabi/11.3.1/../../../../arm-none-eabi/lib/thumb/v7e-m+fp/hard\libm.a
LOAD C:/ST/STM32CubeIDE_1.14.0/STM32CubeIDE/plugins/com.st.stm32cube.ide.mcu.externaltools.gnu-tools-for-stm32.11.3.rel1.win32_1.1.100.202309141235/tools/bin/../lib/gcc/arm-none-eabi/11.3.1/../../../../arm-none-eabi/lib/thumb/v7e-m+fp/hard\libc_nano.a
START GROUP
LOAD C:/ST/STM32CubeIDE_1.14.0/STM32CubeIDE/plugins/com.st.stm32cube.ide.mcu.externaltools.gnu-tools-for-stm32.11.3.rel1.win32_1.1.100.202309141235/tools/bin/../lib/gcc/arm-none-eabi/11.3.1/thumb/v7e-m+fp/hard\libgcc.a
LOAD C:/ST/STM32CubeIDE_1.14.0/STM32CubeIDE/plugins/com.st.stm32cube.ide.mcu.externaltools.gnu-tools-for-stm32.11.3.rel1.win32_1.1.100.202309141235/tools/bin/../lib/gcc/arm-none-eabi/11.3.1/../../../../arm-none-eabi/lib/thumb/v7e-m+fp/hard\libc_nano.a
END GROUP
START GROUP
LOAD C:/ST/STM32CubeIDE_1.14.0/STM32CubeIDE/plugins/com.st.stm32cube.ide.mcu.externaltools.gnu-tools-for-stm32.11.3.rel1.win32_1.1.100.202309141235/tools/bin/../lib/gcc/arm-none-eabi/11.3.1/thumb/v7e-m+fp/hard\libgcc.a
LOAD C:/ST/STM32CubeIDE_1.14.0/STM32CubeIDE/plugins/com.st.stm32cube.ide.mcu.externaltools.gnu-tools-for-stm32.11.3.rel1.win32_1.1.100.202309141235/tools/bin/../lib/gcc/arm-none-eabi/11.3.1/../../../../arm-none-eabi/lib/thumb/v7e-m+fp/hard\libc_nano.a
LOAD C:/ST/STM32CubeIDE_1.14.0/STM32CubeIDE/plugins/com.st.stm32cube.ide.mcu.externaltools.gnu-tools-for-stm32.11.3.rel1.win32_1.1.100.202309141235/tools/bin/../lib/gcc/arm-none-eabi/11.3.1/../../../../arm-none-eabi/lib/thumb/v7e-m+fp/hard\libnosys.a
END GROUP
START GROUP
LOAD C:/ST/STM32CubeIDE_1.14.0/STM32CubeIDE/plugins/com.st.stm32cube.ide.mcu.externaltools.gnu-tools-for-stm32.11.3.rel1.win32_1.1.100.202309141235/tools/bin/../lib/gcc/arm-none-eabi/11.3.1/thumb/v7e-m+fp/hard\libgcc.a
LOAD C:/ST/STM32CubeIDE_1.14.0/STM32CubeIDE/plugins/com.st.stm32cube.ide.mcu.externaltools.gnu-tools-for-stm32.11.3.rel1.win32_1.1.100.202309141235/tools/bin/../lib/gcc/arm-none-eabi/11.3.1/../../../../arm-none-eabi/lib/thumb/v7e-m+fp/hard\libc_nano.a
LOAD C:/ST/STM32CubeIDE_1.14.0/STM32CubeIDE/plugins/com.st.stm32cube.ide.mcu.externaltools.gnu-tools-for-stm32.11.3.rel1.win32_1.1.100.202309141235/tools/bin/../lib/gcc/arm-none-eabi/11.3.1/../../../../arm-none-eabi/lib/thumb/v7e-m+fp/hard\libnosys.a
END GROUP
LOAD C:/ST/STM32CubeIDE_1.14.0/STM32CubeIDE/plugins/com.st.stm32cube.ide.mcu.externaltools.gnu-tools-for-stm32.11.3.rel1.win32_1.1.100.202309141235/tools/bin/../lib/gcc/arm-none-eabi/11.3.1/thumb/v7e-m+fp/hard/crtend.o
LOAD C:/ST/STM32CubeIDE_1.14.0/STM32CubeIDE/plugins/com.st.stm32cube.ide.mcu.externaltools.gnu-tools-for-stm32.11.3.rel1.win32_1.1.100.202309141235/tools/bin/../lib/gcc/arm-none-eabi/11.3.1/thumb/v7e-m+fp/hard/crtn.o
                0x0000000020008000                _estack = (ORIGIN (RAM) + LENGTH (RAM))
                0x0000000000000200                _Min_Heap_Size = 0x200
                0x0000000000000400                _Min_Stack_Size = 0x400

.isr_vector     0x0000000008000000      0x188
                0x0000000008000000                . = ALIGN (0x4)
 *(.isr_vector)
 .isr_vector    0x0000000008000000      0x188 ./Core/Startup/startup_stm32f302cbtx.o
                0x0000000008000000                g_pfnVectors
                0x0000000008000188                . = ALIGN (0x4)

.text           0x0000000008000188     0x3ea4
                0x0000000008000188                . = ALIGN (0x4)
 *(.text)
 .text          0x0000000008000188       0x40 C:/ST/STM32CubeIDE_1.14.0/STM32CubeIDE/plugins/com.st.stm32cube.ide.mcu.externaltools.gnu-tools-for-stm32.11.3.rel1.win32_1.1.100.202309141235/tools/bin/../lib/gcc/arm-none-eabi/11.3.1/thumb/v7e-m+fp/hard/crtbegin.o
 *(.text*)
 .text.can_process
                0x00000000080001c8       0x60 ./Core/Src/can_usb.o
                0x00000000080001c8                can_process
 .text._Z10usb_to_canPhh
                0x0000000008000228       0x98 ./Core/Src/can_usb.o
                0x0000000008000228                usb_to_can(unsigned char*, unsigned char)
 .text.usb_process
                0x00000000080002c0       0x1c ./Core/Src/can_usb.o
                0x00000000080002c0                usb_process
 .text.startup._GLOBAL__sub_I_buffer
                0x00000000080002dc       0x28 ./Core/Src/can_usb.o
 .text.cobs_encode
                0x0000000008000304       0x26 ./Core/Src/cobs.o
                0x0000000008000304                cobs_encode
 *fill*         0x000000000800032a        0x2 
 .text.led_on   0x000000000800032c       0x20 ./Core/Src/led.o
                0x000000000800032c                led_on
 .text.led_process
                0x000000000800034c       0x2c ./Core/Src/led.o
                0x000000000800034c                led_process
 .text.Error_Handler
                0x0000000008000378       0x18 ./Core/Src/main.o
                0x0000000008000378                Error_Handler
 .text.SystemClock_Config
                0x0000000008000390       0x78 ./Core/Src/main.o
                0x0000000008000390                SystemClock_Config
 .text.startup.main
                0x0000000008000408      0x14c ./Core/Src/main.o
                0x0000000008000408                main
 .text.HAL_MspInit
                0x0000000008000554       0x30 ./Core/Src/stm32f3xx_hal_msp.o
                0x0000000008000554                HAL_MspInit
 .text.HAL_CAN_MspInit
                0x0000000008000584       0x78 ./Core/Src/stm32f3xx_hal_msp.o
                0x0000000008000584                HAL_CAN_MspInit
 .text.NMI_Handler
                0x00000000080005fc        0x2 ./Core/Src/stm32f3xx_it.o
                0x00000000080005fc                NMI_Handler
 .text.HardFault_Handler
                0x00000000080005fe        0x2 ./Core/Src/stm32f3xx_it.o
                0x00000000080005fe                HardFault_Handler
 .text.MemManage_Handler
                0x0000000008000600        0x2 ./Core/Src/stm32f3xx_it.o
                0x0000000008000600                MemManage_Handler
 .text.BusFault_Handler
                0x0000000008000602        0x2 ./Core/Src/stm32f3xx_it.o
                0x0000000008000602                BusFault_Handler
 .text.UsageFault_Handler
                0x0000000008000604        0x2 ./Core/Src/stm32f3xx_it.o
                0x0000000008000604                UsageFault_Handler
 .text.SVC_Handler
                0x0000000008000606        0x2 ./Core/Src/stm32f3xx_it.o
                0x0000000008000606                SVC_Handler
 .text.DebugMon_Handler
                0x0000000008000608        0x2 ./Core/Src/stm32f3xx_it.o
                0x0000000008000608                DebugMon_Handler
 .text.PendSV_Handler
                0x000000000800060a        0x2 ./Core/Src/stm32f3xx_it.o
                0x000000000800060a                PendSV_Handler
 .text.SysTick_Handler
                0x000000000800060c        0x4 ./Core/Src/stm32f3xx_it.o
                0x000000000800060c                SysTick_Handler
 .text.EXTI1_IRQHandler
                0x0000000008000610        0x6 ./Core/Src/stm32f3xx_it.o
                0x0000000008000610                EXTI1_IRQHandler
 *fill*         0x0000000008000616        0x2 
 .text.USB_LP_CAN_RX0_IRQHandler
                0x0000000008000618        0xc ./Core/Src/stm32f3xx_it.o
                0x0000000008000618                USB_LP_CAN_RX0_IRQHandler
 .text.USB_LP_IRQHandler
                0x0000000008000624        0xc ./Core/Src/stm32f3xx_it.o
                0x0000000008000624                USB_LP_IRQHandler
 .text.SystemInit
                0x0000000008000630       0x14 ./Core/Src/system_stm32f3xx.o
                0x0000000008000630                SystemInit
 .text.main_cpp
                0x0000000008000644      0x100 ./Core/Src/usbcan_main.o
                0x0000000008000644                main_cpp
 .text.HAL_CAN_RxFifo0MsgPendingCallback
                0x0000000008000744       0x20 ./Core/Src/user_if.o
                0x0000000008000744                HAL_CAN_RxFifo0MsgPendingCallback
 .text.HAL_GPIO_EXTI_Callback
                0x0000000008000764       0x34 ./Core/Src/user_if.o
                0x0000000008000764                HAL_GPIO_EXTI_Callback
 .text.Reset_Handler
                0x0000000008000798       0x50 ./Core/Startup/startup_stm32f302cbtx.o
                0x0000000008000798                Reset_Handler
 .text.Default_Handler
                0x00000000080007e8        0x2 ./Core/Startup/startup_stm32f302cbtx.o
                0x00000000080007e8                RTC_Alarm_IRQHandler
                0x00000000080007e8                TIM1_CC_IRQHandler
                0x00000000080007e8                USB_HP_IRQHandler
                0x00000000080007e8                PVD_IRQHandler
                0x00000000080007e8                TAMP_STAMP_IRQHandler
                0x00000000080007e8                EXTI3_IRQHandler
                0x00000000080007e8                USB_HP_CAN_TX_IRQHandler
                0x00000000080007e8                EXTI0_IRQHandler
                0x00000000080007e8                I2C2_EV_IRQHandler
                0x00000000080007e8                FPU_IRQHandler
                0x00000000080007e8                TIM1_UP_TIM16_IRQHandler
                0x00000000080007e8                ADC1_2_IRQHandler
                0x00000000080007e8                SPI1_IRQHandler
                0x00000000080007e8                CAN_SCE_IRQHandler
                0x00000000080007e8                TIM6_DAC_IRQHandler
                0x00000000080007e8                DMA2_Channel2_IRQHandler
                0x00000000080007e8                DMA1_Channel4_IRQHandler
                0x00000000080007e8                USART3_IRQHandler
                0x00000000080007e8                DMA1_Channel7_IRQHandler
                0x00000000080007e8                UART5_IRQHandler
                0x00000000080007e8                TIM4_IRQHandler
                0x00000000080007e8                CAN_RX1_IRQHandler
                0x00000000080007e8                DMA2_Channel1_IRQHandler
                0x00000000080007e8                I2C1_EV_IRQHandler
                0x00000000080007e8                DMA1_Channel6_IRQHandler
                0x00000000080007e8                UART4_IRQHandler
                0x00000000080007e8                DMA2_Channel4_IRQHandler
                0x00000000080007e8                TIM3_IRQHandler
                0x00000000080007e8                RCC_IRQHandler
                0x00000000080007e8                DMA1_Channel1_IRQHandler
                0x00000000080007e8                Default_Handler
                0x00000000080007e8                USBWakeUp_RMP_IRQHandler
                0x00000000080007e8                EXTI15_10_IRQHandler
                0x00000000080007e8                EXTI9_5_IRQHandler
                0x00000000080007e8                RTC_WKUP_IRQHandler
                0x00000000080007e8                SPI2_IRQHandler
                0x00000000080007e8                DMA2_Channel5_IRQHandler
                0x00000000080007e8                DMA1_Channel5_IRQHandler
                0x00000000080007e8                EXTI4_IRQHandler
                0x00000000080007e8                COMP1_2_IRQHandler
                0x00000000080007e8                TIM1_TRG_COM_TIM17_IRQHandler
                0x00000000080007e8                DMA1_Channel3_IRQHandler
                0x00000000080007e8                WWDG_IRQHandler
                0x00000000080007e8                TIM2_IRQHandler
                0x00000000080007e8                COMP4_6_IRQHandler
                0x00000000080007e8                USART2_IRQHandler
                0x00000000080007e8                I2C2_ER_IRQHandler
                0x00000000080007e8                DMA1_Channel2_IRQHandler
                0x00000000080007e8                FLASH_IRQHandler
                0x00000000080007e8                USART1_IRQHandler
                0x00000000080007e8                SPI3_IRQHandler
                0x00000000080007e8                I2C1_ER_IRQHandler
                0x00000000080007e8                USBWakeUp_IRQHandler
                0x00000000080007e8                DMA2_Channel3_IRQHandler
                0x00000000080007e8                EXTI2_TSC_IRQHandler
                0x00000000080007e8                TIM1_BRK_TIM15_IRQHandler
 *fill*         0x00000000080007ea        0x2 
 .text.HAL_InitTick
                0x00000000080007ec       0x48 ./Drivers/STM32F3xx_HAL_Driver/Src/stm32f3xx_hal.o
                0x00000000080007ec                HAL_InitTick
 .text.HAL_Init
                0x0000000008000834       0x24 ./Drivers/STM32F3xx_HAL_Driver/Src/stm32f3xx_hal.o
                0x0000000008000834                HAL_Init
 .text.HAL_IncTick
                0x0000000008000858       0x18 ./Drivers/STM32F3xx_HAL_Driver/Src/stm32f3xx_hal.o
                0x0000000008000858                HAL_IncTick
 .text.HAL_GetTick
                0x0000000008000870        0xc ./Drivers/STM32F3xx_HAL_Driver/Src/stm32f3xx_hal.o
                0x0000000008000870                HAL_GetTick
 .text.HAL_CAN_Init
                0x000000000800087c       0xf6 ./Drivers/STM32F3xx_HAL_Driver/Src/stm32f3xx_hal_can.o
                0x000000000800087c                HAL_CAN_Init
 .text.HAL_CAN_ConfigFilter
                0x0000000008000972       0xdc ./Drivers/STM32F3xx_HAL_Driver/Src/stm32f3xx_hal_can.o
                0x0000000008000972                HAL_CAN_ConfigFilter
 .text.HAL_CAN_Start
                0x0000000008000a4e       0x5c ./Drivers/STM32F3xx_HAL_Driver/Src/stm32f3xx_hal_can.o
                0x0000000008000a4e                HAL_CAN_Start
 .text.HAL_CAN_AddTxMessage
                0x0000000008000aaa       0x98 ./Drivers/STM32F3xx_HAL_Driver/Src/stm32f3xx_hal_can.o
                0x0000000008000aaa                HAL_CAN_AddTxMessage
 .text.HAL_CAN_GetTxMailboxesFreeLevel
                0x0000000008000b42       0x28 ./Drivers/STM32F3xx_HAL_Driver/Src/stm32f3xx_hal_can.o
                0x0000000008000b42                HAL_CAN_GetTxMailboxesFreeLevel
 .text.HAL_CAN_GetRxMessage
                0x0000000008000b6a       0xf8 ./Drivers/STM32F3xx_HAL_Driver/Src/stm32f3xx_hal_can.o
                0x0000000008000b6a                HAL_CAN_GetRxMessage
 .text.HAL_CAN_ActivateNotification
                0x0000000008000c62       0x22 ./Drivers/STM32F3xx_HAL_Driver/Src/stm32f3xx_hal_can.o
                0x0000000008000c62                HAL_CAN_ActivateNotification
 .text.HAL_CAN_TxMailbox0CompleteCallback
                0x0000000008000c84        0x2 ./Drivers/STM32F3xx_HAL_Driver/Src/stm32f3xx_hal_can.o
                0x0000000008000c84                HAL_CAN_TxMailbox0CompleteCallback
 .text.HAL_CAN_TxMailbox1CompleteCallback
                0x0000000008000c86        0x2 ./Drivers/STM32F3xx_HAL_Driver/Src/stm32f3xx_hal_can.o
                0x0000000008000c86                HAL_CAN_TxMailbox1CompleteCallback
 .text.HAL_CAN_TxMailbox2CompleteCallback
                0x0000000008000c88        0x2 ./Drivers/STM32F3xx_HAL_Driver/Src/stm32f3xx_hal_can.o
                0x0000000008000c88                HAL_CAN_TxMailbox2CompleteCallback
 .text.HAL_CAN_TxMailbox0AbortCallback
                0x0000000008000c8a        0x2 ./Drivers/STM32F3xx_HAL_Driver/Src/stm32f3xx_hal_can.o
                0x0000000008000c8a                HAL_CAN_TxMailbox0AbortCallback
 .text.HAL_CAN_TxMailbox1AbortCallback
                0x0000000008000c8c        0x2 ./Drivers/STM32F3xx_HAL_Driver/Src/stm32f3xx_hal_can.o
                0x0000000008000c8c                HAL_CAN_TxMailbox1AbortCallback
 .text.HAL_CAN_TxMailbox2AbortCallback
                0x0000000008000c8e        0x2 ./Drivers/STM32F3xx_HAL_Driver/Src/stm32f3xx_hal_can.o
                0x0000000008000c8e                HAL_CAN_TxMailbox2AbortCallback
 .text.HAL_CAN_RxFifo0FullCallback
                0x0000000008000c90        0x2 ./Drivers/STM32F3xx_HAL_Driver/Src/stm32f3xx_hal_can.o
                0x0000000008000c90                HAL_CAN_RxFifo0FullCallback
 .text.HAL_CAN_RxFifo1MsgPendingCallback
                0x0000000008000c92        0x2 ./Drivers/STM32F3xx_HAL_Driver/Src/stm32f3xx_hal_can.o
                0x0000000008000c92                HAL_CAN_RxFifo1MsgPendingCallback
 .text.HAL_CAN_RxFifo1FullCallback
                0x0000000008000c94        0x2 ./Drivers/STM32F3xx_HAL_Driver/Src/stm32f3xx_hal_can.o
                0x0000000008000c94                HAL_CAN_RxFifo1FullCallback
 .text.HAL_CAN_SleepCallback
                0x0000000008000c96        0x2 ./Drivers/STM32F3xx_HAL_Driver/Src/stm32f3xx_hal_can.o
                0x0000000008000c96                HAL_CAN_SleepCallback
 .text.HAL_CAN_WakeUpFromRxMsgCallback
                0x0000000008000c98        0x2 ./Drivers/STM32F3xx_HAL_Driver/Src/stm32f3xx_hal_can.o
                0x0000000008000c98                HAL_CAN_WakeUpFromRxMsgCallback
 .text.HAL_CAN_ErrorCallback
                0x0000000008000c9a        0x2 ./Drivers/STM32F3xx_HAL_Driver/Src/stm32f3xx_hal_can.o
                0x0000000008000c9a                HAL_CAN_ErrorCallback
 .text.HAL_CAN_IRQHandler
                0x0000000008000c9c      0x1fc ./Drivers/STM32F3xx_HAL_Driver/Src/stm32f3xx_hal_can.o
                0x0000000008000c9c                HAL_CAN_IRQHandler
 .text.HAL_NVIC_SetPriorityGrouping
                0x0000000008000e98       0x24 ./Drivers/STM32F3xx_HAL_Driver/Src/stm32f3xx_hal_cortex.o
                0x0000000008000e98                HAL_NVIC_SetPriorityGrouping
 .text.HAL_NVIC_SetPriority
                0x0000000008000ebc       0x64 ./Drivers/STM32F3xx_HAL_Driver/Src/stm32f3xx_hal_cortex.o
                0x0000000008000ebc                HAL_NVIC_SetPriority
 .text.HAL_NVIC_EnableIRQ
                0x0000000008000f20       0x1c ./Drivers/STM32F3xx_HAL_Driver/Src/stm32f3xx_hal_cortex.o
                0x0000000008000f20                HAL_NVIC_EnableIRQ
 .text.HAL_SYSTICK_Config
                0x0000000008000f3c       0x28 ./Drivers/STM32F3xx_HAL_Driver/Src/stm32f3xx_hal_cortex.o
                0x0000000008000f3c                HAL_SYSTICK_Config
 .text.HAL_GPIO_Init
                0x0000000008000f64      0x188 ./Drivers/STM32F3xx_HAL_Driver/Src/stm32f3xx_hal_gpio.o
                0x0000000008000f64                HAL_GPIO_Init
 .text.HAL_GPIO_ReadPin
                0x00000000080010ec        0xc ./Drivers/STM32F3xx_HAL_Driver/Src/stm32f3xx_hal_gpio.o
                0x00000000080010ec                HAL_GPIO_ReadPin
 .text.HAL_GPIO_WritePin
                0x00000000080010f8        0xa ./Drivers/STM32F3xx_HAL_Driver/Src/stm32f3xx_hal_gpio.o
                0x00000000080010f8                HAL_GPIO_WritePin
 *fill*         0x0000000008001102        0x2 
 .text.HAL_GPIO_EXTI_IRQHandler
                0x0000000008001104       0x18 ./Drivers/STM32F3xx_HAL_Driver/Src/stm32f3xx_hal_gpio.o
                0x0000000008001104                HAL_GPIO_EXTI_IRQHandler
 .text.HAL_PCD_Init
                0x000000000800111c       0xaa ./Drivers/STM32F3xx_HAL_Driver/Src/stm32f3xx_hal_pcd.o
                0x000000000800111c                HAL_PCD_Init
 .text.HAL_PCD_Start
                0x00000000080011c6       0x32 ./Drivers/STM32F3xx_HAL_Driver/Src/stm32f3xx_hal_pcd.o
                0x00000000080011c6                HAL_PCD_Start
 .text.HAL_PCD_SetAddress
                0x00000000080011f8       0x28 ./Drivers/STM32F3xx_HAL_Driver/Src/stm32f3xx_hal_pcd.o
                0x00000000080011f8                HAL_PCD_SetAddress
 .text.HAL_PCD_IRQHandler
                0x0000000008001220      0x994 ./Drivers/STM32F3xx_HAL_Driver/Src/stm32f3xx_hal_pcd.o
                0x0000000008001220                HAL_PCD_IRQHandler
 .text.HAL_PCD_EP_Open
                0x0000000008001bb4       0x5e ./Drivers/STM32F3xx_HAL_Driver/Src/stm32f3xx_hal_pcd.o
                0x0000000008001bb4                HAL_PCD_EP_Open
 .text.HAL_PCD_EP_Close
                0x0000000008001c12       0x52 ./Drivers/STM32F3xx_HAL_Driver/Src/stm32f3xx_hal_pcd.o
                0x0000000008001c12                HAL_PCD_EP_Close
 .text.HAL_PCD_EP_Receive
                0x0000000008001c64       0x2c ./Drivers/STM32F3xx_HAL_Driver/Src/stm32f3xx_hal_pcd.o
                0x0000000008001c64                HAL_PCD_EP_Receive
 .text.HAL_PCD_EP_GetRxCount
                0x0000000008001c90       0x10 ./Drivers/STM32F3xx_HAL_Driver/Src/stm32f3xx_hal_pcd.o
                0x0000000008001c90                HAL_PCD_EP_GetRxCount
 .text.HAL_PCD_EP_Transmit
                0x0000000008001ca0       0x3c ./Drivers/STM32F3xx_HAL_Driver/Src/stm32f3xx_hal_pcd.o
                0x0000000008001ca0                HAL_PCD_EP_Transmit
 .text.HAL_PCD_EP_SetStall
                0x0000000008001cdc       0x60 ./Drivers/STM32F3xx_HAL_Driver/Src/stm32f3xx_hal_pcd.o
                0x0000000008001cdc                HAL_PCD_EP_SetStall
 .text.HAL_PCD_EP_ClrStall
                0x0000000008001d3c       0x64 ./Drivers/STM32F3xx_HAL_Driver/Src/stm32f3xx_hal_pcd.o
                0x0000000008001d3c                HAL_PCD_EP_ClrStall
 .text.HAL_PCDEx_PMAConfig
                0x0000000008001da0       0x34 ./Drivers/STM32F3xx_HAL_Driver/Src/stm32f3xx_hal_pcd_ex.o
                0x0000000008001da0                HAL_PCDEx_PMAConfig
 .text.HAL_RCC_OscConfig
                0x0000000008001dd4      0x4b8 ./Drivers/STM32F3xx_HAL_Driver/Src/stm32f3xx_hal_rcc.o
                0x0000000008001dd4                HAL_RCC_OscConfig
 .text.HAL_RCC_GetSysClockFreq
                0x000000000800228c       0x68 ./Drivers/STM32F3xx_HAL_Driver/Src/stm32f3xx_hal_rcc.o
                0x000000000800228c                HAL_RCC_GetSysClockFreq
 .text.HAL_RCC_ClockConfig
                0x00000000080022f4      0x150 ./Drivers/STM32F3xx_HAL_Driver/Src/stm32f3xx_hal_rcc.o
                0x00000000080022f4                HAL_RCC_ClockConfig
 .text.HAL_RCCEx_PeriphCLKConfig
                0x0000000008002444      0x1d8 ./Drivers/STM32F3xx_HAL_Driver/Src/stm32f3xx_hal_rcc_ex.o
                0x0000000008002444                HAL_RCCEx_PeriphCLKConfig
 .text.USB_EnableGlobalInt
                0x000000000800261c       0x12 ./Drivers/STM32F3xx_HAL_Driver/Src/stm32f3xx_ll_usb.o
                0x000000000800261c                USB_EnableGlobalInt
 .text.USB_DisableGlobalInt
                0x000000000800262e       0x14 ./Drivers/STM32F3xx_HAL_Driver/Src/stm32f3xx_ll_usb.o
                0x000000000800262e                USB_DisableGlobalInt
 .text.USB_DevInit
                0x0000000008002642       0x28 ./Drivers/STM32F3xx_HAL_Driver/Src/stm32f3xx_ll_usb.o
                0x0000000008002642                USB_DevInit
 *fill*         0x000000000800266a        0x2 
 .text.USB_ActivateEndpoint
                0x000000000800266c      0x2c8 ./Drivers/STM32F3xx_HAL_Driver/Src/stm32f3xx_ll_usb.o
                0x000000000800266c                USB_ActivateEndpoint
 .text.USB_DeactivateEndpoint
                0x0000000008002934      0x1a6 ./Drivers/STM32F3xx_HAL_Driver/Src/stm32f3xx_ll_usb.o
                0x0000000008002934                USB_DeactivateEndpoint
 .text.USB_EPSetStall
                0x0000000008002ada       0x40 ./Drivers/STM32F3xx_HAL_Driver/Src/stm32f3xx_ll_usb.o
                0x0000000008002ada                USB_EPSetStall
 .text.USB_EPClearStall
                0x0000000008002b1a       0x92 ./Drivers/STM32F3xx_HAL_Driver/Src/stm32f3xx_ll_usb.o
                0x0000000008002b1a                USB_EPClearStall
 .text.USB_SetDevAddress
                0x0000000008002bac        0xc ./Drivers/STM32F3xx_HAL_Driver/Src/stm32f3xx_ll_usb.o
                0x0000000008002bac                USB_SetDevAddress
 .text.USB_DevConnect
                0x0000000008002bb8        0x4 ./Drivers/STM32F3xx_HAL_Driver/Src/stm32f3xx_ll_usb.o
                0x0000000008002bb8                USB_DevConnect
 .text.USB_ReadInterrupts
                0x0000000008002bbc        0x8 ./Drivers/STM32F3xx_HAL_Driver/Src/stm32f3xx_ll_usb.o
                0x0000000008002bbc                USB_ReadInterrupts
 .text.USB_WritePMA
                0x0000000008002bc4       0x20 ./Drivers/STM32F3xx_HAL_Driver/Src/stm32f3xx_ll_usb.o
                0x0000000008002bc4                USB_WritePMA
 .text.USB_EPStartXfer
                0x0000000008002be4      0x484 ./Drivers/STM32F3xx_HAL_Driver/Src/stm32f3xx_ll_usb.o
                0x0000000008002be4                USB_EPStartXfer
 .text.USB_ReadPMA
                0x0000000008003068       0x38 ./Drivers/STM32F3xx_HAL_Driver/Src/stm32f3xx_ll_usb.o
                0x0000000008003068                USB_ReadPMA
 .text.USBD_CDC_EP0_RxReady
                0x00000000080030a0       0x28 ./Middlewares/ST/STM32_USB_Device_Library/Class/CDC/Src/usbd_cdc.o
 .text.USBD_CDC_GetFSCfgDesc
                0x00000000080030c8        0xc ./Middlewares/ST/STM32_USB_Device_Library/Class/CDC/Src/usbd_cdc.o
 .text.USBD_CDC_GetHSCfgDesc
                0x00000000080030d4        0xc ./Middlewares/ST/STM32_USB_Device_Library/Class/CDC/Src/usbd_cdc.o
 .text.USBD_CDC_GetOtherSpeedCfgDesc
                0x00000000080030e0        0xc ./Middlewares/ST/STM32_USB_Device_Library/Class/CDC/Src/usbd_cdc.o
 .text.USBD_CDC_GetDeviceQualifierDescriptor
                0x00000000080030ec        0xc ./Middlewares/ST/STM32_USB_Device_Library/Class/CDC/Src/usbd_cdc.o
                0x00000000080030ec                USBD_CDC_GetDeviceQualifierDescriptor
 .text.USBD_CDC_DataOut
                0x00000000080030f8       0x2e ./Middlewares/ST/STM32_USB_Device_Library/Class/CDC/Src/usbd_cdc.o
 .text.USBD_CDC_DataIn
                0x0000000008003126       0x42 ./Middlewares/ST/STM32_USB_Device_Library/Class/CDC/Src/usbd_cdc.o
 .text.USBD_CDC_Setup
                0x0000000008003168       0xb6 ./Middlewares/ST/STM32_USB_Device_Library/Class/CDC/Src/usbd_cdc.o
 .text.USBD_CDC_DeInit
                0x000000000800321e       0x42 ./Middlewares/ST/STM32_USB_Device_Library/Class/CDC/Src/usbd_cdc.o
 .text.USBD_CDC_Init
                0x0000000008003260       0xa0 ./Middlewares/ST/STM32_USB_Device_Library/Class/CDC/Src/usbd_cdc.o
 .text.USBD_CDC_RegisterInterface
                0x0000000008003300        0xe ./Middlewares/ST/STM32_USB_Device_Library/Class/CDC/Src/usbd_cdc.o
                0x0000000008003300                USBD_CDC_RegisterInterface
 .text.USBD_CDC_SetTxBuffer
                0x000000000800330e       0x10 ./Middlewares/ST/STM32_USB_Device_Library/Class/CDC/Src/usbd_cdc.o
                0x000000000800330e                USBD_CDC_SetTxBuffer
 .text.USBD_CDC_SetRxBuffer
                0x000000000800331e        0xc ./Middlewares/ST/STM32_USB_Device_Library/Class/CDC/Src/usbd_cdc.o
                0x000000000800331e                USBD_CDC_SetRxBuffer
 .text.USBD_CDC_TransmitPacket
                0x000000000800332a       0x32 ./Middlewares/ST/STM32_USB_Device_Library/Class/CDC/Src/usbd_cdc.o
                0x000000000800332a                USBD_CDC_TransmitPacket
 .text.USBD_CDC_ReceivePacket
                0x000000000800335c       0x2e ./Middlewares/ST/STM32_USB_Device_Library/Class/CDC/Src/usbd_cdc.o
                0x000000000800335c                USBD_CDC_ReceivePacket
 .text.USBD_Init
                0x000000000800338a       0x2a ./Middlewares/ST/STM32_USB_Device_Library/Core/Src/usbd_core.o
                0x000000000800338a                USBD_Init
 .text.USBD_RegisterClass
                0x00000000080033b4        0xe ./Middlewares/ST/STM32_USB_Device_Library/Core/Src/usbd_core.o
                0x00000000080033b4                USBD_RegisterClass
 .text.USBD_Start
                0x00000000080033c2        0xa ./Middlewares/ST/STM32_USB_Device_Library/Core/Src/usbd_core.o
                0x00000000080033c2                USBD_Start
 .text.USBD_SetClassConfig
                0x00000000080033cc       0x1a ./Middlewares/ST/STM32_USB_Device_Library/Core/Src/usbd_core.o
                0x00000000080033cc                USBD_SetClassConfig
 .text.USBD_ClrClassConfig
                0x00000000080033e6        0xe ./Middlewares/ST/STM32_USB_Device_Library/Core/Src/usbd_core.o
                0x00000000080033e6                USBD_ClrClassConfig
 .text.USBD_LL_SetupStage
                0x00000000080033f4       0x5a ./Middlewares/ST/STM32_USB_Device_Library/Core/Src/usbd_core.o
                0x00000000080033f4                USBD_LL_SetupStage
 .text.USBD_LL_DataOutStage
                0x000000000800344e       0x74 ./Middlewares/ST/STM32_USB_Device_Library/Core/Src/usbd_core.o
                0x000000000800344e                USBD_LL_DataOutStage
 .text.USBD_LL_DataInStage
                0x00000000080034c2       0xb6 ./Middlewares/ST/STM32_USB_Device_Library/Core/Src/usbd_core.o
                0x00000000080034c2                USBD_LL_DataInStage
 .text.USBD_LL_Reset
                0x0000000008003578       0x4e ./Middlewares/ST/STM32_USB_Device_Library/Core/Src/usbd_core.o
                0x0000000008003578                USBD_LL_Reset
 .text.USBD_LL_SetSpeed
                0x00000000080035c6        0x6 ./Middlewares/ST/STM32_USB_Device_Library/Core/Src/usbd_core.o
                0x00000000080035c6                USBD_LL_SetSpeed
 .text.USBD_LL_Suspend
                0x00000000080035cc       0x12 ./Middlewares/ST/STM32_USB_Device_Library/Core/Src/usbd_core.o
                0x00000000080035cc                USBD_LL_Suspend
 .text.USBD_LL_Resume
                0x00000000080035de       0x14 ./Middlewares/ST/STM32_USB_Device_Library/Core/Src/usbd_core.o
                0x00000000080035de                USBD_LL_Resume
 .text.USBD_LL_SOF
                0x00000000080035f2       0x18 ./Middlewares/ST/STM32_USB_Device_Library/Core/Src/usbd_core.o
                0x00000000080035f2                USBD_LL_SOF
 .text.USBD_CtlError.constprop.0
                0x000000000800360a       0x16 ./Middlewares/ST/STM32_USB_Device_Library/Core/Src/usbd_ctlreq.o
 .text.USBD_StdDevReq
                0x0000000008003620      0x250 ./Middlewares/ST/STM32_USB_Device_Library/Core/Src/usbd_ctlreq.o
                0x0000000008003620                USBD_StdDevReq
 .text.USBD_StdItfReq
                0x0000000008003870       0x48 ./Middlewares/ST/STM32_USB_Device_Library/Core/Src/usbd_ctlreq.o
                0x0000000008003870                USBD_StdItfReq
 .text.USBD_StdEPReq
                0x00000000080038b8      0x110 ./Middlewares/ST/STM32_USB_Device_Library/Core/Src/usbd_ctlreq.o
                0x00000000080038b8                USBD_StdEPReq
 .text.USBD_ParseSetupRequest
                0x00000000080039c8       0x28 ./Middlewares/ST/STM32_USB_Device_Library/Core/Src/usbd_ctlreq.o
                0x00000000080039c8                USBD_ParseSetupRequest
 .text.USBD_CtlError
                0x00000000080039f0       0x16 ./Middlewares/ST/STM32_USB_Device_Library/Core/Src/usbd_ctlreq.o
                0x00000000080039f0                USBD_CtlError
 .text.USBD_GetString
                0x0000000008003a06       0x38 ./Middlewares/ST/STM32_USB_Device_Library/Core/Src/usbd_ctlreq.o
                0x0000000008003a06                USBD_GetString
 .text.USBD_CtlSendData
                0x0000000008003a3e       0x1a ./Middlewares/ST/STM32_USB_Device_Library/Core/Src/usbd_ioreq.o
                0x0000000008003a3e                USBD_CtlSendData
 .text.USBD_CtlContinueSendData
                0x0000000008003a58       0x10 ./Middlewares/ST/STM32_USB_Device_Library/Core/Src/usbd_ioreq.o
                0x0000000008003a58                USBD_CtlContinueSendData
 .text.USBD_CtlPrepareRx
                0x0000000008003a68       0x1a ./Middlewares/ST/STM32_USB_Device_Library/Core/Src/usbd_ioreq.o
                0x0000000008003a68                USBD_CtlPrepareRx
 .text.USBD_CtlContinueRx
                0x0000000008003a82       0x10 ./Middlewares/ST/STM32_USB_Device_Library/Core/Src/usbd_ioreq.o
                0x0000000008003a82                USBD_CtlContinueRx
 .text.USBD_CtlSendStatus
                0x0000000008003a92       0x16 ./Middlewares/ST/STM32_USB_Device_Library/Core/Src/usbd_ioreq.o
                0x0000000008003a92                USBD_CtlSendStatus
 .text.USBD_CtlReceiveStatus
                0x0000000008003aa8       0x16 ./Middlewares/ST/STM32_USB_Device_Library/Core/Src/usbd_ioreq.o
                0x0000000008003aa8                USBD_CtlReceiveStatus
 *fill*         0x0000000008003abe        0x2 
 .text.MX_USB_DEVICE_Init
                0x0000000008003ac0       0x50 ./USB_DEVICE/App/usb_device.o
                0x0000000008003ac0                MX_USB_DEVICE_Init
 .text.CDC_DeInit_FS
                0x0000000008003b10        0x4 ./USB_DEVICE/App/usbd_cdc_if.o
 .text.CDC_Receive_FS
                0x0000000008003b14       0x94 ./USB_DEVICE/App/usbd_cdc_if.o
 .text.CDC_Control_FS
                0x0000000008003ba8       0x64 ./USB_DEVICE/App/usbd_cdc_if.o
 .text.CDC_Init_FS
                0x0000000008003c0c       0x28 ./USB_DEVICE/App/usbd_cdc_if.o
 .text.CDC_Transmit_FS
                0x0000000008003c34       0x2c ./USB_DEVICE/App/usbd_cdc_if.o
                0x0000000008003c34                CDC_Transmit_FS
 .text.USBD_FS_DeviceDescriptor
                0x0000000008003c60        0xc ./USB_DEVICE/App/usbd_desc.o
                0x0000000008003c60                USBD_FS_DeviceDescriptor
 .text.USBD_FS_LangIDStrDescriptor
                0x0000000008003c6c        0xc ./USB_DEVICE/App/usbd_desc.o
                0x0000000008003c6c                USBD_FS_LangIDStrDescriptor
 .text.IntToUnicode
                0x0000000008003c78       0x2a ./USB_DEVICE/App/usbd_desc.o
 *fill*         0x0000000008003ca2        0x2 
 .text.USBD_FS_SerialStrDescriptor
                0x0000000008003ca4       0x3c ./USB_DEVICE/App/usbd_desc.o
                0x0000000008003ca4                USBD_FS_SerialStrDescriptor
 .text.USBD_FS_ManufacturerStrDescriptor
                0x0000000008003ce0       0x1c ./USB_DEVICE/App/usbd_desc.o
                0x0000000008003ce0                USBD_FS_ManufacturerStrDescriptor
 .text.USBD_FS_ProductStrDescriptor
                0x0000000008003cfc       0x1c ./USB_DEVICE/App/usbd_desc.o
                0x0000000008003cfc                USBD_FS_ProductStrDescriptor
 .text.USBD_FS_ConfigStrDescriptor
                0x0000000008003d18       0x1c ./USB_DEVICE/App/usbd_desc.o
                0x0000000008003d18                USBD_FS_ConfigStrDescriptor
 .text.USBD_FS_InterfaceStrDescriptor
                0x0000000008003d34       0x1c ./USB_DEVICE/App/usbd_desc.o
                0x0000000008003d34                USBD_FS_InterfaceStrDescriptor
 .text.USBD_Get_USB_Status
                0x0000000008003d50       0x10 ./USB_DEVICE/Target/usbd_conf.o
 .text.HAL_PCD_MspInit
                0x0000000008003d60       0x84 ./USB_DEVICE/Target/usbd_conf.o
                0x0000000008003d60                HAL_PCD_MspInit
 .text.HAL_PCD_SetupStageCallback
                0x0000000008003de4        0xc ./USB_DEVICE/Target/usbd_conf.o
                0x0000000008003de4                HAL_PCD_SetupStageCallback
 .text.HAL_PCD_DataOutStageCallback
                0x0000000008003df0       0x12 ./USB_DEVICE/Target/usbd_conf.o
                0x0000000008003df0                HAL_PCD_DataOutStageCallback
 .text.HAL_PCD_DataInStageCallback
                0x0000000008003e02       0x10 ./USB_DEVICE/Target/usbd_conf.o
                0x0000000008003e02                HAL_PCD_DataInStageCallback
 .text.HAL_PCD_SOFCallback
                0x0000000008003e12        0x8 ./USB_DEVICE/Target/usbd_conf.o
                0x0000000008003e12                HAL_PCD_SOFCallback
 .text.HAL_PCD_ResetCallback
                0x0000000008003e1a       0x24 ./USB_DEVICE/Target/usbd_conf.o
                0x0000000008003e1a                HAL_PCD_ResetCallback
 *fill*         0x0000000008003e3e        0x2 
 .text.HAL_PCD_SuspendCallback
                0x0000000008003e40       0x20 ./USB_DEVICE/Target/usbd_conf.o
                0x0000000008003e40                HAL_PCD_SuspendCallback
 .text.HAL_PCD_ResumeCallback
                0x0000000008003e60        0x8 ./USB_DEVICE/Target/usbd_conf.o
                0x0000000008003e60                HAL_PCD_ResumeCallback
 .text.USBD_LL_Init
                0x0000000008003e68       0x84 ./USB_DEVICE/Target/usbd_conf.o
                0x0000000008003e68                USBD_LL_Init
 .text.USBD_LL_Start
                0x0000000008003eec       0x12 ./USB_DEVICE/Target/usbd_conf.o
                0x0000000008003eec                USBD_LL_Start
 .text.USBD_LL_OpenEP
                0x0000000008003efe       0x18 ./USB_DEVICE/Target/usbd_conf.o
                0x0000000008003efe                USBD_LL_OpenEP
 .text.USBD_LL_CloseEP
                0x0000000008003f16       0x12 ./USB_DEVICE/Target/usbd_conf.o
                0x0000000008003f16                USBD_LL_CloseEP
 .text.USBD_LL_StallEP
                0x0000000008003f28       0x12 ./USB_DEVICE/Target/usbd_conf.o
                0x0000000008003f28                USBD_LL_StallEP
 .text.USBD_LL_ClearStallEP
                0x0000000008003f3a       0x12 ./USB_DEVICE/Target/usbd_conf.o
                0x0000000008003f3a                USBD_LL_ClearStallEP
 .text.USBD_LL_IsStallEP
                0x0000000008003f4c       0x26 ./USB_DEVICE/Target/usbd_conf.o
                0x0000000008003f4c                USBD_LL_IsStallEP
 .text.USBD_LL_SetUSBAddress
                0x0000000008003f72       0x12 ./USB_DEVICE/Target/usbd_conf.o
                0x0000000008003f72                USBD_LL_SetUSBAddress
 .text.USBD_LL_Transmit
                0x0000000008003f84       0x12 ./USB_DEVICE/Target/usbd_conf.o
                0x0000000008003f84                USBD_LL_Transmit
 .text.USBD_LL_PrepareReceive
                0x0000000008003f96       0x12 ./USB_DEVICE/Target/usbd_conf.o
                0x0000000008003f96                USBD_LL_PrepareReceive
 .text.USBD_LL_GetRxDataSize
                0x0000000008003fa8        0x8 ./USB_DEVICE/Target/usbd_conf.o
                0x0000000008003fa8                USBD_LL_GetRxDataSize
 .text.USBD_static_malloc
                0x0000000008003fb0        0x8 ./USB_DEVICE/Target/usbd_conf.o
                0x0000000008003fb0                USBD_static_malloc
 .text.USBD_static_free
                0x0000000008003fb8        0x2 ./USB_DEVICE/Target/usbd_conf.o
                0x0000000008003fb8                USBD_static_free
 .text.HAL_PCDEx_SetConnectionState
                0x0000000008003fba        0x2 ./USB_DEVICE/Target/usbd_conf.o
                0x0000000008003fba                HAL_PCDEx_SetConnectionState
 .text.memset   0x0000000008003fbc       0x10 C:/ST/STM32CubeIDE_1.14.0/STM32CubeIDE/plugins/com.st.stm32cube.ide.mcu.externaltools.gnu-tools-for-stm32.11.3.rel1.win32_1.1.100.202309141235/tools/bin/../lib/gcc/arm-none-eabi/11.3.1/../../../../arm-none-eabi/lib/thumb/v7e-m+fp/hard\libc_nano.a(libc_a-memset.o)
                0x0000000008003fbc                memset
 .text.__libc_init_array
                0x0000000008003fcc       0x48 C:/ST/STM32CubeIDE_1.14.0/STM32CubeIDE/plugins/com.st.stm32cube.ide.mcu.externaltools.gnu-tools-for-stm32.11.3.rel1.win32_1.1.100.202309141235/tools/bin/../lib/gcc/arm-none-eabi/11.3.1/../../../../arm-none-eabi/lib/thumb/v7e-m+fp/hard\libc_nano.a(libc_a-init.o)
                0x0000000008003fcc                __libc_init_array
 *(.glue_7)
 .glue_7        0x0000000008004014        0x0 linker stubs
 *(.glue_7t)
 .glue_7t       0x0000000008004014        0x0 linker stubs
 *(.eh_frame)
 .eh_frame      0x0000000008004014        0x0 C:/ST/STM32CubeIDE_1.14.0/STM32CubeIDE/plugins/com.st.stm32cube.ide.mcu.externaltools.gnu-tools-for-stm32.11.3.rel1.win32_1.1.100.202309141235/tools/bin/../lib/gcc/arm-none-eabi/11.3.1/thumb/v7e-m+fp/hard/crtbegin.o
 *(.init)
 .init          0x0000000008004014        0x4 C:/ST/STM32CubeIDE_1.14.0/STM32CubeIDE/plugins/com.st.stm32cube.ide.mcu.externaltools.gnu-tools-for-stm32.11.3.rel1.win32_1.1.100.202309141235/tools/bin/../lib/gcc/arm-none-eabi/11.3.1/thumb/v7e-m+fp/hard/crti.o
                0x0000000008004014                _init
 .init          0x0000000008004018        0x8 C:/ST/STM32CubeIDE_1.14.0/STM32CubeIDE/plugins/com.st.stm32cube.ide.mcu.externaltools.gnu-tools-for-stm32.11.3.rel1.win32_1.1.100.202309141235/tools/bin/../lib/gcc/arm-none-eabi/11.3.1/thumb/v7e-m+fp/hard/crtn.o
 *(.fini)
 .fini          0x0000000008004020        0x4 C:/ST/STM32CubeIDE_1.14.0/STM32CubeIDE/plugins/com.st.stm32cube.ide.mcu.externaltools.gnu-tools-for-stm32.11.3.rel1.win32_1.1.100.202309141235/tools/bin/../lib/gcc/arm-none-eabi/11.3.1/thumb/v7e-m+fp/hard/crti.o
                0x0000000008004020                _fini
 .fini          0x0000000008004024        0x8 C:/ST/STM32CubeIDE_1.14.0/STM32CubeIDE/plugins/com.st.stm32cube.ide.mcu.externaltools.gnu-tools-for-stm32.11.3.rel1.win32_1.1.100.202309141235/tools/bin/../lib/gcc/arm-none-eabi/11.3.1/thumb/v7e-m+fp/hard/crtn.o
                0x000000000800402c                . = ALIGN (0x4)
                0x000000000800402c                _etext = .

.vfp11_veneer   0x000000000800402c        0x0
 .vfp11_veneer  0x000000000800402c        0x0 linker stubs

.v4_bx          0x000000000800402c        0x0
 .v4_bx         0x000000000800402c        0x0 linker stubs

.iplt           0x000000000800402c        0x0
 .iplt          0x000000000800402c        0x0 C:/ST/STM32CubeIDE_1.14.0/STM32CubeIDE/plugins/com.st.stm32cube.ide.mcu.externaltools.gnu-tools-for-stm32.11.3.rel1.win32_1.1.100.202309141235/tools/bin/../lib/gcc/arm-none-eabi/11.3.1/thumb/v7e-m+fp/hard/crtbegin.o

.rodata         0x000000000800402c       0x68
                0x000000000800402c                . = ALIGN (0x4)
 *(.rodata)
 *(.rodata*)
 .rodata.AHBPrescTable
                0x000000000800402c       0x10 ./Core/Src/system_stm32f3xx.o
                0x000000000800402c                AHBPrescTable
 .rodata.aPLLMULFactorTable
                0x000000000800403c       0x10 ./Drivers/STM32F3xx_HAL_Driver/Src/stm32f3xx_hal_rcc.o
 .rodata.aPredivFactorTable
                0x000000000800404c       0x10 ./Drivers/STM32F3xx_HAL_Driver/Src/stm32f3xx_hal_rcc.o
 .rodata.USBD_FS_ManufacturerStrDescriptor.str1.1
                0x000000000800405c        0x4 ./USB_DEVICE/App/usbd_desc.o
 .rodata.USBD_FS_ProductStrDescriptor.str1.1
                0x0000000008004060       0x16 ./USB_DEVICE/App/usbd_desc.o
 .rodata.USBD_FS_ConfigStrDescriptor.str1.1
                0x0000000008004076        0xb ./USB_DEVICE/App/usbd_desc.o
 .rodata.USBD_FS_InterfaceStrDescriptor.str1.1
                0x0000000008004081        0xe ./USB_DEVICE/App/usbd_desc.o
 .rodata.CSWTCH.4
                0x000000000800408f        0x4 ./USB_DEVICE/Target/usbd_conf.o
                0x0000000008004094                . = ALIGN (0x4)
 *fill*         0x0000000008004093        0x1 

.rel.dyn        0x0000000008004094        0x0
 .rel.iplt      0x0000000008004094        0x0 C:/ST/STM32CubeIDE_1.14.0/STM32CubeIDE/plugins/com.st.stm32cube.ide.mcu.externaltools.gnu-tools-for-stm32.11.3.rel1.win32_1.1.100.202309141235/tools/bin/../lib/gcc/arm-none-eabi/11.3.1/thumb/v7e-m+fp/hard/crtbegin.o

.ARM.extab      0x0000000008004094        0x0
                0x0000000008004094                . = ALIGN (0x4)
 *(.ARM.extab* .gnu.linkonce.armextab.*)
                0x0000000008004094                . = ALIGN (0x4)

.ARM            0x0000000008004094        0x0
                0x0000000008004094                . = ALIGN (0x4)
                0x0000000008004094                __exidx_start = .
 *(.ARM.exidx*)
                0x0000000008004094                __exidx_end = .
                0x0000000008004094                . = ALIGN (0x4)

.preinit_array  0x0000000008004094        0x0
                0x0000000008004094                . = ALIGN (0x4)
                0x0000000008004094                PROVIDE (__preinit_array_start = .)
 *(.preinit_array*)
                0x0000000008004094                PROVIDE (__preinit_array_end = .)
                0x0000000008004094                . = ALIGN (0x4)

.init_array     0x0000000008004094        0x8
                0x0000000008004094                . = ALIGN (0x4)
                0x0000000008004094                PROVIDE (__init_array_start = .)
 *(SORT_BY_NAME(.init_array.*))
 *(.init_array*)
 .init_array    0x0000000008004094        0x4 C:/ST/STM32CubeIDE_1.14.0/STM32CubeIDE/plugins/com.st.stm32cube.ide.mcu.externaltools.gnu-tools-for-stm32.11.3.rel1.win32_1.1.100.202309141235/tools/bin/../lib/gcc/arm-none-eabi/11.3.1/thumb/v7e-m+fp/hard/crtbegin.o
 .init_array    0x0000000008004098        0x4 ./Core/Src/can_usb.o
                0x000000000800409c                PROVIDE (__init_array_end = .)
                0x000000000800409c                . = ALIGN (0x4)

.fini_array     0x000000000800409c        0x4
                0x000000000800409c                . = ALIGN (0x4)
                [!provide]                        PROVIDE (__fini_array_start = .)
 *(SORT_BY_NAME(.fini_array.*))
 *(.fini_array*)
 .fini_array    0x000000000800409c        0x4 C:/ST/STM32CubeIDE_1.14.0/STM32CubeIDE/plugins/com.st.stm32cube.ide.mcu.externaltools.gnu-tools-for-stm32.11.3.rel1.win32_1.1.100.202309141235/tools/bin/../lib/gcc/arm-none-eabi/11.3.1/thumb/v7e-m+fp/hard/crtbegin.o
                [!provide]                        PROVIDE (__fini_array_end = .)
                0x00000000080040a0                . = ALIGN (0x4)
                0x00000000080040a0                _sidata = LOADADDR (.data)

.data           0x0000000020000000      0x1d0 load address 0x00000000080040a0
                0x0000000020000000                . = ALIGN (0x4)
                0x0000000020000000                _sdata = .
 *(.data)
 *(.data*)
 .data._ZZ11usb_processE18HelloSLCAN_encoded
                0x0000000020000000        0xd ./Core/Src/can_usb.o
 *fill*         0x000000002000000d        0x3 
 .data.led_list
                0x0000000020000010       0x30 ./Core/Src/led.o
                0x0000000020000010                led_list
 .data.SystemCoreClock
                0x0000000020000040        0x4 ./Core/Src/system_stm32f3xx.o
                0x0000000020000040                SystemCoreClock
 .data.HelloSLCAN_encoded.0
                0x0000000020000044        0x4 ./Core/Src/user_if.o
 .data.HelloSLCAN_encoded.1
                0x0000000020000048        0x4 ./Core/Src/user_if.o
 .data.uwTickFreq
                0x000000002000004c        0x1 ./Drivers/STM32F3xx_HAL_Driver/Src/stm32f3xx_hal.o
                0x000000002000004c                uwTickFreq
 *fill*         0x000000002000004d        0x3 
 .data.uwTickPrio
                0x0000000020000050        0x4 ./Drivers/STM32F3xx_HAL_Driver/Src/stm32f3xx_hal.o
                0x0000000020000050                uwTickPrio
 .data.USBD_CDC
                0x0000000020000054       0x38 ./Middlewares/ST/STM32_USB_Device_Library/Class/CDC/Src/usbd_cdc.o
                0x0000000020000054                USBD_CDC
 .data.USBD_CDC_CfgFSDesc
                0x000000002000008c       0x43 ./Middlewares/ST/STM32_USB_Device_Library/Class/CDC/Src/usbd_cdc.o
                0x000000002000008c                USBD_CDC_CfgFSDesc
 *fill*         0x00000000200000cf        0x1 
 .data.USBD_CDC_CfgHSDesc
                0x00000000200000d0       0x43 ./Middlewares/ST/STM32_USB_Device_Library/Class/CDC/Src/usbd_cdc.o
                0x00000000200000d0                USBD_CDC_CfgHSDesc
 *fill*         0x0000000020000113        0x1 
 .data.USBD_CDC_DeviceQualifierDesc
                0x0000000020000114        0xa ./Middlewares/ST/STM32_USB_Device_Library/Class/CDC/Src/usbd_cdc.o
 *fill*         0x000000002000011e        0x2 
 .data.USBD_CDC_OtherSpeedCfgDesc
                0x0000000020000120       0x43 ./Middlewares/ST/STM32_USB_Device_Library/Class/CDC/Src/usbd_cdc.o
                0x0000000020000120                USBD_CDC_OtherSpeedCfgDesc
 *fill*         0x0000000020000163        0x1 
 .data.USBD_Interface_fops_FS
                0x0000000020000164       0x10 ./USB_DEVICE/App/usbd_cdc_if.o
                0x0000000020000164                USBD_Interface_fops_FS
 .data.linecoding
                0x0000000020000174        0x8 ./USB_DEVICE/App/usbd_cdc_if.o
                0x0000000020000174                linecoding
 .data.zero_count
                0x000000002000017c        0x1 ./USB_DEVICE/App/usbd_cdc_if.o
                0x000000002000017c                zero_count
 *fill*         0x000000002000017d        0x3 
 .data.FS_Desc  0x0000000020000180       0x1c ./USB_DEVICE/App/usbd_desc.o
                0x0000000020000180                FS_Desc
 .data.USBD_FS_DeviceDesc
                0x000000002000019c       0x12 ./USB_DEVICE/App/usbd_desc.o
                0x000000002000019c                USBD_FS_DeviceDesc
 *fill*         0x00000000200001ae        0x2 
 .data.USBD_LangIDDesc
                0x00000000200001b0        0x4 ./USB_DEVICE/App/usbd_desc.o
                0x00000000200001b0                USBD_LangIDDesc
 .data.USBD_StringSerial
                0x00000000200001b4       0x1a ./USB_DEVICE/App/usbd_desc.o
                0x00000000200001b4                USBD_StringSerial
 *(.RamFunc)
 *(.RamFunc*)
                0x00000000200001d0                . = ALIGN (0x4)
 *fill*         0x00000000200001ce        0x2 
                0x00000000200001d0                _edata = .

.igot.plt       0x00000000200001d0        0x0 load address 0x0000000008004270
 .igot.plt      0x00000000200001d0        0x0 C:/ST/STM32CubeIDE_1.14.0/STM32CubeIDE/plugins/com.st.stm32cube.ide.mcu.externaltools.gnu-tools-for-stm32.11.3.rel1.win32_1.1.100.202309141235/tools/bin/../lib/gcc/arm-none-eabi/11.3.1/thumb/v7e-m+fp/hard/crtbegin.o
                0x00000000200001d0                . = ALIGN (0x4)

.bss            0x00000000200001d0     0x12d4 load address 0x0000000008004270
                0x00000000200001d0                _sbss = .
                0x00000000200001d0                __bss_start__ = _sbss
 *(.bss)
 .bss           0x00000000200001d0       0x1c C:/ST/STM32CubeIDE_1.14.0/STM32CubeIDE/plugins/com.st.stm32cube.ide.mcu.externaltools.gnu-tools-for-stm32.11.3.rel1.win32_1.1.100.202309141235/tools/bin/../lib/gcc/arm-none-eabi/11.3.1/thumb/v7e-m+fp/hard/crtbegin.o
 *(.bss*)
 .bss.TxHeader  0x00000000200001ec       0x18 ./Core/Src/can_usb.o
                0x00000000200001ec                TxHeader
 .bss.TxMailbox
                0x0000000020000204        0x4 ./Core/Src/can_usb.o
                0x0000000020000204                TxMailbox
 .bss.buffer    0x0000000020000208       0x58 ./Core/Src/can_usb.o
                0x0000000020000208                buffer
 .bss.hcan      0x0000000020000260       0x28 ./Core/Src/main.o
                0x0000000020000260                hcan
 .bss.uwTick    0x0000000020000288        0x4 ./Drivers/STM32F3xx_HAL_Driver/Src/stm32f3xx_hal.o
                0x0000000020000288                uwTick
 .bss.cfgidx.0  0x000000002000028c        0x1 ./Middlewares/ST/STM32_USB_Device_Library/Core/Src/usbd_ctlreq.o
 *fill*         0x000000002000028d        0x3 
 .bss.hUsbDeviceFS
                0x0000000020000290      0x2c4 ./USB_DEVICE/App/usb_device.o
                0x0000000020000290                hUsbDeviceFS
 .bss.DecodedData
                0x0000000020000554       0x40 ./USB_DEVICE/App/usbd_cdc_if.o
                0x0000000020000554                DecodedData
 .bss.UserRxBufferFS
                0x0000000020000594      0x400 ./USB_DEVICE/App/usbd_cdc_if.o
                0x0000000020000594                UserRxBufferFS
 .bss.UserTxBufferFS
                0x0000000020000994      0x400 ./USB_DEVICE/App/usbd_cdc_if.o
                0x0000000020000994                UserTxBufferFS
 .bss.data_index
                0x0000000020000d94        0x1 ./USB_DEVICE/App/usbd_cdc_if.o
                0x0000000020000d94                data_index
 .bss.is_first  0x0000000020000d95        0x1 ./USB_DEVICE/App/usbd_cdc_if.o
                0x0000000020000d95                is_first
 *fill*         0x0000000020000d96        0x2 
 .bss.USBD_StrDesc
                0x0000000020000d98      0x200 ./USB_DEVICE/App/usbd_desc.o
                0x0000000020000d98                USBD_StrDesc
 .bss.hpcd_USB_FS
                0x0000000020000f98      0x2ec ./USB_DEVICE/Target/usbd_conf.o
                0x0000000020000f98                hpcd_USB_FS
 .bss.mem.0     0x0000000020001284      0x220 ./USB_DEVICE/Target/usbd_conf.o
 *(COMMON)
                0x00000000200014a4                . = ALIGN (0x4)
                0x00000000200014a4                _ebss = .
                0x00000000200014a4                __bss_end__ = _ebss

._user_heap_stack
                0x00000000200014a4      0x604 load address 0x0000000008004270
                0x00000000200014a8                . = ALIGN (0x8)
 *fill*         0x00000000200014a4        0x4 
                [!provide]                        PROVIDE (end = .)
                0x00000000200014a8                PROVIDE (_end = .)
                0x00000000200016a8                . = (. + _Min_Heap_Size)
 *fill*         0x00000000200014a8      0x200 
                0x0000000020001aa8                . = (. + _Min_Stack_Size)
 *fill*         0x00000000200016a8      0x400 
                0x0000000020001aa8                . = ALIGN (0x8)

/DISCARD/
 libc.a(*)
 libm.a(*)
 libgcc.a(*)

.ARM.attributes
                0x0000000000000000       0x30
 *(.ARM.attributes)
 .ARM.attributes
                0x0000000000000000       0x1e C:/ST/STM32CubeIDE_1.14.0/STM32CubeIDE/plugins/com.st.stm32cube.ide.mcu.externaltools.gnu-tools-for-stm32.11.3.rel1.win32_1.1.100.202309141235/tools/bin/../lib/gcc/arm-none-eabi/11.3.1/thumb/v7e-m+fp/hard/crti.o
 .ARM.attributes
                0x000000000000001e       0x34 C:/ST/STM32CubeIDE_1.14.0/STM32CubeIDE/plugins/com.st.stm32cube.ide.mcu.externaltools.gnu-tools-for-stm32.11.3.rel1.win32_1.1.100.202309141235/tools/bin/../lib/gcc/arm-none-eabi/11.3.1/thumb/v7e-m+fp/hard/crtbegin.o
 .ARM.attributes
                0x0000000000000052       0x34 ./Core/Src/can_usb.o
 .ARM.attributes
                0x0000000000000086       0x34 ./Core/Src/cobs.o
 .ARM.attributes
                0x00000000000000ba       0x34 ./Core/Src/led.o
 .ARM.attributes
                0x00000000000000ee       0x34 ./Core/Src/main.o
 .ARM.attributes
                0x0000000000000122       0x34 ./Core/Src/stm32f3xx_hal_msp.o
 .ARM.attributes
                0x0000000000000156       0x34 ./Core/Src/stm32f3xx_it.o
 .ARM.attributes
                0x000000000000018a       0x34 ./Core/Src/system_stm32f3xx.o
 .ARM.attributes
                0x00000000000001be       0x34 ./Core/Src/usbcan_main.o
 .ARM.attributes
                0x00000000000001f2       0x34 ./Core/Src/user_if.o
 .ARM.attributes
                0x0000000000000226       0x21 ./Core/Startup/startup_stm32f302cbtx.o
 .ARM.attributes
                0x0000000000000247       0x34 ./Drivers/STM32F3xx_HAL_Driver/Src/stm32f3xx_hal.o
 .ARM.attributes
                0x000000000000027b       0x34 ./Drivers/STM32F3xx_HAL_Driver/Src/stm32f3xx_hal_can.o
 .ARM.attributes
                0x00000000000002af       0x34 ./Drivers/STM32F3xx_HAL_Driver/Src/stm32f3xx_hal_cortex.o
 .ARM.attributes
                0x00000000000002e3       0x34 ./Drivers/STM32F3xx_HAL_Driver/Src/stm32f3xx_hal_gpio.o
 .ARM.attributes
                0x0000000000000317       0x34 ./Drivers/STM32F3xx_HAL_Driver/Src/stm32f3xx_hal_pcd.o
 .ARM.attributes
                0x000000000000034b       0x34 ./Drivers/STM32F3xx_HAL_Driver/Src/stm32f3xx_hal_pcd_ex.o
 .ARM.attributes
                0x000000000000037f       0x34 ./Drivers/STM32F3xx_HAL_Driver/Src/stm32f3xx_hal_rcc.o
 .ARM.attributes
                0x00000000000003b3       0x34 ./Drivers/STM32F3xx_HAL_Driver/Src/stm32f3xx_hal_rcc_ex.o
 .ARM.attributes
                0x00000000000003e7       0x34 ./Drivers/STM32F3xx_HAL_Driver/Src/stm32f3xx_ll_usb.o
 .ARM.attributes
                0x000000000000041b       0x34 ./Middlewares/ST/STM32_USB_Device_Library/Class/CDC/Src/usbd_cdc.o
 .ARM.attributes
                0x000000000000044f       0x34 ./Middlewares/ST/STM32_USB_Device_Library/Core/Src/usbd_core.o
 .ARM.attributes
                0x0000000000000483       0x34 ./Middlewares/ST/STM32_USB_Device_Library/Core/Src/usbd_ctlreq.o
 .ARM.attributes
                0x00000000000004b7       0x34 ./Middlewares/ST/STM32_USB_Device_Library/Core/Src/usbd_ioreq.o
 .ARM.attributes
                0x00000000000004eb       0x34 ./USB_DEVICE/App/usb_device.o
 .ARM.attributes
                0x000000000000051f       0x34 ./USB_DEVICE/App/usbd_cdc_if.o
 .ARM.attributes
                0x0000000000000553       0x34 ./USB_DEVICE/App/usbd_desc.o
 .ARM.attributes
                0x0000000000000587       0x34 ./USB_DEVICE/Target/usbd_conf.o
 .ARM.attributes
                0x00000000000005bb       0x34 C:/ST/STM32CubeIDE_1.14.0/STM32CubeIDE/plugins/com.st.stm32cube.ide.mcu.externaltools.gnu-tools-for-stm32.11.3.rel1.win32_1.1.100.202309141235/tools/bin/../lib/gcc/arm-none-eabi/11.3.1/../../../../arm-none-eabi/lib/thumb/v7e-m+fp/hard\libc_nano.a(libc_a-memset.o)
 .ARM.attributes
                0x00000000000005ef       0x34 C:/ST/STM32CubeIDE_1.14.0/STM32CubeIDE/plugins/com.st.stm32cube.ide.mcu.externaltools.gnu-tools-for-stm32.11.3.rel1.win32_1.1.100.202309141235/tools/bin/../lib/gcc/arm-none-eabi/11.3.1/../../../../arm-none-eabi/lib/thumb/v7e-m+fp/hard\libc_nano.a(libc_a-init.o)
 .ARM.attributes
                0x0000000000000623       0x1e C:/ST/STM32CubeIDE_1.14.0/STM32CubeIDE/plugins/com.st.stm32cube.ide.mcu.externaltools.gnu-tools-for-stm32.11.3.rel1.win32_1.1.100.202309141235/tools/bin/../lib/gcc/arm-none-eabi/11.3.1/thumb/v7e-m+fp/hard/crtn.o
OUTPUT(usbcan_fw_plus1.elf elf32-littlearm)
LOAD linker stubs
LOAD C:/ST/STM32CubeIDE_1.14.0/STM32CubeIDE/plugins/com.st.stm32cube.ide.mcu.externaltools.gnu-tools-for-stm32.11.3.rel1.win32_1.1.100.202309141235/tools/bin/../lib/gcc/arm-none-eabi/11.3.1/../../../../arm-none-eabi/lib/thumb/v7e-m+fp/hard\libc.a
LOAD C:/ST/STM32CubeIDE_1.14.0/STM32CubeIDE/plugins/com.st.stm32cube.ide.mcu.externaltools.gnu-tools-for-stm32.11.3.rel1.win32_1.1.100.202309141235/tools/bin/../lib/gcc/arm-none-eabi/11.3.1/../../../../arm-none-eabi/lib/thumb/v7e-m+fp/hard\libm.a
LOAD C:/ST/STM32CubeIDE_1.14.0/STM32CubeIDE/plugins/com.st.stm32cube.ide.mcu.externaltools.gnu-tools-for-stm32.11.3.rel1.win32_1.1.100.202309141235/tools/bin/../lib/gcc/arm-none-eabi/11.3.1/thumb/v7e-m+fp/hard\libgcc.a

.comment        0x0000000000000000       0x43
 .comment       0x0000000000000000       0x43 C:/ST/STM32CubeIDE_1.14.0/STM32CubeIDE/plugins/com.st.stm32cube.ide.mcu.externaltools.gnu-tools-for-stm32.11.3.rel1.win32_1.1.100.202309141235/tools/bin/../lib/gcc/arm-none-eabi/11.3.1/thumb/v7e-m+fp/hard/crtbegin.o
                                         0x44 (size before relaxing)
 .comment       0x0000000000000043       0x44 ./Core/Src/can_usb.o
 .comment       0x0000000000000043       0x44 ./Core/Src/cobs.o
 .comment       0x0000000000000043       0x44 ./Core/Src/led.o
 .comment       0x0000000000000043       0x44 ./Core/Src/main.o
 .comment       0x0000000000000043       0x44 ./Core/Src/stm32f3xx_hal_msp.o
 .comment       0x0000000000000043       0x44 ./Core/Src/stm32f3xx_it.o
 .comment       0x0000000000000043       0x44 ./Core/Src/system_stm32f3xx.o
 .comment       0x0000000000000043       0x44 ./Core/Src/usbcan_main.o
 .comment       0x0000000000000043       0x44 ./Core/Src/user_if.o
 .comment       0x0000000000000043       0x44 ./Drivers/STM32F3xx_HAL_Driver/Src/stm32f3xx_hal.o
 .comment       0x0000000000000043       0x44 ./Drivers/STM32F3xx_HAL_Driver/Src/stm32f3xx_hal_can.o
 .comment       0x0000000000000043       0x44 ./Drivers/STM32F3xx_HAL_Driver/Src/stm32f3xx_hal_cortex.o
 .comment       0x0000000000000043       0x44 ./Drivers/STM32F3xx_HAL_Driver/Src/stm32f3xx_hal_gpio.o
 .comment       0x0000000000000043       0x44 ./Drivers/STM32F3xx_HAL_Driver/Src/stm32f3xx_hal_pcd.o
 .comment       0x0000000000000043       0x44 ./Drivers/STM32F3xx_HAL_Driver/Src/stm32f3xx_hal_pcd_ex.o
 .comment       0x0000000000000043       0x44 ./Drivers/STM32F3xx_HAL_Driver/Src/stm32f3xx_hal_rcc.o
 .comment       0x0000000000000043       0x44 ./Drivers/STM32F3xx_HAL_Driver/Src/stm32f3xx_hal_rcc_ex.o
 .comment       0x0000000000000043       0x44 ./Drivers/STM32F3xx_HAL_Driver/Src/stm32f3xx_ll_usb.o
 .comment       0x0000000000000043       0x44 ./Middlewares/ST/STM32_USB_Device_Library/Class/CDC/Src/usbd_cdc.o
 .comment       0x0000000000000043       0x44 ./Middlewares/ST/STM32_USB_Device_Library/Core/Src/usbd_core.o
 .comment       0x0000000000000043       0x44 ./Middlewares/ST/STM32_USB_Device_Library/Core/Src/usbd_ctlreq.o
 .comment       0x0000000000000043       0x44 ./Middlewares/ST/STM32_USB_Device_Library/Core/Src/usbd_ioreq.o
 .comment       0x0000000000000043       0x44 ./USB_DEVICE/App/usb_device.o
 .comment       0x0000000000000043       0x44 ./USB_DEVICE/App/usbd_cdc_if.o
 .comment       0x0000000000000043       0x44 ./USB_DEVICE/App/usbd_desc.o
 .comment       0x0000000000000043       0x44 ./USB_DEVICE/Target/usbd_conf.o

.debug_frame    0x0000000000000000       0x4c
 .debug_frame   0x0000000000000000       0x20 C:/ST/STM32CubeIDE_1.14.0/STM32CubeIDE/plugins/com.st.stm32cube.ide.mcu.externaltools.gnu-tools-for-stm32.11.3.rel1.win32_1.1.100.202309141235/tools/bin/../lib/gcc/arm-none-eabi/11.3.1/../../../../arm-none-eabi/lib/thumb/v7e-m+fp/hard\libc_nano.a(libc_a-memset.o)
 .debug_frame   0x0000000000000020       0x2c C:/ST/STM32CubeIDE_1.14.0/STM32CubeIDE/plugins/com.st.stm32cube.ide.mcu.externaltools.gnu-tools-for-stm32.11.3.rel1.win32_1.1.100.202309141235/tools/bin/../lib/gcc/arm-none-eabi/11.3.1/../../../../arm-none-eabi/lib/thumb/v7e-m+fp/hard\libc_nano.a(libc_a-init.o)
